2026-09-08T05:05:58.9443935Z Current runner version: '2.337.0'
2026-09-08T05:05:58.9470422Z ##[group]Runner Image Provisioner
2026-09-08T05:05:58.9471238Z Hosted Compute Agent
2026-09-08T05:05:58.9471822Z Version: 20260819.586
2026-09-08T05:05:58.9472468Z Commit: 3cc4a88dfa507ef76119ad1bb3eccc6378bb2b76
2026-09-08T05:05:58.9473166Z Build Date: 2026-08-18T23:20:18Z
2026-09-08T05:05:58.9473889Z Worker ID: {7b06bd6a-9640-467a-88fe-495a9c737411}
2026-09-08T05:05:58.9474612Z Azure Region: westus
2026-09-08T05:05:58.9475157Z ##[endgroup]
2026-09-08T05:05:58.9476479Z ##[group]Operating System
2026-09-08T05:05:58.9477208Z Microsoft Windows Server 2025
2026-09-08T05:05:58.9477871Z 10.0.26100
2026-09-08T05:05:58.9478372Z Datacenter
2026-09-08T05:05:58.9478860Z ##[endgroup]
2026-09-08T05:05:58.9479517Z ##[group]Runner Image
2026-09-08T05:05:58.9480422Z Image: windows-2025-vs2026
2026-09-08T05:05:58.9481277Z Version: 20260824.214.3
2026-09-08T05:05:58.9482875Z Included Software: https://github.com/actions/runner-images/blob/win25-vs2026/20260824.214/images/windows/Windows2025-VS2026-Readme.md
2026-09-08T05:05:58.9484543Z Image Release: https://github.com/actions/runner-images/releases/tag/win25-vs2026%2F20260824.214
2026-09-08T05:05:58.9485545Z ##[endgroup]
2026-09-08T05:05:58.9486588Z ##[group]GITHUB_TOKEN Permissions
2026-09-08T05:05:58.9488439Z Contents: read
2026-09-08T05:05:58.9489077Z Metadata: read
2026-09-08T05:05:58.9489609Z ##[endgroup]
2026-09-08T05:05:58.9491607Z Secret source: Actions
2026-09-08T05:05:58.9492732Z Prepare workflow directory
2026-09-08T05:05:58.9868349Z Prepare all required actions
2026-09-08T05:05:58.9919316Z Getting action download info
2026-09-08T05:05:59.3264974Z Download action repository 'actions/checkout@11bd71901bbe5b1630ceea73d27597364c9af683' (SHA:11bd71901bbe5b1630ceea73d27597364c9af683)
2026-09-08T05:05:59.4496881Z Download action repository 'actions/setup-node@49933ea5288caeca8642d1e84afbd3f7d6820020' (SHA:49933ea5288caeca8642d1e84afbd3f7d6820020)
2026-09-08T05:05:59.7670748Z Uses: olu37776-bit/-ai-software-engineering-os/.github/workflows/quality.yml@refs/pull/92/merge (eb9203541e1f8e39a2eddc5d65724cf8769ec5a0)
2026-09-08T05:05:59.7675833Z ##[group] Inputs
2026-09-08T05:05:59.7676453Z   target_sha: b79fd28ab8e9e761936cf88ae5524625ef86d904
2026-09-08T05:05:59.7677081Z ##[endgroup]
2026-09-08T05:05:59.7677620Z Complete job name: required-quality / qualify (windows-x64)
2026-09-08T05:05:59.9140725Z Node 20 is being deprecated. This workflow is running with Node 24 by default. If you need to temporarily use Node 20, you can set the ACTIONS_ALLOW_USE_UNSECURE_NODE_VERSION=true environment variable. For more information see: https://github.blog/changelog/2025-09-19-deprecation-of-node-20-on-github-actions-runners/
2026-09-08T05:05:59.9151782Z ##[group]Run actions/checkout@11bd71901bbe5b1630ceea73d27597364c9af683
2026-09-08T05:05:59.9152704Z with:
2026-09-08T05:05:59.9153145Z   ref: b79fd28ab8e9e761936cf88ae5524625ef86d904
2026-09-08T05:05:59.9153694Z   fetch-depth: 0
2026-09-08T05:05:59.9154236Z   repository: olu37776-bit/-ai-software-engineering-os
2026-09-08T05:05:59.9158172Z   token: ***
2026-09-08T05:05:59.9158574Z   ssh-strict: true
2026-09-08T05:05:59.9158974Z   ssh-user: git
2026-09-08T05:05:59.9159409Z   persist-credentials: true
2026-09-08T05:05:59.9159875Z   clean: true
2026-09-08T05:05:59.9160296Z   sparse-checkout-cone-mode: true
2026-09-08T05:05:59.9160823Z   fetch-tags: false
2026-09-08T05:05:59.9161238Z   show-progress: true
2026-09-08T05:05:59.9161648Z   lfs: false
2026-09-08T05:05:59.9162028Z   submodules: false
2026-09-08T05:05:59.9162444Z   set-safe-directory: true
2026-09-08T05:05:59.9163115Z ##[endgroup]
2026-09-08T05:06:00.0747189Z Syncing repository: olu37776-bit/-ai-software-engineering-os
2026-09-08T05:06:00.0749220Z ##[group]Getting Git version info
2026-09-08T05:06:00.0750076Z Working directory is 'D:\a\-ai-software-engineering-os\-ai-software-engineering-os'
2026-09-08T05:06:00.1853124Z [command]"C:\Program Files\Git\bin\git.exe" version
2026-09-08T05:06:00.5534354Z git version 2.55.0.windows.5
2026-09-08T05:06:00.5581637Z ##[endgroup]
2026-09-08T05:06:00.5601938Z Temporarily overriding HOME='D:\a\_temp\f1af5364-5294-4bd3-891e-15f1367f44c9' before making global git config changes
2026-09-08T05:06:00.5603932Z Adding repository directory to the temporary git global config as a safe directory
2026-09-08T05:06:00.5613894Z [command]"C:\Program Files\Git\bin\git.exe" config --global --add safe.directory D:\a\-ai-software-engineering-os\-ai-software-engineering-os
2026-09-08T05:06:00.6185622Z Deleting the contents of 'D:\a\-ai-software-engineering-os\-ai-software-engineering-os'
2026-09-08T05:06:00.6192057Z ##[group]Initializing the repository
2026-09-08T05:06:00.6200477Z [command]"C:\Program Files\Git\bin\git.exe" init D:\a\-ai-software-engineering-os\-ai-software-engineering-os
2026-09-08T05:06:00.7037632Z Initialized empty Git repository in D:/a/-ai-software-engineering-os/-ai-software-engineering-os/.git/
2026-09-08T05:06:00.7081607Z [command]"C:\Program Files\Git\bin\git.exe" remote add origin https://github.com/olu37776-bit/-ai-software-engineering-os
2026-09-08T05:06:00.7755186Z ##[endgroup]
2026-09-08T05:06:00.7757847Z ##[group]Disabling automatic garbage collection
2026-09-08T05:06:00.7765878Z [command]"C:\Program Files\Git\bin\git.exe" config --local gc.auto 0
2026-09-08T05:06:00.8060030Z ##[endgroup]
2026-09-08T05:06:00.8061644Z ##[group]Setting up auth
2026-09-08T05:06:00.8071631Z [command]"C:\Program Files\Git\bin\git.exe" config --local --name-only --get-regexp core\.sshCommand
2026-09-08T05:06:00.8360088Z [command]"C:\Program Files\Git\bin\git.exe" submodule foreach --recursive "sh -c \"git config --local --name-only --get-regexp 'core\.sshCommand' && git config --local --unset-all 'core.sshCommand' || :\""
2026-09-08T05:06:02.1784031Z [command]"C:\Program Files\Git\bin\git.exe" config --local --name-only --get-regexp http\.https\:\/\/github\.com\/\.extraheader
2026-09-08T05:06:02.2075448Z [command]"C:\Program Files\Git\bin\git.exe" submodule foreach --recursive "sh -c \"git config --local --name-only --get-regexp 'http\.https\:\/\/github\.com\/\.extraheader' && git config --local --unset-all 'http.https://github.com/.extraheader' || :\""
2026-09-08T05:06:02.7271183Z [command]"C:\Program Files\Git\bin\git.exe" config --local http.https://github.com/.extraheader "AUTHORIZATION: basic ***"
2026-09-08T05:06:02.7632840Z ##[endgroup]
2026-09-08T05:06:02.7634107Z ##[group]Fetching the repository
2026-09-08T05:06:02.7635691Z [command]"C:\Program Files\Git\bin\git.exe" -c protocol.version=2 fetch --prune --no-recurse-submodules origin +refs/heads/*:refs/remotes/origin/* +refs/tags/*:refs/tags/*
2026-09-08T05:06:04.1061324Z From https://github.com/olu37776-bit/-ai-software-engineering-os
2026-09-08T05:06:04.1062591Z  * [new branch]      diagnostic/issue-53-prettier-output -> origin/diagnostic/issue-53-prettier-output
2026-09-08T05:06:04.1063975Z  * [new branch]      docs/coverage-loop-redesign-20260908 -> origin/docs/coverage-loop-redesign-20260908
2026-09-08T05:06:04.1065684Z  * [new branch]      docs/knowledge-reconstruction-design-v1-20260908 -> origin/docs/knowledge-reconstruction-design-v1-20260908
2026-09-08T05:06:04.1067353Z  * [new branch]      docs/learning-feedback-rebaseline-20260908 -> origin/docs/learning-feedback-rebaseline-20260908
2026-09-08T05:06:04.1068380Z  * [new branch]      gate/p1-o04-final-scope-authority-amendment-issue-41 -> origin/gate/p1-o04-final-scope-authority-amendment-issue-41
2026-09-08T05:06:04.1069648Z  * [new branch]      gate/p1-o04-final-scope-authority-amendment-issue-44 -> origin/gate/p1-o04-final-scope-authority-amendment-issue-44
2026-09-08T05:06:04.1070688Z  * [new branch]      gate/p1-o04-final-scope-authority-amendment-issue-48 -> origin/gate/p1-o04-final-scope-authority-amendment-issue-48
2026-09-08T05:06:04.1072288Z  * [new branch]      gate/p1-o04-resume-after-issue-29-final-amendment-issue-48 -> origin/gate/p1-o04-resume-after-issue-29-final-amendment-issue-48
2026-09-08T05:06:04.1074982Z  * [new branch]      gate/p1-o04-transition-enforcement-issue-29 -> origin/gate/p1-o04-transition-enforcement-issue-29
2026-09-08T05:06:04.1075856Z  * [new branch]      gate/p1-o05-start-after-issue-53-independent -> origin/gate/p1-o05-start-after-issue-53-independent
2026-09-08T05:06:04.1076765Z  * [new branch]      gate/p1-o05-transition-authorization-issue-53 -> origin/gate/p1-o05-transition-authorization-issue-53
2026-09-08T05:06:04.1077721Z  * [new branch]      gate/p1-o06-governance-amendment-authorization-issue-64 -> origin/gate/p1-o06-governance-amendment-authorization-issue-64
2026-09-08T05:06:04.1078710Z  * [new branch]      gate/p1-o06-start-after-issue-64-independent -> origin/gate/p1-o06-start-after-issue-64-independent
2026-09-08T05:06:04.1079726Z  * [new branch]      gate/p1-o07-governance-amendment-authorization-issue-71 -> origin/gate/p1-o07-governance-amendment-authorization-issue-71
2026-09-08T05:06:04.1080740Z  * [new branch]      gate/p1-o07-start-after-issue-71-independent -> origin/gate/p1-o07-start-after-issue-71-independent
2026-09-08T05:06:04.1081544Z  * [new branch]      governance/issue-11-independent-gate -> origin/governance/issue-11-independent-gate
2026-09-08T05:06:04.1082282Z  * [new branch]      governance/issue-14-authorization-gate -> origin/governance/issue-14-authorization-gate
2026-09-08T05:06:04.1082996Z  * [new branch]      governance/m0-final-gate -> origin/governance/m0-final-gate
2026-09-08T05:06:04.1083921Z  * [new branch]      governance/p1-execution-scope-amendment -> origin/governance/p1-execution-scope-amendment
2026-09-08T05:06:04.1085053Z  * [new branch]      governance/p1-o01-independent-gate -> origin/governance/p1-o01-independent-gate
2026-09-08T05:06:04.1085822Z  * [new branch]      governance/p1-o02-resume-after-issue-14 -> origin/governance/p1-o02-resume-after-issue-14
2026-09-08T05:06:04.1086586Z  * [new branch]      governance/p1-o02-resume-after-issue-21 -> origin/governance/p1-o02-resume-after-issue-21
2026-09-08T05:06:04.1087411Z  * [new branch]      governance/p1-o02-resume-after-issue-24 -> origin/governance/p1-o02-resume-after-issue-24
2026-09-08T05:06:04.1088376Z  * [new branch]      governance/p1-o02-root-integration-scope-amendment -> origin/governance/p1-o02-root-integration-scope-amendment
2026-09-08T05:06:04.1090067Z  * [new branch]      governance/p1-o04-final-scope-authority-amendment-issue-41 -> origin/governance/p1-o04-final-scope-authority-amendment-issue-41
2026-09-08T05:06:04.1091261Z  * [new branch]      governance/p1-o04-final-scope-authority-amendment-issue-44 -> origin/governance/p1-o04-final-scope-authority-amendment-issue-44
2026-09-08T05:06:04.1092885Z  * [new branch]      governance/p1-o04-final-scope-authority-amendment-issue-48 -> origin/governance/p1-o04-final-scope-authority-amendment-issue-48
2026-09-08T05:06:04.1094225Z  * [new branch]      governance/p1-o04-transition-enforcement-issue-29 -> origin/governance/p1-o04-transition-enforcement-issue-29
2026-09-08T05:06:04.1095512Z  * [new branch]      governance/p1-o04-transition-enforcement-scope-amendment -> origin/governance/p1-o04-transition-enforcement-scope-amendment
2026-09-08T05:06:04.1097037Z  * [new branch]      governance/p1-o05-scope-authority-amendment-issue-53 -> origin/governance/p1-o05-scope-authority-amendment-issue-53
2026-09-08T05:06:04.1098051Z  * [new branch]      governance/p1-o06-scope-authority-amendment-issue-64 -> origin/governance/p1-o06-scope-authority-amendment-issue-64
2026-09-08T05:06:04.1099041Z  * [new branch]      governance/p1-o07-scope-authority-amendment-issue-71 -> origin/governance/p1-o07-scope-authority-amendment-issue-71
2026-09-08T05:06:04.1099852Z  * [new branch]      governance/phase-1-entry-gate -> origin/governance/phase-1-entry-gate
2026-09-08T05:06:04.1100365Z  * [new branch]      main       -> origin/main
2026-09-08T05:06:04.1100919Z  * [new branch]      phase-1/issue-11-transition-remediation -> origin/phase-1/issue-11-transition-remediation
2026-09-08T05:06:04.1102043Z  * [new branch]      phase-1/p1-o01-authority-owner-test-remediation-issue-44 -> origin/phase-1/p1-o01-authority-owner-test-remediation-issue-44
2026-09-08T05:06:04.1103786Z  * [new branch]      phase-1/p1-o01-base-exact-merge-execution-issue-37 -> origin/phase-1/p1-o01-base-exact-merge-execution-issue-37
2026-09-08T05:06:04.1104697Z  * [new branch]      phase-1/p1-o01-governance-amendment-mode -> origin/phase-1/p1-o01-governance-amendment-mode
2026-09-08T05:06:04.1105569Z  * [new branch]      phase-1/p1-o01-issue29-final-gate-recovery-issue-39 -> origin/phase-1/p1-o01-issue29-final-gate-recovery-issue-39
2026-09-08T05:06:04.1106502Z  * [new branch]      phase-1/p1-o01-issue33-evidence-correction-issue-35 -> origin/phase-1/p1-o01-issue33-evidence-correction-issue-35
2026-09-08T05:06:04.1107413Z  * [new branch]      phase-1/p1-o01-lf-c1-entry-preparation-issue-95 -> origin/phase-1/p1-o01-lf-c1-entry-preparation-issue-95
2026-09-08T05:06:04.1108337Z  * [new branch]      phase-1/p1-o01-p1-o04-transition-enforcement-issue-29 -> origin/phase-1/p1-o01-p1-o04-transition-enforcement-issue-29
2026-09-08T05:06:04.1109315Z  * [new branch]      phase-1/p1-o01-p1-o05-start-gate-enforcement-issue-53 -> origin/phase-1/p1-o01-p1-o05-start-gate-enforcement-issue-53
2026-09-08T05:06:04.1110284Z  * [new branch]      phase-1/p1-o01-p1-o05-transition-enforcement-issue-53 -> origin/phase-1/p1-o01-p1-o05-transition-enforcement-issue-53
2026-09-08T05:06:04.1111246Z  * [new branch]      phase-1/p1-o01-p1-o06-start-gate-enforcement-issue-64 -> origin/phase-1/p1-o01-p1-o06-start-gate-enforcement-issue-64
2026-09-08T05:06:04.1112579Z  * [new branch]      phase-1/p1-o01-p1-o07-start-gate-enforcement-issue-71 -> origin/phase-1/p1-o01-p1-o07-start-gate-enforcement-issue-71
2026-09-08T05:06:04.1113602Z  * [new branch]      phase-1/p1-o01-post-merge-qualification-dispatch-issue-33 -> origin/phase-1/p1-o01-post-merge-qualification-dispatch-issue-33
2026-09-08T05:06:04.1114553Z  * [new branch]      phase-1/p1-o01-review-remediation-issue-82 -> origin/phase-1/p1-o01-review-remediation-issue-82
2026-09-08T05:06:04.1115498Z  * [new branch]      phase-1/p1-o01-toolchain-foundation -> origin/phase-1/p1-o01-toolchain-foundation
2026-09-08T05:06:04.1116365Z  * [new branch]      phase-1/p1-o01-toolchain-topology-verifier -> origin/phase-1/p1-o01-toolchain-topology-verifier
2026-09-08T05:06:04.1117470Z  * [new branch]      phase-1/p1-o01-toolchain-transition-remediation-issue-24 -> origin/phase-1/p1-o01-toolchain-transition-remediation-issue-24
2026-09-08T05:06:04.1118369Z  * [new branch]      phase-1/p1-o02-contract-foundation -> origin/phase-1/p1-o02-contract-foundation
2026-09-08T05:06:04.1119126Z  * [new branch]      phase-1/p1-o02-contract-foundation-resume-3 -> origin/phase-1/p1-o02-contract-foundation-resume-3
2026-09-08T05:06:04.1119933Z  * [new branch]      phase-1/p1-o02-review-remediation-issue-82 -> origin/phase-1/p1-o02-review-remediation-issue-82
2026-09-08T05:06:04.1120962Z  * [new branch]      phase-1/p1-o02-windows-example-suite-copy-remediation-issue-64 -> origin/phase-1/p1-o02-windows-example-suite-copy-remediation-issue-64
2026-09-08T05:06:04.1121943Z  * [new branch]      phase-1/p1-o03-architecture-enforcement -> origin/phase-1/p1-o03-architecture-enforcement
2026-09-08T05:06:04.1122718Z  * [new branch]      phase-1/p1-o03-review-remediation-issue-82 -> origin/phase-1/p1-o03-review-remediation-issue-82
2026-09-08T05:06:04.1123480Z  * [new branch]      phase-1/p1-o04-deterministic-policy -> origin/phase-1/p1-o04-deterministic-policy
2026-09-08T05:06:04.1124222Z  * [new branch]      phase-1/p1-o04-review-remediation-issue-82 -> origin/phase-1/p1-o04-review-remediation-issue-82
2026-09-08T05:06:04.1125004Z  * [new branch]      phase-1/p1-o05-node-sqlite-qualification -> origin/phase-1/p1-o05-node-sqlite-qualification
2026-09-08T05:06:04.1125911Z  * [new branch]      phase-1/p1-o05-node-sqlite-qualification-resume-issue-60 -> origin/phase-1/p1-o05-node-sqlite-qualification-resume-issue-60
2026-09-08T05:06:04.1126829Z  * [new branch]      phase-1/p1-o05-review-remediation-issue-82 -> origin/phase-1/p1-o05-review-remediation-issue-82
2026-09-08T05:06:04.1128124Z  * [new branch]      phase-1/p1-o06-authenticated-loopback-control-api-issue-64 -> origin/phase-1/p1-o06-authenticated-loopback-control-api-issue-64
2026-09-08T05:06:04.1129090Z  * [new branch]      phase-1/p1-o06-review-remediation-issue-82 -> origin/phase-1/p1-o06-review-remediation-issue-82
2026-09-08T05:06:04.1129877Z  * [new branch]      phase-1/p1-o07-review-remediation-issue-82 -> origin/phase-1/p1-o07-review-remediation-issue-82
2026-09-08T05:06:04.1130872Z  * [new branch]      phase-1/p1-o07-windows-process-restricted-qualification-issue-71 -> origin/phase-1/p1-o07-windows-process-restricted-qualification-issue-71
2026-09-08T05:06:04.1131730Z  * [new branch]      phase-1/p1-o08-packaging -> origin/phase-1/p1-o08-packaging
2026-09-08T05:06:04.1132742Z  * [new branch]      phase-1/p1-o08-review-remediation-issue-82 -> origin/phase-1/p1-o08-review-remediation-issue-82
2026-09-08T05:06:04.1133476Z  * [new branch]      phase-1/p1-o09-integrated-gate -> origin/phase-1/p1-o09-integrated-gate
2026-09-08T05:06:04.1134134Z  * [new branch]      phase-1/p1-o09-review-plan-issue-82 -> origin/phase-1/p1-o09-review-plan-issue-82
2026-09-08T05:06:04.1134824Z  * [new branch]      remediation/m0-governance-hardening -> origin/remediation/m0-governance-hardening
2026-09-08T05:06:04.1136053Z  * [new branch]      remediation/m0-preimplementation-governance -> origin/remediation/m0-preimplementation-governance
2026-09-08T05:06:04.1137556Z  * [new branch]      remediation/p1-o06-windows-acl-native -> origin/remediation/p1-o06-windows-acl-native
2026-09-08T05:06:04.1139521Z  * [new branch]      transition/p1-o02-dynamic-contract-qualification-issue-60 -> origin/transition/p1-o02-dynamic-contract-qualification-issue-60
2026-09-08T05:06:04.1142195Z [command]"C:\Program Files\Git\bin\git.exe" rev-parse --verify --quiet b79fd28ab8e9e761936cf88ae5524625ef86d904^{object}
2026-09-08T05:06:04.1493557Z b79fd28ab8e9e761936cf88ae5524625ef86d904
2026-09-08T05:06:04.1522951Z ##[endgroup]
2026-09-08T05:06:04.1523383Z ##[group]Determining the checkout info
2026-09-08T05:06:04.1524967Z ##[endgroup]
2026-09-08T05:06:04.1533341Z [command]"C:\Program Files\Git\bin\git.exe" sparse-checkout disable
2026-09-08T05:06:04.1928284Z [command]"C:\Program Files\Git\bin\git.exe" config --local --unset-all extensions.worktreeConfig
2026-09-08T05:06:04.2211809Z ##[group]Checking out the ref
2026-09-08T05:06:04.2221258Z [command]"C:\Program Files\Git\bin\git.exe" checkout --progress --force b79fd28ab8e9e761936cf88ae5524625ef86d904
2026-09-08T05:06:04.4063188Z Note: switching to 'b79fd28ab8e9e761936cf88ae5524625ef86d904'.
2026-09-08T05:06:04.4063794Z 
2026-09-08T05:06:04.4064218Z You are in 'detached HEAD' state. You can look around, make experimental
2026-09-08T05:06:04.4065175Z changes and commit them, and you can discard any commits you make in this
2026-09-08T05:06:04.4065753Z state without impacting any branches by switching back to a branch.
2026-09-08T05:06:04.4066129Z 
2026-09-08T05:06:04.4066342Z If you want to create a new branch to retain commits you create, you may
2026-09-08T05:06:04.4066835Z do so (now or later) by using -c with the switch command. Example:
2026-09-08T05:06:04.4067122Z 
2026-09-08T05:06:04.4067257Z   git switch -c <new-branch-name>
2026-09-08T05:06:04.4067461Z 
2026-09-08T05:06:04.4067586Z Or undo this operation with:
2026-09-08T05:06:04.4067769Z 
2026-09-08T05:06:04.4067864Z   git switch -
2026-09-08T05:06:04.4068005Z 
2026-09-08T05:06:04.4068230Z Turn off this advice by setting config variable advice.detachedHead to false
2026-09-08T05:06:04.4068558Z 
2026-09-08T05:06:04.4068855Z HEAD is now at b79fd28 Merge qualified protected main into P1-O08 Issue 82 remediation
2026-09-08T05:06:04.4567871Z ##[endgroup]
2026-09-08T05:06:04.4580856Z [command]"C:\Program Files\Git\bin\git.exe" log -1 --format=%H
2026-09-08T05:06:04.4910862Z b79fd28ab8e9e761936cf88ae5524625ef86d904
2026-09-08T05:06:04.5438907Z Node 20 is being deprecated. This workflow is running with Node 24 by default. If you need to temporarily use Node 20, you can set the ACTIONS_ALLOW_USE_UNSECURE_NODE_VERSION=true environment variable. For more information see: https://github.blog/changelog/2025-09-19-deprecation-of-node-20-on-github-actions-runners/
2026-09-08T05:06:04.5440980Z ##[group]Run actions/setup-node@49933ea5288caeca8642d1e84afbd3f7d6820020
2026-09-08T05:06:04.5441335Z with:
2026-09-08T05:06:04.5441514Z   node-version: 24.19.0
2026-09-08T05:06:04.5441709Z   check-latest: false
2026-09-08T05:06:04.5441897Z   always-auth: false
2026-09-08T05:06:04.5444442Z   token: ***
2026-09-08T05:06:04.5444627Z ##[endgroup]
2026-09-08T05:06:04.7231197Z Found in cache @ C:\hostedtoolcache\windows\node\24.19.0\x64
2026-09-08T05:06:04.7238179Z (node:5836) [DEP0040] DeprecationWarning: The `punycode` module is deprecated. Please use a userland alternative instead.
2026-09-08T05:06:04.7238938Z (Use `node --trace-deprecation ...` to show where the warning was created)
2026-09-08T05:06:04.7241256Z ##[group]Environment details
2026-09-08T05:06:09.1236467Z node: v24.19.0
2026-09-08T05:06:09.1236915Z npm: 11.17.0
2026-09-08T05:06:09.1237194Z yarn: 1.22.22
2026-09-08T05:06:09.1238086Z ##[endgroup]
2026-09-08T05:06:09.1536389Z ##[group]Run python -m pip install --disable-pip-version-check --no-input "jsonschema==4.25.1" "referencing==0.36.2"
2026-09-08T05:06:09.1537318Z [36;1mpython -m pip install --disable-pip-version-check --no-input "jsonschema==4.25.1" "referencing==0.36.2"[0m
2026-09-08T05:06:09.3567476Z shell: C:\Program Files\PowerShell\7\pwsh.EXE -command ". '{0}'"
2026-09-08T05:06:09.3567865Z ##[endgroup]
2026-09-08T05:06:14.0700698Z Collecting jsonschema==4.25.1
2026-09-08T05:06:14.2915406Z   Downloading jsonschema-4.25.1-py3-none-any.whl.metadata (7.6 kB)
2026-09-08T05:06:14.3841769Z Collecting referencing==0.36.2
2026-09-08T05:06:14.4008133Z   Downloading referencing-0.36.2-py3-none-any.whl.metadata (2.8 kB)
2026-09-08T05:06:14.4664026Z Collecting attrs>=22.2.0 (from jsonschema==4.25.1)
2026-09-08T05:06:14.4790511Z   Downloading attrs-26.1.0-py3-none-any.whl.metadata (8.8 kB)
2026-09-08T05:06:14.5495172Z Collecting jsonschema-specifications>=2023.03.6 (from jsonschema==4.25.1)
2026-09-08T05:06:14.5628257Z   Downloading jsonschema_specifications-2025.9.1-py3-none-any.whl.metadata (2.9 kB)
2026-09-08T05:06:14.9676803Z Collecting rpds-py>=0.7.1 (from jsonschema==4.25.1)
2026-09-08T05:06:14.9839884Z   Downloading rpds_py-2026.6.3-cp312-cp312-win_amd64.whl.metadata (4.2 kB)
2026-09-08T05:06:15.0781495Z Collecting typing-extensions>=4.4.0 (from referencing==0.36.2)
2026-09-08T05:06:15.0913305Z   Downloading typing_extensions-4.16.0-py3-none-any.whl.metadata (3.3 kB)
2026-09-08T05:06:15.1259049Z Downloading jsonschema-4.25.1-py3-none-any.whl (90 kB)
2026-09-08T05:06:15.1777733Z Downloading referencing-0.36.2-py3-none-any.whl (26 kB)
2026-09-08T05:06:15.2076389Z Downloading attrs-26.1.0-py3-none-any.whl (67 kB)
2026-09-08T05:06:15.2451596Z Downloading jsonschema_specifications-2025.9.1-py3-none-any.whl (18 kB)
2026-09-08T05:06:15.2771998Z Downloading rpds_py-2026.6.3-cp312-cp312-win_amd64.whl (220 kB)
2026-09-08T05:06:15.3390445Z Downloading typing_extensions-4.16.0-py3-none-any.whl (45 kB)
2026-09-08T05:06:15.6475757Z Installing collected packages: typing-extensions, rpds-py, attrs, referencing, jsonschema-specifications, jsonschema
2026-09-08T05:06:16.1442230Z 
2026-09-08T05:06:16.1462482Z Successfully installed attrs-26.1.0 jsonschema-4.25.1 jsonschema-specifications-2025.9.1 referencing-0.36.2 rpds-py-2026.6.3 typing-extensions-4.16.0
2026-09-08T05:06:16.3583400Z ##[group]Run corepack enable
2026-09-08T05:06:16.3583765Z [36;1mcorepack enable[0m
2026-09-08T05:06:16.3584050Z [36;1mcorepack install --global pnpm@11.24.0[0m
2026-09-08T05:06:16.3682806Z shell: C:\Program Files\PowerShell\7\pwsh.EXE -command ". '{0}'"
2026-09-08T05:06:16.3683164Z ##[endgroup]
2026-09-08T05:06:16.9042315Z Installing pnpm@11.24.0...
2026-09-08T05:06:21.2052269Z ##[group]Run pnpm install --frozen-lockfile
2026-09-08T05:06:21.2052751Z [36;1mpnpm install --frozen-lockfile[0m
2026-09-08T05:06:21.2153883Z shell: C:\Program Files\PowerShell\7\pwsh.EXE -command ". '{0}'"
2026-09-08T05:06:21.2154240Z ##[endgroup]
2026-09-08T05:06:22.5938401Z Scope: all 9 workspace projects
2026-09-08T05:06:22.7578912Z ? Verifying lockfile against supply-chain policies (407 entries)...
2026-09-08T05:06:22.7712722Z Lockfile is up to date, resolution step is skipped
2026-09-08T05:06:22.9169782Z Progress: resolved 1, reused 0, downloaded 0, added 0
2026-09-08T05:06:23.0175212Z Packages: +382
2026-09-08T05:06:23.0177294Z ++++++++++++++++++++++++++++++++++++++++++++++++++++++++++++++++++++++++++++++++
2026-09-08T05:06:23.9197137Z Progress: resolved 382, reused 0, downloaded 0, added 0
2026-09-08T05:06:24.9424908Z Progress: resolved 382, reused 0, downloaded 21, added 0
2026-09-08T05:06:25.7533275Z Packages are hard linked from the content-addressable store to the virtual store.
2026-09-08T05:06:25.7535735Z   Content-addressable store is at: D:\.pnpm-store\v11
2026-09-08T05:06:25.7536520Z   Virtual store is at:             node_modules/.pnpm
2026-09-08T05:06:25.9406002Z Progress: resolved 382, reused 0, downloaded 73, added 4
2026-09-08T05:06:26.9629380Z Progress: resolved 382, reused 0, downloaded 142, added 8
2026-09-08T05:06:27.8542816Z ✓ Lockfile passes supply-chain policies (407 entries in 5s)
2026-09-08T05:06:27.9640872Z Progress: resolved 382, reused 0, downloaded 196, added 11
2026-09-08T05:06:28.9785952Z Progress: resolved 382, reused 0, downloaded 381, added 32
2026-09-08T05:06:29.9793098Z Progress: resolved 382, reused 0, downloaded 382, added 220
2026-09-08T05:06:30.4090478Z Progress: resolved 382, reused 0, downloaded 382, added 382, done
2026-09-08T05:06:30.8289666Z .../node_modules/protobufjs postinstall$ node scripts/postinstall
2026-09-08T05:06:30.9209680Z .../node_modules/protobufjs postinstall: Done
2026-09-08T05:06:30.9585147Z [WARN] Failed to create bin at D:\a\-ai-software-engineering-os\-ai-software-engineering-os\node_modules\.bin\aseos-worker. ENOENT: no such file or directory, stat 'D:\a\-ai-software-engineering-os\-ai-software-engineering-os\apps\worker\dist\main.js.EXE'
2026-09-08T05:06:31.0136344Z 
2026-09-08T05:06:31.0136857Z dependencies:
2026-09-08T05:06:31.0137255Z + @aseos/contracts 0.1.0 <- packages\contracts
2026-09-08T05:06:31.0137643Z + @aseos/persistence 0.1.0 <- packages\persistence
2026-09-08T05:06:31.0138004Z + @aseos/platform 0.1.0 <- packages\platform
2026-09-08T05:06:31.0138338Z + @aseos/policy 0.1.0 <- packages\policy
2026-09-08T05:06:31.0138879Z + @aseos/windows-process-restricted 0.1.0 <- packages\adapters\tool\windows-process-restricted
2026-09-08T05:06:31.0139388Z + @aseos/worker 0.1.0 <- apps\worker
2026-09-08T05:06:31.0139563Z 
2026-09-08T05:06:31.0139644Z devDependencies:
2026-09-08T05:06:31.0139848Z + @eslint/js 10.0.1
2026-09-08T05:06:31.0140095Z + @opentelemetry/sdk-node 0.221.0
2026-09-08T05:06:31.0140419Z + @stryker-mutator/core 10.0.0
2026-09-08T05:06:31.0140783Z + @stryker-mutator/typescript-checker 10.0.0
2026-09-08T05:06:31.0141423Z + @stryker-mutator/vitest-runner 10.0.0
2026-09-08T05:06:31.0141949Z + @types/node 24.13.3
2026-09-08T05:06:31.0142474Z + ajv 8.20.0
2026-09-08T05:06:31.0142782Z + dependency-cruiser 18.2.0
2026-09-08T05:06:31.0143124Z + eslint 10.9.1
2026-09-08T05:06:31.0143435Z + fast-check 4.9.0
2026-09-08T05:06:31.0143739Z + prettier 3.9.6
2026-09-08T05:06:31.0144129Z + typescript 6.0.3
2026-09-08T05:06:31.0144465Z + typescript-eslint 8.68.0
2026-09-08T05:06:31.0144810Z + vitest 4.1.11
2026-09-08T05:06:31.0144985Z 
2026-09-08T05:06:31.0304843Z [WARN] Failed to create bin at D:\a\-ai-software-engineering-os\-ai-software-engineering-os\node_modules\.bin\aseos-worker. ENOENT: no such file or directory, stat 'D:\a\-ai-software-engineering-os\-ai-software-engineering-os\node_modules\@aseos\worker\dist\main.js.EXE'
2026-09-08T05:06:31.0727636Z Done in 9.4s using pnpm v11.24.0
2026-09-08T05:06:31.1975308Z ##[group]Run pnpm run verify:versions
2026-09-08T05:06:31.1975856Z [36;1mpnpm run verify:versions[0m
2026-09-08T05:06:31.2120356Z shell: C:\Program Files\PowerShell\7\pwsh.EXE -command ". '{0}'"
2026-09-08T05:06:31.2120707Z ##[endgroup]
2026-09-08T05:06:32.2224563Z $ node scripts/toolchain/verify-versions.mjs
2026-09-08T05:06:33.6041601Z {
2026-09-08T05:06:33.6042191Z   "schemaVersion": "1.0.0",
2026-09-08T05:06:33.6042845Z   "check": "BUILD_VERSION_CONSISTENCY",
2026-09-08T05:06:33.6043459Z   "result": "PASS",
2026-09-08T05:06:33.6043944Z   "actual": {
2026-09-08T05:06:33.6044394Z     "node": "24.19.0",
2026-09-08T05:06:33.6044872Z     "pnpm": "11.24.0",
2026-09-08T05:06:33.6045350Z     "typescript": "6.0.3"
2026-09-08T05:06:33.6045797Z   },
2026-09-08T05:06:33.6046515Z   "lockfileSha256": "29ed28951e114220bc2d7fc8c72220138ce8956639c7190fcfa0aeb6e99264d8",
2026-09-08T05:06:33.6047376Z   "packageManager": "pnpm@11.24.0"
2026-09-08T05:06:33.6047896Z }
2026-09-08T05:06:33.7101616Z ##[group]Run pnpm run verify:scope
2026-09-08T05:06:33.7102166Z [36;1mpnpm run verify:scope[0m
2026-09-08T05:06:33.7272610Z shell: C:\Program Files\PowerShell\7\pwsh.EXE -command ". '{0}'"
2026-09-08T05:06:33.7273204Z env:
2026-09-08T05:06:33.7273610Z   PHASE1_SCOPE_BASE: 96051e9aa26b80decb410a411dfb7fbd0981714d
2026-09-08T05:06:33.7274338Z   PHASE1_SCOPE_BRANCH: phase-1/p1-o08-review-remediation-issue-82
2026-09-08T05:06:33.7274974Z   PHASE1_SCOPE_EVENT: pull_request
2026-09-08T05:06:33.7275899Z   PHASE1_SCOPE_HEAD: b79fd28ab8e9e761936cf88ae5524625ef86d904
2026-09-08T05:06:33.7276448Z ##[endgroup]
2026-09-08T05:06:34.6820240Z $ node scripts/toolchain/verify-scope.mjs
2026-09-08T05:06:35.1266748Z {
2026-09-08T05:06:35.1267070Z   "schemaVersion": "1.0.0",
2026-09-08T05:06:35.1267443Z   "check": "PHASE1_OPERATION_AWARE_WRITE_SCOPE",
2026-09-08T05:06:35.1267758Z   "result": "PASS",
2026-09-08T05:06:35.1268008Z   "mode": "OPERATION_EXECUTION",
2026-09-08T05:06:35.1268801Z   "operationId": "P1-O08",
2026-09-08T05:06:35.1269583Z   "executionRecord": "operations/phase-1/executions/p1-o08-review-remediation-issue-82.json",
2026-09-08T05:06:35.1270501Z   "baseCommit": "96051e9aa26b80decb410a411dfb7fbd0981714d",
2026-09-08T05:06:35.1271173Z   "headCommit": "b79fd28ab8e9e761936cf88ae5524625ef86d904",
2026-09-08T05:06:35.1271840Z   "branch": "phase-1/p1-o08-review-remediation-issue-82",
2026-09-08T05:06:35.1272409Z   "enforcementMode": "DENY_BY_DEFAULT",
2026-09-08T05:06:35.1272925Z   "operationStartGate": {
2026-09-08T05:06:35.1273167Z     "required": false
2026-09-08T05:06:35.1273372Z   },
2026-09-08T05:06:35.1273570Z   "authorityLockRefresh": {
2026-09-08T05:06:35.1273823Z     "lockChanged": false,
2026-09-08T05:06:35.1274055Z     "changedLockedPaths": []
2026-09-08T05:06:35.1274275Z   },
2026-09-08T05:06:35.1274507Z   "immutableAuthorityFilesVerified": 25,
2026-09-08T05:06:35.1274794Z   "changedPaths": [
2026-09-08T05:06:35.1275039Z     ".github/workflows/release.yml",
2026-09-08T05:06:35.1275448Z     "docs/implementation/phase-1/o08/review-remediation-issue-82.md",
2026-09-08T05:06:35.1275981Z     "docs/implementation/phase-1/o08/windows-clean-start-qualification.md",
2026-09-08T05:06:35.1276545Z     "operations/phase-1/evidence/o08/p1-o08-review-remediation-issue-82.json",
2026-09-08T05:06:35.1277101Z     "operations/phase-1/executions/p1-o08-review-remediation-issue-82.json",
2026-09-08T05:06:35.1277539Z     "scripts/release/qualify-windows-x64.mjs",
2026-09-08T05:06:35.1277962Z     "tests/qualification/packaging/clean-windows-startup.test.mjs",
2026-09-08T05:06:35.1278411Z     "tests/qualification/packaging/network-guard.test.mjs"
2026-09-08T05:06:35.1278724Z   ],
2026-09-08T05:06:35.1278906Z   "violations": []
2026-09-08T05:06:35.1279102Z }
2026-09-08T05:06:35.2158021Z ##[group]Run pnpm run quality
2026-09-08T05:06:35.2158356Z [36;1mpnpm run quality[0m
2026-09-08T05:06:35.2257393Z shell: C:\Program Files\PowerShell\7\pwsh.EXE -command ". '{0}'"
2026-09-08T05:06:35.2258016Z ##[endgroup]
2026-09-08T05:06:36.1160407Z $ pnpm run format && pnpm run lint && pnpm run contracts:generate-types && pnpm run typecheck && pnpm run isolation:build && pnpm run test && pnpm --filter @aseos/platform test && pnpm --filter @aseos/windows-process-restricted test && pnpm --filter @aseos/worker test && pnpm run contracts:qualify && pnpm run architecture:qualify && pnpm run persistence:qualify && pnpm run control-api:qualify && pnpm run isolation:qualify && pnpm run build && pnpm run verify:config && pnpm run verify:versions && pnpm run verify:frozen-install
2026-09-08T05:06:36.6442949Z $ prettier --check --no-error-on-unmatched-pattern package.json pnpm-workspace.yaml "tsconfig*.json" "*.config.mjs" .github/workflows/quality.yml "toolchain/**/*.json" "scripts/toolchain/**/*.mjs" "scripts/contracts/**/*.mjs" "scripts/architecture/**/*.mjs" "tests/qualification/toolchain/**/*.{json,mjs,ts}" "tests/contract/**/*.mjs" "tests/architecture/**/*.{json,mjs}" packages/contracts/package.json packages/contracts/tsconfig.json packages/contracts/type-bindings.json packages/contracts/README.md "packages/contracts/src/**/*.ts" "docs/implementation/phase-1/o01/**/*.md" "docs/implementation/phase-1/o02/**/*.md" "docs/implementation/phase-1/o03/**/*.md" "operations/phase-1/evidence/o01/**/*.json" "operations/phase-1/evidence/o02/**/*.json" "operations/phase-1/evidence/o03/**/*.json" "operations/phase-1/executions/p1-o01-*.json" "operations/phase-1/executions/p1-o02-*.json" "operations/phase-1/executions/p1-o03-*.json" "packages/policy/**/*.{json,ts}" "tests/qualification/policy/**/*.mjs" "docs/implementation/phase-1/o04/**/*.md" "operations/phase-1/evidence/o04/**/*.json" "operations/phase-1/executions/p1-o04-*.json" "packages/persistence/**/*.{json,ts}" "scripts/qualification/persistence/**/*.mjs" "tests/qualification/persistence/**/*.mjs" "tests/fault-injection/persistence/**/*.mjs" "docs/implementation/phase-1/o05/**/*.md" "operations/phase-1/evidence/o05/**/*.json" "operations/phase-1/executions/p1-o05-*.json" "packages/platform/**/*.{json,ts}" "apps/{runtime,cli}/**/*.{json,ts}" "scripts/qualification/control-api/**/*.mjs" "tests/qualification/control-api/**/*.mjs" "tests/acceptance/control-api/**/*.mjs" "tests/contract/control-api/**/*.mjs" "docs/implementation/phase-1/o06/**/*.md" "operations/phase-1/evidence/o06/**/*.json" "operations/phase-1/executions/p1-o06-*.json" "packages/adapters/tool/windows-process-restricted/**/*.{json,mjs,ts}" "apps/worker/**/*.{json,ts}" "scripts/qualification/isolation/**/*.mjs" "tests/qualification/isolation/**/*.mjs" "tests/security/isolation/**/*.mjs" "docs/implementation/phase-1/o07/**/*.md" "operations/phase-1/evidence/o07/**/*.json" "operations/phase-1/executions/p1-o07-*.json"
2026-09-08T05:06:36.7640724Z Checking formatting...
2026-09-08T05:06:39.8248603Z All matched files use Prettier code style!
2026-09-08T05:06:40.3959134Z $ eslint . --ignore-pattern "**/dist/**"
2026-09-08T05:06:50.8595851Z $ node scripts/contracts/generate-contract-types.mjs --check
2026-09-08T05:06:51.1895502Z Schema-generated TypeScript declarations are current.
2026-09-08T05:06:51.7468833Z $ tsc -b tsconfig.build.json --pretty false
2026-09-08T05:07:00.4307400Z $ pnpm --filter @aseos/windows-process-restricted build && pnpm --filter @aseos/worker build
2026-09-08T05:07:00.9980850Z $ tsc -b tsconfig.json --pretty false && node scripts/copy-assets.mjs
2026-09-08T05:07:01.7479936Z $ tsc -b tsconfig.json --pretty false
2026-09-08T05:07:02.4234671Z $ vitest run --maxWorkers=1 && vitest run --config tests/architecture/vitest.config.mjs
2026-09-08T05:07:02.8382934Z 
2026-09-08T05:07:02.8388120Z [1m[30m[46m RUN [49m[39m[22m [36mv4.1.11 [39m[90mD:/a/-ai-software-engineering-os/-ai-software-engineering-os[39m
2026-09-08T05:07:02.8389010Z 
2026-09-08T05:07:25.0219335Z  [32m✓[39m tests/qualification/toolchain/transition-enforcement-integration.test.mjs [2m([22m[2m6 tests[22m[2m)[22m[33m 21875[2mms[22m[39m
2026-09-08T05:07:25.0220850Z      [33m[2m✓[22m[39m performs an exact transactional SHA refresh with real files [33m 2850[2mms[22m[39m
2026-09-08T05:07:25.0222635Z      [33m[2m✓[22m[39m fails P1-O04 closed without or with an invalid Gate, then passes exact Gate ancestry [33m 11162[2mms[22m[39m
2026-09-08T05:07:25.0223540Z      [33m[2m✓[22m[39m rejects raw adversarial Git paths before scope classification [33m 3426[2mms[22m[39m
2026-09-08T05:07:25.0224356Z      [33m[2m✓[22m[39m keeps governed source paths visible for a real Git rename [33m 1880[2mms[22m[39m
2026-09-08T05:07:25.0225928Z      [33m[2m✓[22m[39m keeps governed source paths visible for a real Git delete [33m 2553[2mms[22m[39m
2026-09-08T05:07:43.9971721Z  [32m✓[39m tests/qualification/control-api/p1-v07-control-api.test.mjs [2m([22m[2m17 tests[22m[2m)[22m[33m 18402[2mms[22m[39m
2026-09-08T05:07:43.9974173Z      [33m[2m✓[22m[39m binds only to the IPv4 loopback endpoint and rejects Host, Origin and unauthenticated access [33m 3089[2mms[22m[39m
2026-09-08T05:07:43.9975929Z      [33m[2m✓[22m[39m allows only registered and bounded unauthenticated CORS preflight [33m 784[2mms[22m[39m
2026-09-08T05:07:43.9977506Z      [33m[2m✓[22m[39m rotates a 256-bit token, enforces user-only ACL and never leaks the secret [33m 1964[2mms[22m[39m
2026-09-08T05:07:43.9979215Z      [33m[2m✓[22m[39m uses the absolute System32 security helper when cwd and PATH contain hostile executables [33m 1156[2mms[22m[39m
2026-09-08T05:07:43.9980862Z      [33m[2m✓[22m[39m fails closed when token inheritance is enabled after secure creation [33m 1823[2mms[22m[39m
2026-09-08T05:07:43.9982579Z      [33m[2m✓[22m[39m validates discovery identity and exposes bounded status metadata through the public client [33m 787[2mms[22m[39m
2026-09-08T05:07:43.9984241Z      [33m[2m✓[22m[39m rejects stale PID and authenticated instance identity mismatches [33m 779[2mms[22m[39m
2026-09-08T05:07:43.9985743Z      [33m[2m✓[22m[39m rejects non-canonical descriptor fields before any client request [33m 764[2mms[22m[39m
2026-09-08T05:07:43.9987308Z      [33m[2m✓[22m[39m fails closed for malformed, oversized, query-bearing and unknown requests [33m 840[2mms[22m[39m
2026-09-08T05:07:43.9989306Z      [33m[2m✓[22m[39m enforces the configured response byte limit without emitting a non-canonical fallback [33m 760[2mms[22m[39m
2026-09-08T05:07:43.9991121Z      [33m[2m✓[22m[39m bounds authentication failures and idempotency state with replay and conflict semantics [33m 920[2mms[22m[39m
2026-09-08T05:07:43.9992832Z      [33m[2m✓[22m[39m streams bounded read-only SSE metadata and supports replay and gap detection [33m 786[2mms[22m[39m
2026-09-08T05:07:43.9994447Z      [33m[2m✓[22m[39m rejects notification kinds outside the read-only public metadata enum [33m 755[2mms[22m[39m
2026-09-08T05:07:43.9996050Z      [33m[2m✓[22m[39m closes replay streams when retained metadata exceeds the backpressure budget [33m 768[2mms[22m[39m
2026-09-08T05:07:43.9997711Z      [33m[2m✓[22m[39m bounds retention-gap and heartbeat SSE frames with the same byte budget [33m 1572[2mms[22m[39m
2026-09-08T05:07:43.9999235Z      [33m[2m✓[22m[39m keeps an established SSE stream beyond the ordinary request timeout [33m 849[2mms[22m[39m
2026-09-08T05:07:44.2524992Z  [32m✓[39m tests/qualification/toolchain/scope-policy.test.mjs [2m([22m[2m28 tests[22m[2m)[22m[32m 22[2mms[22m[39m
2026-09-08T05:07:44.6551361Z  [32m✓[39m tests/qualification/policy/p1-v05-policy.test.mjs [2m([22m[2m16 tests[22m[2m)[22m[32m 68[2mms[22m[39m
2026-09-08T05:07:44.8879611Z  [32m✓[39m tests/qualification/toolchain/transition-enforcement-policy.test.mjs [2m([22m[2m17 tests[22m[2m)[22m[32m 16[2mms[22m[39m
2026-09-08T05:07:45.1219594Z  [32m✓[39m tests/qualification/toolchain/p1-o07-start-gate.test.mjs [2m([22m[2m31 tests[22m[2m)[22m[32m 17[2mms[22m[39m
2026-09-08T05:07:48.4235796Z  [32m✓[39m tests/qualification/persistence/p1-v06-persistence.test.mjs [2m([22m[2m6 tests[22m[2m)[22m[33m 3005[2mms[22m[39m
2026-09-08T05:07:48.4237527Z      [33m[2m✓[22m[39m attests the fixed engine and fail-closed SQLite controls [33m 531[2mms[22m[39m
2026-09-08T05:07:48.4238495Z      [33m[2m✓[22m[39m commits Event receipt outbox and audit atomically with exact idempotency [33m 423[2mms[22m[39m
2026-09-08T05:07:48.4239435Z      [33m[2m✓[22m[39m deduplicates inbox and enforces monotonic projection checkpoints [33m 412[2mms[22m[39m
2026-09-08T05:07:48.4240339Z      [33m[2m✓[22m[39m creates an integrity-checked online backup that restores independently [33m 757[2mms[22m[39m
2026-09-08T05:07:48.4241824Z      [33m[2m✓[22m[39m keeps the Runtime event loop responsive while the dedicated worker writes [33m 524[2mms[22m[39m
2026-09-08T05:07:48.4242918Z      [33m[2m✓[22m[39m rejects unknown public fields through the canonical runtime Contract [33m 357[2mms[22m[39m
2026-09-08T05:11:00.2328890Z  [32m✓[39m tests/security/isolation/process-restricted.security.test.mjs [2m([22m[2m6 tests[22m[2m)[22m[33m 191577[2mms[22m[39m
2026-09-08T05:11:00.2331255Z      [33m[2m✓[22m[39m rejects digest mismatch, traversal, raw shells and invalid budgets [33m 22732[2mms[22m[39m
2026-09-08T05:11:00.2332740Z      [33m[2m✓[22m[39m bounds stdout and records canonical output-limit evidence [33m 22701[2mms[22m[39m
2026-09-08T05:11:00.2333640Z      [33m[2m✓[22m[39m terminates the root, child and grandchild at wall-clock expiry [33m 23736[2mms[22m[39m
2026-09-08T05:11:00.2334514Z      [33m[2m✓[22m[39m cancels promptly by terminating the complete Job Object [33m 22701[2mms[22m[39m
2026-09-08T05:11:00.2335353Z      [33m[2m✓[22m[39m enforces CPU and memory budgets with explicit reasons [33m 45746[2mms[22m[39m
2026-09-08T05:11:00.2336555Z      [33m[2m✓[22m[39m enforces the active-process budget [33m 22593[2mms[22m[39m
2026-09-08T05:11:13.3441371Z  [32m✓[39m tests/qualification/control-api/review-remediation.test.mjs [2m([22m[2m8 tests[22m[2m)[22m[33m 12796[2mms[22m[39m
2026-09-08T05:11:13.3443865Z    [33m[2m✓[22m[39m concurrent lock losers cannot remove a live owner's claim or metadata [33m 6315[2mms[22m[39m
2026-09-08T05:11:13.3445757Z    [33m[2m✓[22m[39m separate processes elect one owner and recover a killed owner's unique claim [33m 618[2mms[22m[39m
2026-09-08T05:11:13.3448181Z    [33m[2m✓[22m[39m timed-out unfinished bodies close their socket and release capacity exactly once [33m 1416[2mms[22m[39m
2026-09-08T05:11:13.3449872Z    [33m[2m✓[22m[39m SSE preserves Unicode split inside multibyte characters [33m 856[2mms[22m[39m
2026-09-08T05:11:13.3451502Z    [33m[2m✓[22m[39m SSE rejects invalid UTF-8 without silently changing its payload [33m 841[2mms[22m[39m
2026-09-08T05:11:13.3453079Z    [33m[2m✓[22m[39m SSE rejects truncated UTF-8 without silently changing its payload [33m 949[2mms[22m[39m
2026-09-08T05:11:13.3455121Z    [33m[2m✓[22m[39m SSE rejects incomplete frame without silently changing its payload [33m 898[2mms[22m[39m
2026-09-08T05:11:13.3456827Z    [33m[2m✓[22m[39m discovery rejects a valid health body bound to an unregistered success status [33m 900[2mms[22m[39m
2026-09-08T05:11:14.0269677Z  [32m✓[39m tests/contract/isolation/isolation-contracts.test.mjs [2m([22m[2m11 tests[22m[2m)[22m[33m 385[2mms[22m[39m
2026-09-08T05:11:14.2715525Z  [32m✓[39m tests/qualification/toolchain/p1-o06-start-gate.test.mjs [2m([22m[2m19 tests[22m[2m)[22m[32m 14[2mms[22m[39m
2026-09-08T05:11:15.8528737Z  [32m✓[39m tests/qualification/toolchain/configuration-consistency.test.mjs [2m([22m[2m17 tests[22m[2m)[22m[33m 1358[2mms[22m[39m
2026-09-08T05:11:15.8529878Z      [33m[2m✓[22m[39m scripts/toolchain/verify-versions.mjs [33m 1237[2mms[22m[39m
2026-09-08T05:11:24.4551840Z  [32m✓[39m tests/qualification/toolchain/review-remediation.test.mjs [2m([22m[2m5 tests[22m[2m)[22m[33m 8386[2mms[22m[39m
2026-09-08T05:11:24.4555403Z    [33m[2m✓[22m[39m the authority build restores runtime-loaded assets even with up-to-date TypeScript outputs [33m 341[2mms[22m[39m
2026-09-08T05:11:24.4557480Z    [33m[2m✓[22m[39m CI evidence binds the checked-out subject and rejects a mismatching requested target [33m 1390[2mms[22m[39m
2026-09-08T05:11:24.4559313Z    [33m[2m✓[22m[39m M0 rejects an actual invalid implementation receipt instead of checking only its schema [33m 1114[2mms[22m[39m
2026-09-08T05:11:24.4562645Z    [33m[2m✓[22m[39m M0 rejects a schema-valid self-declared integrated PASS without independent evidence [33m 5532[2mms[22m[39m
2026-09-08T05:12:12.6459049Z  [32m✓[39m tests/qualification/isolation/p1-v08-isolation.test.mjs [2m([22m[2m4 tests[22m[2m)[22m[33m 47894[2mms[22m[39m
2026-09-08T05:12:12.6460139Z      [33m[2m✓[22m[39m runs a pinned executable in a staged Unicode path with an allowlisted environment [33m 22790[2mms[22m[39m
2026-09-08T05:12:17.0896150Z  [32m✓[39m tests/fault-injection/persistence/p1-o05-faults.test.mjs [2m([22m[2m6 tests[22m[2m)[22m[33m 4158[2mms[22m[39m
2026-09-08T05:12:17.0897272Z      [33m[2m✓[22m[39m rejects future migration history before declaring schema compatibility [33m 902[2mms[22m[39m
2026-09-08T05:12:17.0898275Z      [33m[2m✓[22m[39m rejects incompatible existing schema before applying the authority migration [33m 389[2mms[22m[39m
2026-09-08T05:12:17.0899229Z      [33m[2m✓[22m[39m rolls back a worker-terminated pre-commit transaction [33m 735[2mms[22m[39m
2026-09-08T05:12:17.0900333Z      [33m[2m✓[22m[39m recovers committed authority after worker termination without graceful drain [33m 716[2mms[22m[39m
2026-09-08T05:12:17.0902355Z      [33m[2m✓[22m[39m fails with a typed busy result and succeeds after the authority lock is released [33m 810[2mms[22m[39m
2026-09-08T05:12:17.0904330Z      [33m[2m✓[22m[39m quarantines corruption and never replaces it with an empty authority database [33m 603[2mms[22m[39m
2026-09-08T05:12:27.3933196Z  [32m✓[39m tests/qualification/toolchain/post-merge-target.test.mjs [2m([22m[2m10 tests[22m[2m)[22m[33m 10082[2mms[22m[39m
2026-09-08T05:12:27.3935023Z      [33m[2m✓[22m[39m derives the target first parent and exact scope bindings [33m 1212[2mms[22m[39m
2026-09-08T05:12:27.3936382Z      [33m[2m✓[22m[39m rejects malformed target SHA "" [33m 1062[2mms[22m[39m
2026-09-08T05:12:27.3937750Z      [33m[2m✓[22m[39m rejects malformed target SHA "aaaaaaaaaaaaaaaaaaaaaaaaaaaaaaaaaaaaaaa" [33m 1050[2mms[22m[39m
2026-09-08T05:12:27.3939544Z      [33m[2m✓[22m[39m rejects malformed target SHA "AAAAAAAAAAAAAAAAAAAAAAAAAAAAAAAAAAAAAAAA" [33m 1056[2mms[22m[39m
2026-09-08T05:12:27.3941072Z      [33m[2m✓[22m[39m rejects dispatch from a non-main ref [33m 1078[2mms[22m[39m
2026-09-08T05:12:27.3941959Z      [33m[2m✓[22m[39m rejects a checkout that differs from the exact target [33m 1111[2mms[22m[39m
2026-09-08T05:12:27.3942823Z      [33m[2m✓[22m[39m rejects a claimed current main that differs from origin/main [33m 1109[2mms[22m[39m
2026-09-08T05:12:27.3943716Z      [33m[2m✓[22m[39m rejects a target outside the protected-main first-parent chain [33m 1163[2mms[22m[39m
2026-09-08T05:12:27.3944570Z      [33m[2m✓[22m[39m rejects a first-parent commit that is not a two-parent merge [33m 1235[2mms[22m[39m
2026-09-08T05:12:45.3472283Z  [31m❯[39m tests/contract/registry-integrity.test.mjs [2m([22m[2m8 tests[22m[2m | [22m[31m1 failed[39m[2m)[22m[33m 17668[2mms[22m[39m
2026-09-08T05:12:45.3474703Z      [33m[2m✓[22m[39m meta-validates, hashes and compiles every canonical entry [33m 356[2mms[22m[39m
2026-09-08T05:12:45.3476186Z      [33m[2m✓[22m[39m accepts a consistent CRLF authority checkout and rejects content drift [33m 679[2mms[22m[39m
2026-09-08T05:12:45.3478219Z      [33m[2m✓[22m[39m rejects malformed mixed LF and CRLF authority line endings [33m 341[2mms[22m[39m
2026-09-08T05:12:45.3480253Z      [33m[2m✓[22m[39m rejects malformed lone CR authority line endings [33m 378[2mms[22m[39m
2026-09-08T05:12:45.3481669Z      [33m[2m✓[22m[39m rejects duplicate schema identities [33m 636[2mms[22m[39m
2026-09-08T05:12:45.3483068Z [31m     [31m×[31m rejects duplicate paths, missing files and repository traversal[39m[33m 10005[2mms[22m[39m
2026-09-08T05:12:45.3484037Z      [33m[2m✓[22m[39m rejects unresolved references and schema metadata/version mismatches [33m 5269[2mms[22m[39m
2026-09-08T05:12:45.3484933Z      [32m✓[39m uses the exported typed failure and never a fallback validator[32m 0[2mms[22m[39m
2026-09-08T05:12:46.0267822Z  [32m✓[39m tests/contract/control-api/control-api-contracts.test.mjs [2m([22m[2m12 tests[22m[2m)[22m[33m 399[2mms[22m[39m
2026-09-08T05:12:51.1794770Z  [32m✓[39m tests/qualification/toolchain/p1-o07-start-gate-integration.test.mjs [2m([22m[2m2 tests[22m[2m)[22m[33m 4937[2mms[22m[39m
2026-09-08T05:12:51.1795916Z      [33m[2m✓[22m[39m fails closed without a legal P1-O07 operation context [33m 1631[2mms[22m[39m
2026-09-08T05:12:51.1796865Z      [33m[2m✓[22m[39m fails the real operation-aware preflight closed for an absent or malformed Gate [33m 3303[2mms[22m[39m
2026-09-08T05:12:56.0105065Z  [32m✓[39m tests/qualification/toolchain/p1-o06-start-gate-integration.test.mjs [2m([22m[2m2 tests[22m[2m)[22m[33m 4620[2mms[22m[39m
2026-09-08T05:12:56.0106180Z      [33m[2m✓[22m[39m fails closed without a legal P1-O06 operation context [33m 1738[2mms[22m[39m
2026-09-08T05:12:56.0107158Z      [33m[2m✓[22m[39m fails the real operation-aware preflight closed for an absent or malformed Gate [33m 2879[2mms[22m[39m
2026-09-08T05:12:59.2385992Z  [32m✓[39m tests/qualification/toolchain/p1-o05-start-gate-integration.test.mjs [2m([22m[2m1 test[22m[2m)[22m[33m 3008[2mms[22m[39m
2026-09-08T05:12:59.2387214Z      [33m[2m✓[22m[39m fails the real operation-aware preflight closed for an absent or malformed Gate [33m 3005[2mms[22m[39m
2026-09-08T05:13:03.5527090Z  [32m✓[39m tests/qualification/persistence/review-remediation.test.mjs [2m([22m[2m6 tests[22m[2m)[22m[33m 4019[2mms[22m[39m
2026-09-08T05:13:03.5528405Z    [33m[2m✓[22m[39m rejects events payload schema identity, hash and content before any durable write [33m 599[2mms[22m[39m
2026-09-08T05:13:03.5529620Z    [33m[2m✓[22m[39m rejects outbox payload schema identity, hash and content before any durable write [33m 512[2mms[22m[39m
2026-09-08T05:13:03.5531485Z    [33m[2m✓[22m[39m caller mutation after commit starts cannot replace a validated payload [33m 455[2mms[22m[39m
2026-09-08T05:13:03.5533360Z    [33m[2m✓[22m[39m invalid busy timeout leaves a healthy database byte-identical and immediately reopenable [33m 1038[2mms[22m[39m
2026-09-08T05:13:03.5535371Z    [33m[2m✓[22m[39m an existing truncated database is quarantined instead of initialized as an empty authority [33m 1062[2mms[22m[39m
2026-09-08T05:13:03.5537261Z    [33m[2m✓[22m[39m an operational open failure preserves the original path without a corruption marker [33m 351[2mms[22m[39m
2026-09-08T05:13:03.7980175Z  [32m✓[39m tests/qualification/toolchain/p1-o05-start-gate.test.mjs [2m([22m[2m13 tests[22m[2m)[22m[32m 12[2mms[22m[39m
2026-09-08T05:13:06.9675417Z  [32m✓[39m tests/acceptance/control-api/cli-public-api.acceptance.test.mjs [2m([22m[2m3 tests[22m[2m)[22m[33m 2848[2mms[22m[39m
2026-09-08T05:13:06.9676632Z      [33m[2m✓[22m[39m runs start, version, doctor, status and stop through the built entrypoints [33m 1854[2mms[22m[39m
2026-09-08T05:13:06.9678597Z      [33m[2m✓[22m[39m removing discovery stops the listening runtime and cleans up its token [33m 988[2mms[22m[39m
2026-09-08T05:13:10.3176897Z  [32m✓[39m tests/contract/inventory-integrity.test.mjs [2m([22m[2m5 tests[22m[2m)[22m[33m 3071[2mms[22m[39m
2026-09-08T05:13:10.3179403Z      [33m[2m✓[22m[39m bind every active contract to one registry identity and canonical owner [33m 396[2mms[22m[39m
2026-09-08T05:13:10.3181084Z      [33m[2m✓[22m[39m rejects active/planned ownership collisions [33m 655[2mms[22m[39m
2026-09-08T05:13:10.3187526Z      [33m[2m✓[22m[39m rejects inventory identities missing from the canonical registry [33m 609[2mms[22m[39m
2026-09-08T05:13:10.3189286Z      [33m[2m✓[22m[39m rejects a public payload schema that permits unknown root fields [33m 671[2mms[22m[39m
2026-09-08T05:13:10.3191642Z      [33m[2m✓[22m[39m rejects inconsistent active/planned status linkage [33m 737[2mms[22m[39m
2026-09-08T05:13:10.7719574Z  [32m✓[39m tests/qualification/persistence/migration-git-attributes.test.mjs [2m([22m[2m4 tests[22m[2m)[22m[32m 209[2mms[22m[39m
2026-09-08T05:13:11.0259339Z  [32m✓[39m tests/qualification/control-api/openapi-structure.test.mjs [2m([22m[2m1 test[22m[2m)[22m[32m 17[2mms[22m[39m
2026-09-08T05:13:14.3066912Z  [32m✓[39m tests/contract/review-remediation.test.mjs [2m([22m[2m29 tests[22m[2m)[22m[33m 2562[2mms[22m[39m
2026-09-08T05:13:14.3069000Z    [33m[2m✓[22m[39m type consistency detects operator drift below allOf and multiple local references [33m 2094[2mms[22m[39m
2026-09-08T05:14:14.0399055Z  [31m❯[39m tests/security/isolation/host-death.security.test.mjs [2m([22m[2m1 test[22m[2m | [22m[31m1 failed[39m[2m)[22m[33m 59490[2mms[22m[39m
2026-09-08T05:14:14.0401216Z [31m   [31m×[31m killing only the Node host terminates its bridge and every tool descendant[39m[33m 59488[2mms[22m[39m
2026-09-08T05:14:20.9915219Z  [32m✓[39m tests/contract/example-suite.test.mjs [2m([22m[2m4 tests[22m[2m)[22m[33m 6632[2mms[22m[39m
2026-09-08T05:14:20.9917334Z      [33m[2m✓[22m[39m accepts every valid fixture and rejects every invalid fixture [33m 502[2mms[22m[39m
2026-09-08T05:14:20.9918842Z      [33m[2m✓[22m[39m does not infer invalidity from a fixture filename [33m 1297[2mms[22m[39m
2026-09-08T05:14:20.9920578Z      [33m[2m✓[22m[39m fails closed for missing, duplicate and unknown-schema fixture bindings [33m 3201[2mms[22m[39m
2026-09-08T05:14:20.9922298Z      [33m[2m✓[22m[39m requires invalid cases to prove their declared boundary violation [33m 1629[2mms[22m[39m
2026-09-08T05:14:21.9284309Z  [32m✓[39m tests/contract/artifact-git-attributes.test.mjs [2m([22m[2m2 tests[22m[2m)[22m[33m 682[2mms[22m[39m
2026-09-08T05:14:21.9287573Z      [33m[2m✓[22m[39m marks every tracked artifact as binary and preserves its canonical bytes [33m 606[2mms[22m[39m
2026-09-08T05:14:30.4386636Z  [32m✓[39m tests/contract/schema-type-consistency.test.mjs [2m([22m[2m4 tests[22m[2m)[22m[33m 7963[2mms[22m[39m
2026-09-08T05:14:30.4414674Z      [33m[2m✓[22m[39m checks semantic shape, enums, optionality and readonly exports [33m 2469[2mms[22m[39m
2026-09-08T05:14:30.4416828Z      [33m[2m✓[22m[39m detects a required schema field deletion [33m 1649[2mms[22m[39m
2026-09-08T05:14:30.4418257Z      [33m[2m✓[22m[39m detects primitive and enum drift in TypeScript [33m 2733[2mms[22m[39m
2026-09-08T05:14:30.4419533Z      [33m[2m✓[22m[39m detects a mutable public field [33m 1109[2mms[22m[39m
2026-09-08T05:14:32.7130977Z  [32m✓[39m tests/contract/policy/policy-contracts.test.mjs [2m([22m[2m6 tests[22m[2m)[22m[33m 1949[2mms[22m[39m
2026-09-08T05:14:32.7133363Z      [33m[2m✓[22m[39m urn:aseos:schema:capability-manifest:1.0.0 accepts its canonical example and rejects its fail-closed example [33m 452[2mms[22m[39m
2026-09-08T05:14:32.7143565Z      [33m[2m✓[22m[39m urn:aseos:schema:policy-evaluation-input:1.0.0 accepts its canonical example and rejects its fail-closed example [33m 322[2mms[22m[39m
2026-09-08T05:14:32.7145955Z      [33m[2m✓[22m[39m urn:aseos:schema:policy-set:1.0.0 accepts its canonical example and rejects its fail-closed example [33m 343[2mms[22m[39m
2026-09-08T05:14:33.7675442Z  [32m✓[39m tests/contract/runtime-validator.test.mjs [2m([22m[2m4 tests[22m[2m)[22m[33m 475[2mms[22m[39m
2026-09-08T05:14:34.0294648Z  [32m✓[39m tests/qualification/toolchain/scope-event-policy.test.mjs [2m([22m[2m7 tests[22m[2m)[22m[32m 7[2mms[22m[39m
2026-09-08T05:14:34.4139686Z  [32m✓[39m tests/qualification/toolchain/toolchain-manifest.test.mjs [2m([22m[2m2 tests[22m[2m)[22m[32m 88[2mms[22m[39m
2026-09-08T05:14:36.4286080Z  [32m✓[39m tests/qualification/toolchain/dependency-build-policy.test.mjs [2m([22m[2m1 test[22m[2m)[22m[33m 1775[2mms[22m[39m
2026-09-08T05:14:36.4287384Z      [33m[2m✓[22m[39m does not execute an unallowlisted dependency install script [33m 1773[2mms[22m[39m
2026-09-08T05:14:37.1704836Z  [32m✓[39m tests/contract/compatibility.test.mjs [2m([22m[2m3 tests[22m[2m)[22m[33m 427[2mms[22m[39m
2026-09-08T05:14:37.5570372Z  [32m✓[39m tests/contract/package-integration.test.mjs [2m([22m[2m1 test[22m[2m)[22m[32m 148[2mms[22m[39m
2026-09-08T05:14:37.8568803Z  [32m✓[39m tests/contract/generated-types.test.mjs [2m([22m[2m4 tests[22m[2m)[22m[32m 5[2mms[22m[39m
2026-09-08T05:14:41.1399205Z  [32m✓[39m tests/contract/p1-v03-contracts.test.mjs [2m([22m[2m1 test[22m[2m)[22m[33m 2695[2mms[22m[39m
2026-09-08T05:14:41.1401169Z      [33m[2m✓[22m[39m produces all four required Evidence result types [33m 2693[2mms[22m[39m
2026-09-08T05:14:41.4043829Z  [32m✓[39m tests/qualification/toolchain/esm-project-reference.test.mjs [2m([22m[2m1 test[22m[2m)[22m[32m 29[2mms[22m[39m
2026-09-08T05:14:41.4098352Z 
2026-09-08T05:14:41.4099238Z [31m⎯⎯⎯⎯⎯⎯⎯[39m[1m[41m Failed Tests 2 [49m[22m[31m⎯⎯⎯⎯⎯⎯⎯[39m
2026-09-08T05:14:41.4099777Z 
2026-09-08T05:14:41.4105879Z [41m[1m FAIL [22m[49m tests/contract/registry-integrity.test.mjs[2m > [22mmachine-executable schema registry[2m > [22mrejects duplicate paths, missing files and repository traversal
2026-09-08T05:14:41.4112565Z [31m[1mError[22m: Test timed out in 10000ms.
2026-09-08T05:14:41.4113881Z If this is a long-running test, pass a timeout value as the last argument or configure it globally with "testTimeout".[39m
2026-09-08T05:14:41.4115292Z [36m [2m❯[22m tests/contract/registry-integrity.test.mjs:[2m84:3[22m[39m
2026-09-08T05:14:41.4164669Z     [90m 82|[39m   })[33m;[39m
2026-09-08T05:14:41.4165473Z     [90m 83|[39m
2026-09-08T05:14:41.4166584Z     [90m 84|[39m   test("rejects duplicate paths, missing files and repository traversa…
2026-09-08T05:14:41.4167646Z     [90m   |[39m   [31m^[39m
2026-09-08T05:14:41.4169131Z     [90m 85|[39m     [35mawait[39m [34mwithContractRepository[39m([35masync[39m (root) [33m=>[39m {
2026-09-08T05:14:41.4170565Z     [90m 86|[39m       const registry = await readJson(root, "packages/contracts/schema…
2026-09-08T05:14:41.4171212Z 
2026-09-08T05:14:41.4171617Z [31m[2m⎯⎯⎯⎯⎯⎯⎯⎯⎯⎯⎯⎯⎯⎯⎯⎯⎯⎯⎯⎯⎯⎯⎯⎯[1/2]⎯[22m[39m
2026-09-08T05:14:41.4171852Z 
2026-09-08T05:14:41.4172651Z [41m[1m FAIL [22m[49m tests/security/isolation/host-death.security.test.mjs[2m > [22mkilling only the Node host terminates its bridge and every tool descendant
2026-09-08T05:14:41.4207086Z [31m[1mError[22m[39m: {"unexpectedCompletion":{"status":"COMPLETED","exitCode":-532462766,"isolationLevel":"PROCESS_RESTRICTED","durationMs":9697,"stagedWorkingDirectory":"C:\\Users\\runneradmin\\AppData\\Local\\Temp\\aseos P1-O07 中文 mVaOEn\\host death staging 根\\aseos-process-codOJY","capability":{"schemaVersion":"1.0.0","reportId":"01a07f6f-ad77-7ef1-bf71-1fa7c9e35107","capabilityId":"windows-process-restricted","capabilityVersion":"1.0.0","providerId":"aseos.windows-job-object","providerVersion":"1.0.0","platform":"win32","isolationLevel":"PROCESS_RESTRICTED","probe":{"probeId":"01a07f6f-ad77-7efe-be67-31b94a6358d4","performedAt":"2026-09-08T05:13:40.470Z","windowsBuild":"10.0.26100","jobObjectAvailable":true,"nestedProcessAssignmentSupported":true},"budgetSupport":{"cpuTime":true,"memory":true,"processCount":true,"wallClock":true,"stdout":true,"stderr":true},"guarantees":{"processTreeLifecycleContained":true,"resourceBudgetsEnforced":true,"networkAccessDenied":false,"filesystemAccessDenied":false,"registryAccessDenied":false,"securitySandbox":false},"result":"AVAILABLE","reasonCodes":[],"reportedAt":"2026-09-08T05:13:40.470Z"},"stdout":{"type":"Buffer","data":[82,79,79,84,61,53,48,48,48,13,10,67,72,73,76,68,61,55,48,54,48,13,10]},"stderr":{"type":"Buffer","data":[10,85,110,104,97,110,100,108,101,100,32,69,120,99,101,112,116,105,111,110,58,32,83,121,115,116,101,109,46,73,79,46,73,79,69,120,99,101,112,116,105,111,110,58,32,84,104,101,32,112,114,111,99,101,115,115,32,99,97,110,110,111,116,32,97,99,99,101,115,115,32,116,104,101,32,102,105,108,101,32,39,67,58,92,85,115,101,114,115,92,114,117,110,110,101,114,97,100,109,105,110,92,65,112,112,68,97,116,97,92,76,111,99,97,108,92,84,101,109,112,92,97,115,101,111,115,32,80,49,45,79,48,55,32,228,184,173,230,150,135,32,109,86,97,79,69,110,92,104,111,115,116,32,100,101,97,116,104,32,115,116,97,103,105,110,103,32,230,160,185,92,97,115,101,111,115,45,112,114,111,99,101,115,115,45,99,111,100,79,74,89,92,103,114,97,110,100,99,104,105,108,100,46,112,105,100,39,32,98,101,99,97,117,115,101,32,105,116,32,105,115,32,98,101,105,110,103,32,117,115,101,100,32,98,121,32,97,110,111,116,104,101,114,32,112,114,111,99,101,115,115,46,13,10,32,32,32,97,116,32,83,121,115,116,101,109,46,73,79,46,95,95,69,114,114,111,114,46,87,105,110,73,79,69,114,114,111,114,40,73,110,116,51,50,32,101,114,114,111,114,67,111,100,101,44,32,83,116,114,105,110,103,32,109,97,121,98,101,70,117,108,108,80,97,116,104,41,13,10,32,32,32,97,116,32,83,121,115,116,101,109,46,73,79,46,70,105,108,101,83,116,114,101,97,109,46,73,110,105,116,40,83,116,114,105,110,103,32,112,97,116,104,44,32,70,105,108,101,77,111,100,101,32,109,111,100,101,44,32,70,105,108,101,65,99,99,101,115,115,32,97,99,99,101,115,115,44,32,73,110,116,51,50,32,114,105,103,104,116,115,44,32,66,111,111,108,101,97,110,32,117,115,101,82,105,103,104,116,115,44,32,70,105,108,101,83,104,97,114,101,32,115,104,97,114,101,44,32,73,110,116,51,50,32,98,117,102,102,101,114,83,105,122,101,44,32,70,105,108,101,79,112,116,105,111,110,115,32,111,112,116,105,111,110,115,44,32,83,69,67,85,82,73,84,89,95,65,84,84,82,73,66,85,84,69,83,32,115,101,99,65,116,116,114,115,44,32,83,116,114,105,110,103,32,109,115,103,80,97,116,104,44,32,66,111,111,108,101,97,110,32,98,70,114,111,109,80,114,111,120,121,44,32,66,111,111,108,101,97,110,32,117,115,101,76,111,110,103,80,97,116,104,44,32,66,111,111,108,101,97,110,32,99,104,101,99,107,72,111,115,116,41,13,10,32,32,32,97,116,32,83,121,115,116,101,109,46,73,79,46,70,105,108,101,83,116,114,101,97,109,46,46,99,116,111,114,40,83,116,114,105,110,103,32,112,97,116,104,44,32,70,105,108,101,77,111,100,101,32,109,111,100,101,44,32,70,105,108,101,65,99,99,101,115,115,32,97,99,99,101,115,115,44,32,70,105,108,101,83,104,97,114,101,32,115,104,97,114,101,44,32,73,110,116,51,50,32,98,117,102,102,101,114,83,105,122,101,44,32,70,105,108,101,79,112,116,105,111,110,115,32,111,112,116,105,111,110,115,44,32,83,116,114,105,110,103,32,109,115,103,80,97,116,104,44,32,66,111,111,108,101,97,110,32,98,70,114,111,109,80,114,111,120,121,44,32,66,111,111,108,101,97,110,32,117,115,101,76,111,110,103,80,97,116,104,44,32,66,111,111,108,101,97,110,32,99,104,101,99,107,72,111,115,116,41,13,10,32,32,32,97,116,32,83,121,115,116,101,109,46,73,79,46,83,116,114,101,97,109,82,101,97,100,101,114,46,46,99,116,111,114,40,83,116,114,105,110,103,32,112,97,116,104,44,32,69,110,99,111,100,105,110,103,32,101,110,99,111,100,105,110,103,44,32,66,111,111,108,101,97,110,32,100,101,116,101,99,116,69,110,99,111,100,105,110,103,70,114,111,109,66,121,116,101,79,114,100,101,114,77,97,114,107,115,44,32,73,110,116,51,50,32,98,117,102,102,101,114,83,105,122,101,44,32,66,111,111,108,101,97,110,32,99,104,101,99,107,72,111,115,116,41,13,10,32,32,32,97,116,32,83,121,115,116,101,109,46,73,79,46,70,105,108,101,46,73,110,116,101,114,110,97,108,82,101,97,100,65,108,108,84,101,120,116,40,83,116,114,105,110,103,32,112,97,116,104,44,32,69,110,99,111,100,105,110,103,32,101,110,99,111,100,105,110,103,44,32,66,111,111,108,101,97,110,32,99,104,101,99,107,72,111,115,116,41,13,10,32,32,32,97,116,32,80,114,111,99,101,115,115,82,101,115,116,114,105,99,116,101,100,70,105,120,116,117,114,101,46,77,97,105,110,40,83,116,114,105,110,103,91,93,32,97,114,103,115,41,10]},"evidence":{"schemaVersion":"1.0.0","evidenceId":"01a07f70-3072-792d-bdf9-1ed1282f9608","requirementId":"018f47a2-1000-7000-8000-000000000001","capabilityReportId":"01a07f6f-ad77-7ef1-bf71-1fa7c9e35107","taskId":"018f47a2-1000-7000-8000-000000000002","executionId":"018f47a2-1000-7000-8000-000000000003","providerId":"aseos.windows-job-object","providerVersion":"1.0.0","probeId":"01a07f6f-ad77-7efe-be67-31b94a6358d4","selectedIsolationLevel":"PROCESS_RESTRICTED","downgradeOccurred":false,"budgets":{"maxCpuTimeMs":15000,"maxMemoryBytes":134217728,"maxProcessCount":8,"maxWallClockMs":120000,"maxStdoutBytes":65536,"maxStderrBytes":65536},"usage":{"cpuTimeMs":171,"memoryPeakBytes":40947712,"processPeakCount":6,"wallClockMs":9697,"stdoutBytes":23,"stderrBytes":1108},"processTree":{"rootProcessId":5000,"jobObjectAssigned":true,"killOnJobClose":true,"descendantTerminationVerified":true,"activeProcessCountAfterCompletion":0},"guarantees":{"processTreeLifecycleContained":true,"resourceBudgetsEnforced":true,"networkAccessDenied":false,"filesystemAccessDenied":false,"registryAccessDenied":false,"securitySandbox":false},"result":{"outcome":"FAILED","exitCode":-532462766,"terminationReason":"EXITED","processTreeTerminated":true,"reasonCodes":["PROCESS_EXITED"]},"evidenceRefs":[{"subjectType":"Operation","subjectId":"P1-O07","subjectVersion":"1.0.0"}],"startedAt":"2026-09-08T05:13:40.472Z","completedAt":"2026-09-08T05:14:14.002Z"}}}
2026-09-08T05:14:41.4230426Z [36m [2m❯[22m tests/security/isolation/host-death.security.test.mjs:[2m46:45[22m[39m
2026-09-08T05:14:41.4231372Z     [90m 44|[39m       [35mconst[39m deadline [33m=[39m [33mDate[39m[33m.[39m[34mnow[39m() [33m+[39m [34m90_000[39m[33m;[39m
2026-09-08T05:14:41.4232204Z     [90m 45|[39m       [35mwhile[39m ([33mDate[39m[33m.[39m[34mnow[39m() [33m<[39m deadline) {
2026-09-08T05:14:41.4232903Z     [90m 46|[39m         if (unexpected !== undefined) throw new Error(JSON.stringify(u…
2026-09-08T05:14:41.4233515Z     [90m   |[39m                                             [31m^[39m
2026-09-08T05:14:41.4233954Z     [90m 47|[39m         [35mtry[39m {
2026-09-08T05:14:41.4234476Z     [90m 48|[39m           tree = JSON.parse((await readFile(marker, "utf8")).replace(/…
2026-09-08T05:14:41.4234812Z 
2026-09-08T05:14:41.4235055Z [31m[2m⎯⎯⎯⎯⎯⎯⎯⎯⎯⎯⎯⎯⎯⎯⎯⎯⎯⎯⎯⎯⎯⎯⎯⎯[2/2]⎯[22m[39m
2026-09-08T05:14:41.4235298Z 
2026-09-08T05:14:41.4235320Z 
2026-09-08T05:14:41.4235775Z [2m Test Files [22m [1m[31m2 failed[39m[22m[2m | [22m[1m[32m40 passed[39m[22m[90m (42)[39m
2026-09-08T05:14:41.4236572Z [2m      Tests [22m [1m[31m2 failed[39m[22m[2m | [22m[1m[32m332 passed[39m[22m[90m (334)[39m
2026-09-08T05:14:41.4237119Z [2m   Start at [22m 05:07:02
2026-09-08T05:14:41.4237786Z [2m   Duration [22m 458.55s[2m (transform 1.19s, setup 0ms, import 4.29s, tests 445.79s, environment 5ms)[22m
2026-09-08T05:14:41.4238333Z 
2026-09-08T05:14:41.5184622Z [ELIFECYCLE] Test failed. See above for more details.
2026-09-08T05:14:41.5641983Z [ELIFECYCLE] Command failed with exit code 1.
2026-09-08T05:14:41.6117601Z ##[error]Process completed with exit code 1.
2026-09-08T05:14:41.6457610Z Node 20 is being deprecated. This workflow is running with Node 24 by default. If you need to temporarily use Node 20, you can set the ACTIONS_ALLOW_USE_UNSECURE_NODE_VERSION=true environment variable. For more information see: https://github.blog/changelog/2025-09-19-deprecation-of-node-20-on-github-actions-runners/
2026-09-08T05:14:41.6459102Z Post job cleanup.
2026-09-08T05:14:41.8440098Z [command]"C:\Program Files\Git\bin\git.exe" version
2026-09-08T05:14:41.8728579Z git version 2.55.0.windows.5
2026-09-08T05:14:41.8803522Z Temporarily overriding HOME='D:\a\_temp\9ebd5bf9-60aa-40da-9406-2c48a051a100' before making global git config changes
2026-09-08T05:14:41.8805037Z Adding repository directory to the temporary git global config as a safe directory
2026-09-08T05:14:41.8820792Z [command]"C:\Program Files\Git\bin\git.exe" config --global --add safe.directory D:\a\-ai-software-engineering-os\-ai-software-engineering-os
2026-09-08T05:14:41.9188261Z [command]"C:\Program Files\Git\bin\git.exe" config --local --name-only --get-regexp core\.sshCommand
2026-09-08T05:14:41.9524491Z [command]"C:\Program Files\Git\bin\git.exe" submodule foreach --recursive "sh -c \"git config --local --name-only --get-regexp 'core\.sshCommand' && git config --local --unset-all 'core.sshCommand' || :\""
2026-09-08T05:14:42.4870530Z [command]"C:\Program Files\Git\bin\git.exe" config --local --name-only --get-regexp http\.https\:\/\/github\.com\/\.extraheader
2026-09-08T05:14:42.5143276Z http.https://github.com/.extraheader
2026-09-08T05:14:42.5185043Z [command]"C:\Program Files\Git\bin\git.exe" config --local --unset-all http.https://github.com/.extraheader
2026-09-08T05:14:42.5541949Z [command]"C:\Program Files\Git\bin\git.exe" submodule foreach --recursive "sh -c \"git config --local --name-only --get-regexp 'http\.https\:\/\/github\.com\/\.extraheader' && git config --local --unset-all 'http.https://github.com/.extraheader' || :\""
2026-09-08T05:14:43.1290259Z Cleaning up orphan processes
2026-09-08T05:14:43.2030902Z ##[warning]Node.js 20 is deprecated. The following actions target Node.js 20 but are being forced to run on Node.js 24: actions/checkout@11bd71901bbe5b1630ceea73d27597364c9af683, actions/setup-node@49933ea5288caeca8642d1e84afbd3f7d6820020. For more information see: https://github.blog/changelog/2025-09-19-deprecation-of-node-20-on-github-actions-runners/
