2026-09-08T07:55:00.2266700Z Current runner version: '2.337.0'
2026-09-08T07:55:00.2294938Z ##[group]Runner Image Provisioner
2026-09-08T07:55:00.2295763Z Hosted Compute Agent
2026-09-08T07:55:00.2296402Z Version: 20260819.586
2026-09-08T07:55:00.2297035Z Commit: 3cc4a88dfa507ef76119ad1bb3eccc6378bb2b76
2026-09-08T07:55:00.2297774Z Build Date: 2026-08-18T23:20:18Z
2026-09-08T07:55:00.2298719Z Worker ID: {bad1f30e-433d-4c86-8685-8086086d63fb}
2026-09-08T07:55:00.2299421Z Azure Region: westus
2026-09-08T07:55:00.2300010Z ##[endgroup]
2026-09-08T07:55:00.2301569Z ##[group]Operating System
2026-09-08T07:55:00.2302242Z Microsoft Windows Server 2025
2026-09-08T07:55:00.2302991Z 10.0.26100
2026-09-08T07:55:00.2303655Z Datacenter
2026-09-08T07:55:00.2304494Z ##[endgroup]
2026-09-08T07:55:00.2305007Z ##[group]Runner Image
2026-09-08T07:55:00.2305733Z Image: windows-2025-vs2026
2026-09-08T07:55:00.2306328Z Version: 20260824.214.3
2026-09-08T07:55:00.2307796Z Included Software: https://github.com/actions/runner-images/blob/win25-vs2026/20260824.214/images/windows/Windows2025-VS2026-Readme.md
2026-09-08T07:55:00.2309410Z Image Release: https://github.com/actions/runner-images/releases/tag/win25-vs2026%2F20260824.214
2026-09-08T07:55:00.2310522Z ##[endgroup]
2026-09-08T07:55:00.2311559Z ##[group]GITHUB_TOKEN Permissions
2026-09-08T07:55:00.2313687Z Contents: read
2026-09-08T07:55:00.2314268Z Metadata: read
2026-09-08T07:55:00.2314771Z ##[endgroup]
2026-09-08T07:55:00.2316913Z Secret source: Actions
2026-09-08T07:55:00.2317918Z Prepare workflow directory
2026-09-08T07:55:00.2707483Z Prepare all required actions
2026-09-08T07:55:00.2759250Z Getting action download info
2026-09-08T07:55:00.5951549Z Download action repository 'actions/checkout@11bd71901bbe5b1630ceea73d27597364c9af683' (SHA:11bd71901bbe5b1630ceea73d27597364c9af683)
2026-09-08T07:55:00.7316377Z Download action repository 'actions/setup-node@49933ea5288caeca8642d1e84afbd3f7d6820020' (SHA:49933ea5288caeca8642d1e84afbd3f7d6820020)
2026-09-08T07:55:01.0514581Z Uses: olu37776-bit/-ai-software-engineering-os/.github/workflows/quality.yml@refs/pull/101/merge (5f6c6437f09cc486e5143f1de63acbe0ade821f7)
2026-09-08T07:55:01.0520391Z ##[group] Inputs
2026-09-08T07:55:01.0521001Z   target_sha: 3777bda86f090ac75a3382b8b310da17737dc257
2026-09-08T07:55:01.0521605Z ##[endgroup]
2026-09-08T07:55:01.0522180Z Complete job name: required-quality / qualify (windows-x64)
2026-09-08T07:55:01.2378807Z Node 20 is being deprecated. This workflow is running with Node 24 by default. If you need to temporarily use Node 20, you can set the ACTIONS_ALLOW_USE_UNSECURE_NODE_VERSION=true environment variable. For more information see: https://github.blog/changelog/2025-09-19-deprecation-of-node-20-on-github-actions-runners/
2026-09-08T07:55:01.2390859Z ##[group]Run actions/checkout@11bd71901bbe5b1630ceea73d27597364c9af683
2026-09-08T07:55:01.2391949Z with:
2026-09-08T07:55:01.2392404Z   ref: 3777bda86f090ac75a3382b8b310da17737dc257
2026-09-08T07:55:01.2392968Z   fetch-depth: 0
2026-09-08T07:55:01.2393503Z   repository: olu37776-bit/-ai-software-engineering-os
2026-09-08T07:55:01.2398283Z   token: ***
2026-09-08T07:55:01.2398682Z   ssh-strict: true
2026-09-08T07:55:01.2399094Z   ssh-user: git
2026-09-08T07:55:01.2399511Z   persist-credentials: true
2026-09-08T07:55:01.2399974Z   clean: true
2026-09-08T07:55:01.2400392Z   sparse-checkout-cone-mode: true
2026-09-08T07:55:01.2400942Z   fetch-tags: false
2026-09-08T07:55:01.2401357Z   show-progress: true
2026-09-08T07:55:01.2401775Z   lfs: false
2026-09-08T07:55:01.2402145Z   submodules: false
2026-09-08T07:55:01.2402549Z   set-safe-directory: true
2026-09-08T07:55:01.2403202Z ##[endgroup]
2026-09-08T07:55:01.4062659Z Syncing repository: olu37776-bit/-ai-software-engineering-os
2026-09-08T07:55:01.4064685Z ##[group]Getting Git version info
2026-09-08T07:55:01.4065512Z Working directory is 'D:\a\-ai-software-engineering-os\-ai-software-engineering-os'
2026-09-08T07:55:01.4923088Z [command]"C:\Program Files\Git\bin\git.exe" version
2026-09-08T07:55:01.7235419Z git version 2.55.0.windows.5
2026-09-08T07:55:01.7299351Z ##[endgroup]
2026-09-08T07:55:01.7324925Z Temporarily overriding HOME='D:\a\_temp\2a349693-0c05-450e-a996-bdfcb935bce2' before making global git config changes
2026-09-08T07:55:01.7327592Z Adding repository directory to the temporary git global config as a safe directory
2026-09-08T07:55:01.7339741Z [command]"C:\Program Files\Git\bin\git.exe" config --global --add safe.directory D:\a\-ai-software-engineering-os\-ai-software-engineering-os
2026-09-08T07:55:01.7764196Z Deleting the contents of 'D:\a\-ai-software-engineering-os\-ai-software-engineering-os'
2026-09-08T07:55:01.7865639Z ##[group]Initializing the repository
2026-09-08T07:55:01.7867476Z [command]"C:\Program Files\Git\bin\git.exe" init D:\a\-ai-software-engineering-os\-ai-software-engineering-os
2026-09-08T07:55:01.8666575Z Initialized empty Git repository in D:/a/-ai-software-engineering-os/-ai-software-engineering-os/.git/
2026-09-08T07:55:01.8730147Z [command]"C:\Program Files\Git\bin\git.exe" remote add origin https://github.com/olu37776-bit/-ai-software-engineering-os
2026-09-08T07:55:01.9114506Z ##[endgroup]
2026-09-08T07:55:01.9115424Z ##[group]Disabling automatic garbage collection
2026-09-08T07:55:01.9128651Z [command]"C:\Program Files\Git\bin\git.exe" config --local gc.auto 0
2026-09-08T07:55:01.9511703Z ##[endgroup]
2026-09-08T07:55:01.9512964Z ##[group]Setting up auth
2026-09-08T07:55:01.9526765Z [command]"C:\Program Files\Git\bin\git.exe" config --local --name-only --get-regexp core\.sshCommand
2026-09-08T07:55:01.9924102Z [command]"C:\Program Files\Git\bin\git.exe" submodule foreach --recursive "sh -c \"git config --local --name-only --get-regexp 'core\.sshCommand' && git config --local --unset-all 'core.sshCommand' || :\""
2026-09-08T07:55:03.3433283Z [command]"C:\Program Files\Git\bin\git.exe" config --local --name-only --get-regexp http\.https\:\/\/github\.com\/\.extraheader
2026-09-08T07:55:03.3795661Z [command]"C:\Program Files\Git\bin\git.exe" submodule foreach --recursive "sh -c \"git config --local --name-only --get-regexp 'http\.https\:\/\/github\.com\/\.extraheader' && git config --local --unset-all 'http.https://github.com/.extraheader' || :\""
2026-09-08T07:55:04.0548601Z [command]"C:\Program Files\Git\bin\git.exe" config --local http.https://github.com/.extraheader "AUTHORIZATION: basic ***"
2026-09-08T07:55:04.0949017Z ##[endgroup]
2026-09-08T07:55:04.0950484Z ##[group]Fetching the repository
2026-09-08T07:55:04.0962251Z [command]"C:\Program Files\Git\bin\git.exe" -c protocol.version=2 fetch --prune --no-recurse-submodules origin +refs/heads/*:refs/remotes/origin/* +refs/tags/*:refs/tags/*
2026-09-08T07:55:05.3387836Z From https://github.com/olu37776-bit/-ai-software-engineering-os
2026-09-08T07:55:05.3389138Z  * [new branch]      diagnostic/issue-53-prettier-output -> origin/diagnostic/issue-53-prettier-output
2026-09-08T07:55:05.3390530Z  * [new branch]      docs/coverage-loop-redesign-20260908 -> origin/docs/coverage-loop-redesign-20260908
2026-09-08T07:55:05.3392211Z  * [new branch]      docs/knowledge-reconstruction-design-v1-20260908 -> origin/docs/knowledge-reconstruction-design-v1-20260908
2026-09-08T07:55:05.3393425Z  * [new branch]      docs/learning-feedback-rebaseline-20260908 -> origin/docs/learning-feedback-rebaseline-20260908
2026-09-08T07:55:05.3394442Z  * [new branch]      gate/p1-o04-final-scope-authority-amendment-issue-41 -> origin/gate/p1-o04-final-scope-authority-amendment-issue-41
2026-09-08T07:55:05.3395518Z  * [new branch]      gate/p1-o04-final-scope-authority-amendment-issue-44 -> origin/gate/p1-o04-final-scope-authority-amendment-issue-44
2026-09-08T07:55:05.3396604Z  * [new branch]      gate/p1-o04-final-scope-authority-amendment-issue-48 -> origin/gate/p1-o04-final-scope-authority-amendment-issue-48
2026-09-08T07:55:05.3397916Z  * [new branch]      gate/p1-o04-resume-after-issue-29-final-amendment-issue-48 -> origin/gate/p1-o04-resume-after-issue-29-final-amendment-issue-48
2026-09-08T07:55:05.3401418Z  * [new branch]      gate/p1-o04-transition-enforcement-issue-29 -> origin/gate/p1-o04-transition-enforcement-issue-29
2026-09-08T07:55:05.3402386Z  * [new branch]      gate/p1-o05-start-after-issue-53-independent -> origin/gate/p1-o05-start-after-issue-53-independent
2026-09-08T07:55:05.3403346Z  * [new branch]      gate/p1-o05-transition-authorization-issue-53 -> origin/gate/p1-o05-transition-authorization-issue-53
2026-09-08T07:55:05.3404348Z  * [new branch]      gate/p1-o06-governance-amendment-authorization-issue-64 -> origin/gate/p1-o06-governance-amendment-authorization-issue-64
2026-09-08T07:55:05.3405462Z  * [new branch]      gate/p1-o06-start-after-issue-64-independent -> origin/gate/p1-o06-start-after-issue-64-independent
2026-09-08T07:55:05.3406680Z  * [new branch]      gate/p1-o07-governance-amendment-authorization-issue-71 -> origin/gate/p1-o07-governance-amendment-authorization-issue-71
2026-09-08T07:55:05.3407678Z  * [new branch]      gate/p1-o07-start-after-issue-71-independent -> origin/gate/p1-o07-start-after-issue-71-independent
2026-09-08T07:55:05.3408596Z  * [new branch]      governance/issue-11-independent-gate -> origin/governance/issue-11-independent-gate
2026-09-08T07:55:05.3409352Z  * [new branch]      governance/issue-14-authorization-gate -> origin/governance/issue-14-authorization-gate
2026-09-08T07:55:05.3410047Z  * [new branch]      governance/m0-final-gate -> origin/governance/m0-final-gate
2026-09-08T07:55:05.3410735Z  * [new branch]      governance/p1-execution-scope-amendment -> origin/governance/p1-execution-scope-amendment
2026-09-08T07:55:05.3411477Z  * [new branch]      governance/p1-o01-independent-gate -> origin/governance/p1-o01-independent-gate
2026-09-08T07:55:05.3412248Z  * [new branch]      governance/p1-o02-resume-after-issue-14 -> origin/governance/p1-o02-resume-after-issue-14
2026-09-08T07:55:05.3413022Z  * [new branch]      governance/p1-o02-resume-after-issue-21 -> origin/governance/p1-o02-resume-after-issue-21
2026-09-08T07:55:05.3413828Z  * [new branch]      governance/p1-o02-resume-after-issue-24 -> origin/governance/p1-o02-resume-after-issue-24
2026-09-08T07:55:05.3414723Z  * [new branch]      governance/p1-o02-root-integration-scope-amendment -> origin/governance/p1-o02-root-integration-scope-amendment
2026-09-08T07:55:05.3416565Z  * [new branch]      governance/p1-o04-final-scope-authority-amendment-issue-41 -> origin/governance/p1-o04-final-scope-authority-amendment-issue-41
2026-09-08T07:55:05.3418493Z  * [new branch]      governance/p1-o04-final-scope-authority-amendment-issue-44 -> origin/governance/p1-o04-final-scope-authority-amendment-issue-44
2026-09-08T07:55:05.3419821Z  * [new branch]      governance/p1-o04-final-scope-authority-amendment-issue-48 -> origin/governance/p1-o04-final-scope-authority-amendment-issue-48
2026-09-08T07:55:05.3420865Z  * [new branch]      governance/p1-o04-transition-enforcement-issue-29 -> origin/governance/p1-o04-transition-enforcement-issue-29
2026-09-08T07:55:05.3423302Z  * [new branch]      governance/p1-o04-transition-enforcement-scope-amendment -> origin/governance/p1-o04-transition-enforcement-scope-amendment
2026-09-08T07:55:05.3424473Z  * [new branch]      governance/p1-o05-scope-authority-amendment-issue-53 -> origin/governance/p1-o05-scope-authority-amendment-issue-53
2026-09-08T07:55:05.3425535Z  * [new branch]      governance/p1-o06-scope-authority-amendment-issue-64 -> origin/governance/p1-o06-scope-authority-amendment-issue-64
2026-09-08T07:55:05.3427134Z  * [new branch]      governance/p1-o07-scope-authority-amendment-issue-71 -> origin/governance/p1-o07-scope-authority-amendment-issue-71
2026-09-08T07:55:05.3428154Z  * [new branch]      governance/phase-1-entry-gate -> origin/governance/phase-1-entry-gate
2026-09-08T07:55:05.3428724Z  * [new branch]      main       -> origin/main
2026-09-08T07:55:05.3429642Z  * [new branch]      phase-1/issue-11-transition-remediation -> origin/phase-1/issue-11-transition-remediation
2026-09-08T07:55:05.3431433Z  * [new branch]      phase-1/p1-o01-authority-owner-test-remediation-issue-44 -> origin/phase-1/p1-o01-authority-owner-test-remediation-issue-44
2026-09-08T07:55:05.3432914Z  * [new branch]      phase-1/p1-o01-base-exact-merge-execution-issue-37 -> origin/phase-1/p1-o01-base-exact-merge-execution-issue-37
2026-09-08T07:55:05.3434329Z  * [new branch]      phase-1/p1-o01-governance-amendment-mode -> origin/phase-1/p1-o01-governance-amendment-mode
2026-09-08T07:55:05.3435558Z  * [new branch]      phase-1/p1-o01-issue29-final-gate-recovery-issue-39 -> origin/phase-1/p1-o01-issue29-final-gate-recovery-issue-39
2026-09-08T07:55:05.3436596Z  * [new branch]      phase-1/p1-o01-issue33-evidence-correction-issue-35 -> origin/phase-1/p1-o01-issue33-evidence-correction-issue-35
2026-09-08T07:55:05.3437583Z  * [new branch]      phase-1/p1-o01-lf-c1-entry-preparation-issue-95 -> origin/phase-1/p1-o01-lf-c1-entry-preparation-issue-95
2026-09-08T07:55:05.3438585Z  * [new branch]      phase-1/p1-o01-p1-o04-transition-enforcement-issue-29 -> origin/phase-1/p1-o01-p1-o04-transition-enforcement-issue-29
2026-09-08T07:55:05.3440268Z  * [new branch]      phase-1/p1-o01-p1-o05-start-gate-enforcement-issue-53 -> origin/phase-1/p1-o01-p1-o05-start-gate-enforcement-issue-53
2026-09-08T07:55:05.3441904Z  * [new branch]      phase-1/p1-o01-p1-o05-transition-enforcement-issue-53 -> origin/phase-1/p1-o01-p1-o05-transition-enforcement-issue-53
2026-09-08T07:55:05.3443116Z  * [new branch]      phase-1/p1-o01-p1-o06-start-gate-enforcement-issue-64 -> origin/phase-1/p1-o01-p1-o06-start-gate-enforcement-issue-64
2026-09-08T07:55:05.3444180Z  * [new branch]      phase-1/p1-o01-p1-o07-start-gate-enforcement-issue-71 -> origin/phase-1/p1-o01-p1-o07-start-gate-enforcement-issue-71
2026-09-08T07:55:05.3445283Z  * [new branch]      phase-1/p1-o01-post-merge-qualification-dispatch-issue-33 -> origin/phase-1/p1-o01-post-merge-qualification-dispatch-issue-33
2026-09-08T07:55:05.3446293Z  * [new branch]      phase-1/p1-o01-review-remediation-issue-82 -> origin/phase-1/p1-o01-review-remediation-issue-82
2026-09-08T07:55:05.3447113Z  * [new branch]      phase-1/p1-o01-toolchain-foundation -> origin/phase-1/p1-o01-toolchain-foundation
2026-09-08T07:55:05.3447928Z  * [new branch]      phase-1/p1-o01-toolchain-topology-verifier -> origin/phase-1/p1-o01-toolchain-topology-verifier
2026-09-08T07:55:05.3449141Z  * [new branch]      phase-1/p1-o01-toolchain-transition-remediation-issue-24 -> origin/phase-1/p1-o01-toolchain-transition-remediation-issue-24
2026-09-08T07:55:05.3450083Z  * [new branch]      phase-1/p1-o02-contract-foundation -> origin/phase-1/p1-o02-contract-foundation
2026-09-08T07:55:05.3450892Z  * [new branch]      phase-1/p1-o02-contract-foundation-resume-3 -> origin/phase-1/p1-o02-contract-foundation-resume-3
2026-09-08T07:55:05.3451762Z  * [new branch]      phase-1/p1-o02-review-remediation-issue-82 -> origin/phase-1/p1-o02-review-remediation-issue-82
2026-09-08T07:55:05.3452809Z  * [new branch]      phase-1/p1-o02-windows-example-suite-copy-remediation-issue-64 -> origin/phase-1/p1-o02-windows-example-suite-copy-remediation-issue-64
2026-09-08T07:55:05.3454207Z  * [new branch]      phase-1/p1-o03-architecture-enforcement -> origin/phase-1/p1-o03-architecture-enforcement
2026-09-08T07:55:05.3455111Z  * [new branch]      phase-1/p1-o03-review-remediation-issue-82 -> origin/phase-1/p1-o03-review-remediation-issue-82
2026-09-08T07:55:05.3455928Z  * [new branch]      phase-1/p1-o04-deterministic-policy -> origin/phase-1/p1-o04-deterministic-policy
2026-09-08T07:55:05.3456740Z  * [new branch]      phase-1/p1-o04-review-remediation-issue-82 -> origin/phase-1/p1-o04-review-remediation-issue-82
2026-09-08T07:55:05.3457590Z  * [new branch]      phase-1/p1-o05-node-sqlite-qualification -> origin/phase-1/p1-o05-node-sqlite-qualification
2026-09-08T07:55:05.3458573Z  * [new branch]      phase-1/p1-o05-node-sqlite-qualification-resume-issue-60 -> origin/phase-1/p1-o05-node-sqlite-qualification-resume-issue-60
2026-09-08T07:55:05.3459545Z  * [new branch]      phase-1/p1-o05-review-remediation-issue-82 -> origin/phase-1/p1-o05-review-remediation-issue-82
2026-09-08T07:55:05.3460772Z  * [new branch]      phase-1/p1-o06-authenticated-loopback-control-api-issue-64 -> origin/phase-1/p1-o06-authenticated-loopback-control-api-issue-64
2026-09-08T07:55:05.3462087Z  * [new branch]      phase-1/p1-o06-review-remediation-issue-82 -> origin/phase-1/p1-o06-review-remediation-issue-82
2026-09-08T07:55:05.3463113Z  * [new branch]      phase-1/p1-o06-windows-claim-liveness-issue-82 -> origin/phase-1/p1-o06-windows-claim-liveness-issue-82
2026-09-08T07:55:05.3463999Z  * [new branch]      phase-1/p1-o07-review-remediation-issue-82 -> origin/phase-1/p1-o07-review-remediation-issue-82
2026-09-08T07:55:05.3466029Z  * [new branch]      phase-1/p1-o07-windows-process-restricted-qualification-issue-71 -> origin/phase-1/p1-o07-windows-process-restricted-qualification-issue-71
2026-09-08T07:55:05.3467821Z  * [new branch]      phase-1/p1-o08-packaging -> origin/phase-1/p1-o08-packaging
2026-09-08T07:55:05.3469230Z  * [new branch]      phase-1/p1-o08-review-remediation-issue-82 -> origin/phase-1/p1-o08-review-remediation-issue-82
2026-09-08T07:55:05.3470819Z  * [new branch]      phase-1/p1-o09-integrated-gate -> origin/phase-1/p1-o09-integrated-gate
2026-09-08T07:55:05.3472361Z  * [new branch]      phase-1/p1-o09-integrated-handoff-issue-82 -> origin/phase-1/p1-o09-integrated-handoff-issue-82
2026-09-08T07:55:05.3474342Z  * [new branch]      phase-1/p1-o09-qualification-fixture-repair-issue-82 -> origin/phase-1/p1-o09-qualification-fixture-repair-issue-82
2026-09-08T07:55:05.3476159Z  * [new branch]      phase-1/p1-o09-review-plan-issue-82 -> origin/phase-1/p1-o09-review-plan-issue-82
2026-09-08T07:55:05.3477634Z  * [new branch]      remediation/m0-governance-hardening -> origin/remediation/m0-governance-hardening
2026-09-08T07:55:05.3479293Z  * [new branch]      remediation/m0-preimplementation-governance -> origin/remediation/m0-preimplementation-governance
2026-09-08T07:55:05.3480899Z  * [new branch]      remediation/p1-o06-windows-acl-native -> origin/remediation/p1-o06-windows-acl-native
2026-09-08T07:55:05.3482970Z  * [new branch]      transition/p1-o02-dynamic-contract-qualification-issue-60 -> origin/transition/p1-o02-dynamic-contract-qualification-issue-60
2026-09-08T07:55:05.3485221Z [command]"C:\Program Files\Git\bin\git.exe" rev-parse --verify --quiet 3777bda86f090ac75a3382b8b310da17737dc257^{object}
2026-09-08T07:55:05.3741967Z 3777bda86f090ac75a3382b8b310da17737dc257
2026-09-08T07:55:05.3777385Z ##[endgroup]
2026-09-08T07:55:05.3777945Z ##[group]Determining the checkout info
2026-09-08T07:55:05.3780279Z ##[endgroup]
2026-09-08T07:55:05.3789793Z [command]"C:\Program Files\Git\bin\git.exe" sparse-checkout disable
2026-09-08T07:55:05.4155258Z [command]"C:\Program Files\Git\bin\git.exe" config --local --unset-all extensions.worktreeConfig
2026-09-08T07:55:05.4478155Z ##[group]Checking out the ref
2026-09-08T07:55:05.4489009Z [command]"C:\Program Files\Git\bin\git.exe" checkout --progress --force 3777bda86f090ac75a3382b8b310da17737dc257
2026-09-08T07:55:05.6578963Z Note: switching to '3777bda86f090ac75a3382b8b310da17737dc257'.
2026-09-08T07:55:05.6580509Z 
2026-09-08T07:55:05.6581030Z You are in 'detached HEAD' state. You can look around, make experimental
2026-09-08T07:55:05.6582030Z changes and commit them, and you can discard any commits you make in this
2026-09-08T07:55:05.6583072Z state without impacting any branches by switching back to a branch.
2026-09-08T07:55:05.6583662Z 
2026-09-08T07:55:05.6584038Z If you want to create a new branch to retain commits you create, you may
2026-09-08T07:55:05.6584910Z do so (now or later) by using -c with the switch command. Example:
2026-09-08T07:55:05.6585449Z 
2026-09-08T07:55:05.6585726Z   git switch -c <new-branch-name>
2026-09-08T07:55:05.6586096Z 
2026-09-08T07:55:05.6586329Z Or undo this operation with:
2026-09-08T07:55:05.6586670Z 
2026-09-08T07:55:05.6586869Z   git switch -
2026-09-08T07:55:05.6587146Z 
2026-09-08T07:55:05.6589225Z Turn off this advice by setting config variable advice.detachedHead to false
2026-09-08T07:55:05.6589874Z 
2026-09-08T07:55:05.6590317Z HEAD is now at 3777bda docs(phase-1): normalize receipt timing and handoff formatting
2026-09-08T07:55:05.6648491Z ##[endgroup]
2026-09-08T07:55:05.6994582Z [command]"C:\Program Files\Git\bin\git.exe" log -1 --format=%H
2026-09-08T07:55:05.7293154Z 3777bda86f090ac75a3382b8b310da17737dc257
2026-09-08T07:55:05.7799339Z Node 20 is being deprecated. This workflow is running with Node 24 by default. If you need to temporarily use Node 20, you can set the ACTIONS_ALLOW_USE_UNSECURE_NODE_VERSION=true environment variable. For more information see: https://github.blog/changelog/2025-09-19-deprecation-of-node-20-on-github-actions-runners/
2026-09-08T07:55:05.7801628Z ##[group]Run actions/setup-node@49933ea5288caeca8642d1e84afbd3f7d6820020
2026-09-08T07:55:05.7802032Z with:
2026-09-08T07:55:05.7802257Z   node-version: 24.19.0
2026-09-08T07:55:05.7802511Z   check-latest: false
2026-09-08T07:55:05.7802774Z   always-auth: false
2026-09-08T07:55:05.7805592Z   token: ***
2026-09-08T07:55:05.7805838Z ##[endgroup]
2026-09-08T07:55:05.9712335Z Found in cache @ C:\hostedtoolcache\windows\node\24.19.0\x64
2026-09-08T07:55:05.9721442Z (node:5836) [DEP0040] DeprecationWarning: The `punycode` module is deprecated. Please use a userland alternative instead.
2026-09-08T07:55:05.9722873Z (Use `node --trace-deprecation ...` to show where the warning was created)
2026-09-08T07:55:05.9725833Z ##[group]Environment details
2026-09-08T07:55:14.7441132Z node: v24.19.0
2026-09-08T07:55:14.7441534Z npm: 11.17.0
2026-09-08T07:55:14.7442209Z yarn: 1.22.22
2026-09-08T07:55:14.7443420Z ##[endgroup]
2026-09-08T07:55:14.7781395Z ##[group]Run python -m pip install --disable-pip-version-check --no-input "jsonschema==4.25.1" "referencing==0.36.2"
2026-09-08T07:55:14.7782384Z [36;1mpython -m pip install --disable-pip-version-check --no-input "jsonschema==4.25.1" "referencing==0.36.2"[0m
2026-09-08T07:55:15.0833217Z shell: C:\Program Files\PowerShell\7\pwsh.EXE -command ". '{0}'"
2026-09-08T07:55:15.0833744Z ##[endgroup]
2026-09-08T07:55:22.9536610Z Collecting jsonschema==4.25.1
2026-09-08T07:55:23.1798827Z   Downloading jsonschema-4.25.1-py3-none-any.whl.metadata (7.6 kB)
2026-09-08T07:55:23.3338093Z Collecting referencing==0.36.2
2026-09-08T07:55:23.3492349Z   Downloading referencing-0.36.2-py3-none-any.whl.metadata (2.8 kB)
2026-09-08T07:55:23.4772412Z Collecting attrs>=22.2.0 (from jsonschema==4.25.1)
2026-09-08T07:55:23.4902329Z   Downloading attrs-26.1.0-py3-none-any.whl.metadata (8.8 kB)
2026-09-08T07:55:23.6128608Z Collecting jsonschema-specifications>=2023.03.6 (from jsonschema==4.25.1)
2026-09-08T07:55:23.6275761Z   Downloading jsonschema_specifications-2025.9.1-py3-none-any.whl.metadata (2.9 kB)
2026-09-08T07:55:24.1005163Z Collecting rpds-py>=0.7.1 (from jsonschema==4.25.1)
2026-09-08T07:55:24.1166091Z   Downloading rpds_py-2026.6.3-cp312-cp312-win_amd64.whl.metadata (4.2 kB)
2026-09-08T07:55:24.2689743Z Collecting typing-extensions>=4.4.0 (from referencing==0.36.2)
2026-09-08T07:55:24.2842452Z   Downloading typing_extensions-4.16.0-py3-none-any.whl.metadata (3.3 kB)
2026-09-08T07:55:24.3408525Z Downloading jsonschema-4.25.1-py3-none-any.whl (90 kB)
2026-09-08T07:55:24.4305841Z Downloading referencing-0.36.2-py3-none-any.whl (26 kB)
2026-09-08T07:55:24.4863672Z Downloading attrs-26.1.0-py3-none-any.whl (67 kB)
2026-09-08T07:55:24.5209108Z Downloading jsonschema_specifications-2025.9.1-py3-none-any.whl (18 kB)
2026-09-08T07:55:24.5969355Z Downloading rpds_py-2026.6.3-cp312-cp312-win_amd64.whl (220 kB)
2026-09-08T07:55:24.6577727Z Downloading typing_extensions-4.16.0-py3-none-any.whl (45 kB)
2026-09-08T07:55:25.1266469Z Installing collected packages: typing-extensions, rpds-py, attrs, referencing, jsonschema-specifications, jsonschema
2026-09-08T07:55:25.8438254Z 
2026-09-08T07:55:25.8462102Z Successfully installed attrs-26.1.0 jsonschema-4.25.1 jsonschema-specifications-2025.9.1 referencing-0.36.2 rpds-py-2026.6.3 typing-extensions-4.16.0
2026-09-08T07:55:26.1062681Z ##[group]Run corepack enable
2026-09-08T07:55:26.1063173Z [36;1mcorepack enable[0m
2026-09-08T07:55:26.1063557Z [36;1mcorepack install --global pnpm@11.24.0[0m
2026-09-08T07:55:26.1172219Z shell: C:\Program Files\PowerShell\7\pwsh.EXE -command ". '{0}'"
2026-09-08T07:55:26.1172607Z ##[endgroup]
2026-09-08T07:55:26.8076711Z Installing pnpm@11.24.0...
2026-09-08T07:55:35.8774061Z ##[group]Run pnpm install --frozen-lockfile
2026-09-08T07:55:35.8774466Z [36;1mpnpm install --frozen-lockfile[0m
2026-09-08T07:55:35.8879698Z shell: C:\Program Files\PowerShell\7\pwsh.EXE -command ". '{0}'"
2026-09-08T07:55:35.8880087Z ##[endgroup]
2026-09-08T07:55:37.6670814Z Scope: all 9 workspace projects
2026-09-08T07:55:37.9155551Z ? Verifying lockfile against supply-chain policies (407 entries)...
2026-09-08T07:55:37.9309138Z Lockfile is up to date, resolution step is skipped
2026-09-08T07:55:38.0811521Z Progress: resolved 1, reused 0, downloaded 0, added 0
2026-09-08T07:55:38.1555435Z Packages: +382
2026-09-08T07:55:38.1557116Z ++++++++++++++++++++++++++++++++++++++++++++++++++++++++++++++++++++++++++++++++
2026-09-08T07:55:39.0904844Z Progress: resolved 382, reused 0, downloaded 0, added 0
2026-09-08T07:55:40.1380962Z Progress: resolved 382, reused 0, downloaded 23, added 0
2026-09-08T07:55:41.0120816Z Packages are hard linked from the content-addressable store to the virtual store.
2026-09-08T07:55:41.0122815Z   Content-addressable store is at: D:\.pnpm-store\v11
2026-09-08T07:55:41.0124784Z   Virtual store is at:             node_modules/.pnpm
2026-09-08T07:55:41.1340700Z Progress: resolved 382, reused 0, downloaded 67, added 4
2026-09-08T07:55:42.1409768Z Progress: resolved 382, reused 0, downloaded 129, added 7
2026-09-08T07:55:43.1521995Z ✓ Lockfile passes supply-chain policies (407 entries in 5.2s)
2026-09-08T07:55:43.1522964Z Progress: resolved 382, reused 0, downloaded 191, added 11
2026-09-08T07:55:44.1549912Z Progress: resolved 382, reused 0, downloaded 382, added 46
2026-09-08T07:55:45.1577857Z Progress: resolved 382, reused 0, downloaded 382, added 221
2026-09-08T07:55:45.5313574Z Progress: resolved 382, reused 0, downloaded 382, added 382, done
2026-09-08T07:55:46.0744985Z .../node_modules/protobufjs postinstall$ node scripts/postinstall
2026-09-08T07:55:46.1715706Z .../node_modules/protobufjs postinstall: Done
2026-09-08T07:55:46.2278307Z [WARN] Failed to create bin at D:\a\-ai-software-engineering-os\-ai-software-engineering-os\node_modules\.bin\aseos-worker. ENOENT: no such file or directory, stat 'D:\a\-ai-software-engineering-os\-ai-software-engineering-os\apps\worker\dist\main.js.EXE'
2026-09-08T07:55:46.3009535Z 
2026-09-08T07:55:46.3010311Z dependencies:
2026-09-08T07:55:46.3011129Z + @aseos/contracts 0.1.0 <- packages\contracts
2026-09-08T07:55:46.3011992Z + @aseos/persistence 0.1.0 <- packages\persistence
2026-09-08T07:55:46.3012795Z + @aseos/platform 0.1.0 <- packages\platform
2026-09-08T07:55:46.3013541Z + @aseos/policy 0.1.0 <- packages\policy
2026-09-08T07:55:46.3019129Z + @aseos/windows-process-restricted 0.1.0 <- packages\adapters\tool\windows-process-restricted
2026-09-08T07:55:46.3022852Z + @aseos/worker 0.1.0 <- apps\worker
2026-09-08T07:55:46.3023766Z 
2026-09-08T07:55:46.3024082Z devDependencies:
2026-09-08T07:55:46.3024571Z + @eslint/js 10.0.1
2026-09-08T07:55:46.3025255Z + @opentelemetry/sdk-node 0.221.0
2026-09-08T07:55:46.3027477Z + @stryker-mutator/core 10.0.0
2026-09-08T07:55:46.3029373Z + @stryker-mutator/typescript-checker 10.0.0
2026-09-08T07:55:46.3031079Z + @stryker-mutator/vitest-runner 10.0.0
2026-09-08T07:55:46.3032301Z + @types/node 24.13.3
2026-09-08T07:55:46.3037010Z + ajv 8.20.0
2026-09-08T07:55:46.3041839Z + dependency-cruiser 18.2.0
2026-09-08T07:55:46.3042507Z + eslint 10.9.1
2026-09-08T07:55:46.3043090Z + fast-check 4.9.0
2026-09-08T07:55:46.3043697Z + prettier 3.9.6
2026-09-08T07:55:46.3046402Z + typescript 6.0.3
2026-09-08T07:55:46.3048515Z + typescript-eslint 8.68.0
2026-09-08T07:55:46.3051211Z + vitest 4.1.11
2026-09-08T07:55:46.3051669Z 
2026-09-08T07:55:46.3191489Z [WARN] Failed to create bin at D:\a\-ai-software-engineering-os\-ai-software-engineering-os\node_modules\.bin\aseos-worker. ENOENT: no such file or directory, stat 'D:\a\-ai-software-engineering-os\-ai-software-engineering-os\node_modules\@aseos\worker\dist\main.js.EXE'
2026-09-08T07:55:46.3592699Z Done in 9.9s using pnpm v11.24.0
2026-09-08T07:55:46.5026143Z ##[group]Run pnpm run verify:versions
2026-09-08T07:55:46.5026519Z [36;1mpnpm run verify:versions[0m
2026-09-08T07:55:46.5143553Z shell: C:\Program Files\PowerShell\7\pwsh.EXE -command ". '{0}'"
2026-09-08T07:55:46.5143921Z ##[endgroup]
2026-09-08T07:55:47.5651815Z $ node scripts/toolchain/verify-versions.mjs
2026-09-08T07:55:49.0148820Z {
2026-09-08T07:55:49.0149094Z   "schemaVersion": "1.0.0",
2026-09-08T07:55:49.0149424Z   "check": "BUILD_VERSION_CONSISTENCY",
2026-09-08T07:55:49.0149737Z   "result": "PASS",
2026-09-08T07:55:49.0149931Z   "actual": {
2026-09-08T07:55:49.0150272Z     "node": "24.19.0",
2026-09-08T07:55:49.0150552Z     "pnpm": "11.24.0",
2026-09-08T07:55:49.0150766Z     "typescript": "6.0.3"
2026-09-08T07:55:49.0150971Z   },
2026-09-08T07:55:49.0151362Z   "lockfileSha256": "29ed28951e114220bc2d7fc8c72220138ce8956639c7190fcfa0aeb6e99264d8",
2026-09-08T07:55:49.0151829Z   "packageManager": "pnpm@11.24.0"
2026-09-08T07:55:49.0152162Z }
2026-09-08T07:55:49.1361655Z ##[group]Run pnpm run verify:scope
2026-09-08T07:55:49.1362044Z [36;1mpnpm run verify:scope[0m
2026-09-08T07:55:49.1488533Z shell: C:\Program Files\PowerShell\7\pwsh.EXE -command ". '{0}'"
2026-09-08T07:55:49.1488889Z env:
2026-09-08T07:55:49.1489606Z   PHASE1_SCOPE_BASE: db310b1d33324e72ba7767eb66760e4e54c8e1bd
2026-09-08T07:55:49.1490642Z   PHASE1_SCOPE_BRANCH: phase-1/p1-o09-integrated-handoff-issue-82
2026-09-08T07:55:49.1492191Z   PHASE1_SCOPE_EVENT: pull_request
2026-09-08T07:55:49.1492789Z   PHASE1_SCOPE_HEAD: 3777bda86f090ac75a3382b8b310da17737dc257
2026-09-08T07:55:49.1493352Z ##[endgroup]
2026-09-08T07:55:50.2109840Z $ node scripts/toolchain/verify-scope.mjs
2026-09-08T07:55:50.7487734Z {
2026-09-08T07:55:50.7488213Z   "schemaVersion": "1.0.0",
2026-09-08T07:55:50.7489161Z   "check": "PHASE1_OPERATION_AWARE_WRITE_SCOPE",
2026-09-08T07:55:50.7489752Z   "result": "PASS",
2026-09-08T07:55:50.7490263Z   "mode": "OPERATION_EXECUTION",
2026-09-08T07:55:50.7490890Z   "operationId": "P1-O09",
2026-09-08T07:55:50.7491784Z   "executionRecord": "operations/phase-1/executions/p1-o09-integrated-handoff-issue-82.json",
2026-09-08T07:55:50.7492589Z   "baseCommit": "db310b1d33324e72ba7767eb66760e4e54c8e1bd",
2026-09-08T07:55:50.7493145Z   "headCommit": "3777bda86f090ac75a3382b8b310da17737dc257",
2026-09-08T07:55:50.7494028Z   "branch": "phase-1/p1-o09-integrated-handoff-issue-82",
2026-09-08T07:55:50.7494600Z   "enforcementMode": "DENY_BY_DEFAULT",
2026-09-08T07:55:50.7494999Z   "operationStartGate": {
2026-09-08T07:55:50.7495409Z     "required": false
2026-09-08T07:55:50.7495803Z   },
2026-09-08T07:55:50.7496188Z   "authorityLockRefresh": {
2026-09-08T07:55:50.7496669Z     "lockChanged": false,
2026-09-08T07:55:50.7497011Z     "changedLockedPaths": []
2026-09-08T07:55:50.7497309Z   },
2026-09-08T07:55:50.7497738Z   "immutableAuthorityFilesVerified": 25,
2026-09-08T07:55:50.7498286Z   "changedPaths": [
2026-09-08T07:55:50.7498749Z     "README.md",
2026-09-08T07:55:50.7499234Z     "docs/README.md",
2026-09-08T07:55:50.7499964Z     "docs/implementation/phase-1/o09/integrated-handoff-issue-82.md",
2026-09-08T07:55:50.7500810Z     "docs/reviews/phase-1-integrated-verification-issue-82.md",
2026-09-08T07:55:50.7501517Z     "docs/roadmap/progress-status.md",
2026-09-08T07:55:50.7502052Z     "operations/phase-1/evidence/o09/issue-82/integrated/455ae22-failed-job-101969108127.log",
2026-09-08T07:55:50.7502715Z     "operations/phase-1/evidence/o09/issue-82/integrated/455ae22-failed-job-101969108356.log",
2026-09-08T07:55:50.7503714Z     "operations/phase-1/evidence/o09/issue-82/integrated/455ae22-required-gate-failure.json",
2026-09-08T07:55:50.7504337Z     "operations/phase-1/evidence/o09/issue-82/integrated/8d24246-architecture.jsonlog",
2026-09-08T07:55:50.7504887Z     "operations/phase-1/evidence/o09/issue-82/integrated/8d24246-build.log",
2026-09-08T07:55:50.7505438Z     "operations/phase-1/evidence/o09/issue-82/integrated/8d24246-contracts.jsonlog",
2026-09-08T07:55:50.7506029Z     "operations/phase-1/evidence/o09/issue-82/integrated/8d24246-control-api.jsonlog",
2026-09-08T07:55:50.7506587Z     "operations/phase-1/evidence/o09/issue-82/integrated/8d24246-focused.log",
2026-09-08T07:55:50.7507663Z     "operations/phase-1/evidence/o09/issue-82/integrated/8d24246-install.log",
2026-09-08T07:55:50.7508273Z     "operations/phase-1/evidence/o09/issue-82/integrated/8d24246-local-verification.json",
2026-09-08T07:55:50.7508841Z     "operations/phase-1/evidence/o09/issue-82/integrated/8d24246-m0.json",
2026-09-08T07:55:50.7509365Z     "operations/phase-1/evidence/o09/issue-82/integrated/8d24246-mutation.json",
2026-09-08T07:55:50.7509920Z     "operations/phase-1/evidence/o09/issue-82/integrated/8d24246-persistence.jsonlog",
2026-09-08T07:55:50.7510469Z     "operations/phase-1/evidence/o09/issue-82/integrated/8d24246-scope.json",
2026-09-08T07:55:50.7511003Z     "operations/phase-1/evidence/o09/issue-82/integrated/a3a56bb-focused.log",
2026-09-08T07:55:50.7514351Z     "operations/phase-1/evidence/o09/issue-82/integrated/a3a56bb-local-verification.json",
2026-09-08T07:55:50.7515090Z     "operations/phase-1/evidence/o09/issue-82/integrated/a3a56bb-m0.json",
2026-09-08T07:55:50.7516470Z     "operations/phase-1/evidence/o09/issue-82/integrated/a3a56bb-policy-mutation.json",
2026-09-08T07:55:50.7519317Z     "operations/phase-1/evidence/o09/issue-82/integrated/a3a56bb-scope.json",
2026-09-08T07:55:50.7520534Z     "operations/phase-1/evidence/o09/issue-82/integrated/db310b1-downloaded-artifact-verification.json",
2026-09-08T07:55:50.7521289Z     "operations/phase-1/evidence/o09/issue-82/integrated/db310b1-job-101965794997.log",
2026-09-08T07:55:50.7521897Z     "operations/phase-1/evidence/o09/issue-82/integrated/db310b1-job-101965795416.log",
2026-09-08T07:55:50.7522477Z     "operations/phase-1/evidence/o09/issue-82/integrated/db310b1-job-101965795461.log",
2026-09-08T07:55:50.7523055Z     "operations/phase-1/evidence/o09/issue-82/integrated/db310b1-job-101965934689.log",
2026-09-08T07:55:50.7523620Z     "operations/phase-1/evidence/o09/issue-82/integrated/db310b1-job-101970502483.log",
2026-09-08T07:55:50.7524286Z     "operations/phase-1/evidence/o09/issue-82/integrated/db310b1-local-quality-environment-failure.log",
2026-09-08T07:55:50.7525219Z     "operations/phase-1/evidence/o09/issue-82/integrated/db310b1-packaging.json",
2026-09-08T07:55:50.7525846Z     "operations/phase-1/evidence/o09/issue-82/integrated/db310b1-release-and-protection.json",
2026-09-08T07:55:50.7526468Z     "operations/phase-1/evidence/o09/issue-82/integrated/db310b1-required-jobs.json",
2026-09-08T07:55:50.7527043Z     "operations/phase-1/evidence/o09/issue-82/integrated/f34dc15-focused.log",
2026-09-08T07:55:50.7528057Z     "operations/phase-1/evidence/o09/issue-82/integrated/f34dc15-m0.json",
2026-09-08T07:55:50.7528630Z     "operations/phase-1/evidence/o09/issue-82/integrated/f34dc15-policy-mutation.json",
2026-09-08T07:55:50.7529221Z     "operations/phase-1/evidence/o09/issue-82/integrated/f34dc15-scope.json",
2026-09-08T07:55:50.7529821Z     "operations/phase-1/evidence/o09/issue-82/integrated/independent-review-history.json",
2026-09-08T07:55:50.7530679Z     "operations/phase-1/evidence/o09/p1-v10-integrated-evidence-index-issue-82.json",
2026-09-08T07:55:50.7531272Z     "operations/phase-1/executions/p1-o09-integrated-handoff-issue-82.json",
2026-09-08T07:55:50.7531750Z     "operations/phase-1/implementation-receipt.json",
2026-09-08T07:55:50.7532266Z     "scripts/verify-phase-1/qualify-policy-mutations.mjs",
2026-09-08T07:55:50.7534941Z     "tests/qualification/policy/integrated-mutation.test.mjs",
2026-09-08T07:55:50.7535474Z     "tests/qualification/toolchain/review-remediation.test.mjs"
2026-09-08T07:55:50.7535993Z   ],
2026-09-08T07:55:50.7536343Z   "violations": []
2026-09-08T07:55:50.7536572Z }
2026-09-08T07:55:50.8548538Z ##[group]Run pnpm run quality
2026-09-08T07:55:50.8548896Z [36;1mpnpm run quality[0m
2026-09-08T07:55:50.8658002Z shell: C:\Program Files\PowerShell\7\pwsh.EXE -command ". '{0}'"
2026-09-08T07:55:50.8658560Z ##[endgroup]
2026-09-08T07:55:51.9040956Z $ pnpm run format && pnpm run lint && pnpm run contracts:generate-types && pnpm run typecheck && pnpm run isolation:build && pnpm run test && pnpm --filter @aseos/platform test && pnpm --filter @aseos/windows-process-restricted test && pnpm --filter @aseos/worker test && pnpm run contracts:qualify && pnpm run architecture:qualify && pnpm run persistence:qualify && pnpm run control-api:qualify && pnpm run isolation:qualify && pnpm run build && pnpm run verify:config && pnpm run verify:versions && pnpm run verify:frozen-install
2026-09-08T07:55:52.5937275Z $ prettier --check --no-error-on-unmatched-pattern package.json pnpm-workspace.yaml "tsconfig*.json" "*.config.mjs" .github/workflows/quality.yml "toolchain/**/*.json" "scripts/toolchain/**/*.mjs" "scripts/contracts/**/*.mjs" "scripts/architecture/**/*.mjs" "tests/qualification/toolchain/**/*.{json,mjs,ts}" "tests/contract/**/*.mjs" "tests/architecture/**/*.{json,mjs}" packages/contracts/package.json packages/contracts/tsconfig.json packages/contracts/type-bindings.json packages/contracts/README.md "packages/contracts/src/**/*.ts" "docs/implementation/phase-1/o01/**/*.md" "docs/implementation/phase-1/o02/**/*.md" "docs/implementation/phase-1/o03/**/*.md" "operations/phase-1/evidence/o01/**/*.json" "operations/phase-1/evidence/o02/**/*.json" "operations/phase-1/evidence/o03/**/*.json" "operations/phase-1/executions/p1-o01-*.json" "operations/phase-1/executions/p1-o02-*.json" "operations/phase-1/executions/p1-o03-*.json" "packages/policy/**/*.{json,ts}" "tests/qualification/policy/**/*.mjs" "docs/implementation/phase-1/o04/**/*.md" "operations/phase-1/evidence/o04/**/*.json" "operations/phase-1/executions/p1-o04-*.json" "packages/persistence/**/*.{json,ts}" "scripts/qualification/persistence/**/*.mjs" "tests/qualification/persistence/**/*.mjs" "tests/fault-injection/persistence/**/*.mjs" "docs/implementation/phase-1/o05/**/*.md" "operations/phase-1/evidence/o05/**/*.json" "operations/phase-1/executions/p1-o05-*.json" "packages/platform/**/*.{json,ts}" "apps/{runtime,cli}/**/*.{json,ts}" "scripts/qualification/control-api/**/*.mjs" "tests/qualification/control-api/**/*.mjs" "tests/acceptance/control-api/**/*.mjs" "tests/contract/control-api/**/*.mjs" "docs/implementation/phase-1/o06/**/*.md" "operations/phase-1/evidence/o06/**/*.json" "operations/phase-1/executions/p1-o06-*.json" "packages/adapters/tool/windows-process-restricted/**/*.{json,mjs,ts}" "apps/worker/**/*.{json,ts}" "scripts/qualification/isolation/**/*.mjs" "tests/qualification/isolation/**/*.mjs" "tests/security/isolation/**/*.mjs" "docs/implementation/phase-1/o07/**/*.md" "operations/phase-1/evidence/o07/**/*.json" "operations/phase-1/executions/p1-o07-*.json"
2026-09-08T07:55:52.7428810Z Checking formatting...
2026-09-08T07:55:56.7853389Z All matched files use Prettier code style!
2026-09-08T07:55:57.4382584Z $ eslint . --ignore-pattern "**/dist/**"
2026-09-08T07:56:12.2853601Z $ node scripts/contracts/generate-contract-types.mjs --check
2026-09-08T07:56:12.6294878Z Schema-generated TypeScript declarations are current.
2026-09-08T07:56:13.2104317Z $ tsc -b tsconfig.build.json --pretty false
2026-09-08T07:56:22.8673873Z $ pnpm --filter @aseos/windows-process-restricted build && pnpm --filter @aseos/worker build
2026-09-08T07:56:23.4446141Z $ tsc -b tsconfig.json --pretty false && node scripts/copy-assets.mjs
2026-09-08T07:56:24.2160959Z $ tsc -b tsconfig.json --pretty false
2026-09-08T07:56:24.9266935Z $ vitest run --maxWorkers=1 && vitest run --config tests/architecture/vitest.config.mjs
2026-09-08T07:56:25.3623856Z 
2026-09-08T07:56:25.3628741Z [1m[30m[46m RUN [49m[39m[22m [36mv4.1.11 [39m[90mD:/a/-ai-software-engineering-os/-ai-software-engineering-os[39m
2026-09-08T07:56:25.3631978Z 
2026-09-08T07:56:52.7684773Z  [32m✓[39m tests/qualification/toolchain/transition-enforcement-integration.test.mjs [2m([22m[2m6 tests[22m[2m)[22m[33m 27076[2mms[22m[39m
2026-09-08T07:56:52.7688976Z      [33m[2m✓[22m[39m performs an exact transactional SHA refresh with real files [33m 3508[2mms[22m[39m
2026-09-08T07:56:52.7690901Z      [33m[2m✓[22m[39m fails P1-O04 closed without or with an invalid Gate, then passes exact Gate ancestry [33m 14751[2mms[22m[39m
2026-09-08T07:56:52.7692652Z      [33m[2m✓[22m[39m rejects raw adversarial Git paths before scope classification [33m 4250[2mms[22m[39m
2026-09-08T07:56:52.7694109Z      [33m[2m✓[22m[39m keeps governed source paths visible for a real Git rename [33m 2317[2mms[22m[39m
2026-09-08T07:56:52.7695554Z      [33m[2m✓[22m[39m keeps governed source paths visible for a real Git delete [33m 2244[2mms[22m[39m
2026-09-08T07:57:15.2457761Z  [32m✓[39m tests/qualification/control-api/p1-v07-control-api.test.mjs [2m([22m[2m17 tests[22m[2m)[22m[33m 21862[2mms[22m[39m
2026-09-08T07:57:15.2460104Z      [33m[2m✓[22m[39m binds only to the IPv4 loopback endpoint and rejects Host, Origin and unauthenticated access [33m 4010[2mms[22m[39m
2026-09-08T07:57:15.2462043Z      [33m[2m✓[22m[39m allows only registered and bounded unauthenticated CORS preflight [33m 877[2mms[22m[39m
2026-09-08T07:57:15.2463549Z      [33m[2m✓[22m[39m rotates a 256-bit token, enforces user-only ACL and never leaks the secret [33m 2175[2mms[22m[39m
2026-09-08T07:57:15.2465119Z      [33m[2m✓[22m[39m uses the absolute System32 security helper when cwd and PATH contain hostile executables [33m 1344[2mms[22m[39m
2026-09-08T07:57:15.2467071Z      [33m[2m✓[22m[39m fails closed when token inheritance is enabled after secure creation [33m 2301[2mms[22m[39m
2026-09-08T07:57:15.2469005Z      [33m[2m✓[22m[39m validates discovery identity and exposes bounded status metadata through the public client [33m 864[2mms[22m[39m
2026-09-08T07:57:15.2470880Z      [33m[2m✓[22m[39m rejects stale PID and authenticated instance identity mismatches [33m 910[2mms[22m[39m
2026-09-08T07:57:15.2471824Z      [33m[2m✓[22m[39m rejects non-canonical descriptor fields before any client request [33m 998[2mms[22m[39m
2026-09-08T07:57:15.2472751Z      [33m[2m✓[22m[39m fails closed for malformed, oversized, query-bearing and unknown requests [33m 933[2mms[22m[39m
2026-09-08T07:57:15.2473760Z      [33m[2m✓[22m[39m enforces the configured response byte limit without emitting a non-canonical fallback [33m 906[2mms[22m[39m
2026-09-08T07:57:15.2474774Z      [33m[2m✓[22m[39m bounds authentication failures and idempotency state with replay and conflict semantics [33m 1030[2mms[22m[39m
2026-09-08T07:57:15.2475761Z      [33m[2m✓[22m[39m streams bounded read-only SSE metadata and supports replay and gap detection [33m 942[2mms[22m[39m
2026-09-08T07:57:15.2476652Z      [33m[2m✓[22m[39m rejects notification kinds outside the read-only public metadata enum [33m 898[2mms[22m[39m
2026-09-08T07:57:15.2477566Z      [33m[2m✓[22m[39m closes replay streams when retained metadata exceeds the backpressure budget [33m 902[2mms[22m[39m
2026-09-08T07:57:15.2478461Z      [33m[2m✓[22m[39m bounds retention-gap and heartbeat SSE frames with the same byte budget [33m 1793[2mms[22m[39m
2026-09-08T07:57:15.2479314Z      [33m[2m✓[22m[39m keeps an established SSE stream beyond the ordinary request timeout [33m 972[2mms[22m[39m
2026-09-08T07:57:15.5283206Z  [32m✓[39m tests/qualification/toolchain/scope-policy.test.mjs [2m([22m[2m28 tests[22m[2m)[22m[32m 24[2mms[22m[39m
2026-09-08T07:57:15.9634890Z  [32m✓[39m tests/qualification/policy/p1-v05-policy.test.mjs [2m([22m[2m16 tests[22m[2m)[22m[32m 74[2mms[22m[39m
2026-09-08T07:57:16.2288641Z  [32m✓[39m tests/qualification/toolchain/transition-enforcement-policy.test.mjs [2m([22m[2m17 tests[22m[2m)[22m[32m 17[2mms[22m[39m
2026-09-08T07:57:16.4805065Z  [32m✓[39m tests/qualification/toolchain/p1-o07-start-gate.test.mjs [2m([22m[2m31 tests[22m[2m)[22m[32m 17[2mms[22m[39m
2026-09-08T07:57:34.0876648Z  [32m✓[39m tests/qualification/control-api/review-remediation.test.mjs [2m([22m[2m8 tests[22m[2m)[22m[33m 17272[2mms[22m[39m
2026-09-08T07:57:34.0877901Z    [33m[2m✓[22m[39m concurrent lock losers cannot remove a live owner's claim or metadata [33m 10292[2mms[22m[39m
2026-09-08T07:57:34.0879110Z    [33m[2m✓[22m[39m separate processes elect one owner and recover a killed owner's unique claim [33m 727[2mms[22m[39m
2026-09-08T07:57:34.0880918Z    [33m[2m✓[22m[39m timed-out unfinished bodies close their socket and release capacity exactly once [33m 1581[2mms[22m[39m
2026-09-08T07:57:34.0882597Z    [33m[2m✓[22m[39m SSE preserves Unicode split inside multibyte characters [33m 984[2mms[22m[39m
2026-09-08T07:57:34.0884179Z    [33m[2m✓[22m[39m SSE rejects invalid UTF-8 without silently changing its payload [33m 901[2mms[22m[39m
2026-09-08T07:57:34.0886297Z    [33m[2m✓[22m[39m SSE rejects truncated UTF-8 without silently changing its payload [33m 972[2mms[22m[39m
2026-09-08T07:57:34.0888234Z    [33m[2m✓[22m[39m SSE rejects incomplete frame without silently changing its payload [33m 966[2mms[22m[39m
2026-09-08T07:57:34.0890053Z    [33m[2m✓[22m[39m discovery rejects a valid health body bound to an unregistered success status [33m 847[2mms[22m[39m
2026-09-08T07:57:37.8869759Z  [32m✓[39m tests/qualification/persistence/p1-v06-persistence.test.mjs [2m([22m[2m6 tests[22m[2m)[22m[33m 3483[2mms[22m[39m
2026-09-08T07:57:37.8871435Z      [33m[2m✓[22m[39m attests the fixed engine and fail-closed SQLite controls [33m 580[2mms[22m[39m
2026-09-08T07:57:37.8872862Z      [33m[2m✓[22m[39m commits Event receipt outbox and audit atomically with exact idempotency [33m 567[2mms[22m[39m
2026-09-08T07:57:37.8874518Z      [33m[2m✓[22m[39m deduplicates inbox and enforces monotonic projection checkpoints [33m 512[2mms[22m[39m
2026-09-08T07:57:37.8878301Z      [33m[2m✓[22m[39m creates an integrity-checked online backup that restores independently [33m 884[2mms[22m[39m
2026-09-08T07:57:37.8880204Z      [33m[2m✓[22m[39m keeps the Runtime event loop responsive while the dedicated worker writes [33m 542[2mms[22m[39m
2026-09-08T07:57:37.8881843Z      [33m[2m✓[22m[39m rejects unknown public fields through the canonical runtime Contract [33m 396[2mms[22m[39m
2026-09-08T08:01:12.9365940Z  [32m✓[39m tests/security/isolation/process-restricted.security.test.mjs [2m([22m[2m6 tests[22m[2m)[22m[33m 214788[2mms[22m[39m
2026-09-08T08:01:12.9369350Z      [33m[2m✓[22m[39m rejects digest mismatch, traversal, raw shells and invalid budgets [33m 24100[2mms[22m[39m
2026-09-08T08:01:12.9371065Z      [33m[2m✓[22m[39m bounds stdout and records canonical output-limit evidence [33m 22961[2mms[22m[39m
2026-09-08T08:01:12.9372336Z      [33m[2m✓[22m[39m terminates the root, child and grandchild at wall-clock expiry [33m 24605[2mms[22m[39m
2026-09-08T08:01:12.9373592Z      [33m[2m✓[22m[39m cancels promptly by terminating the complete Job Object [33m 25059[2mms[22m[39m
2026-09-08T08:01:12.9375269Z      [33m[2m✓[22m[39m enforces CPU and memory budgets with explicit reasons [33m 47747[2mms[22m[39m
2026-09-08T08:01:12.9376730Z      [33m[2m✓[22m[39m enforces the active-process budget [33m 24595[2mms[22m[39m
2026-09-08T08:01:13.6537281Z  [32m✓[39m tests/contract/isolation/isolation-contracts.test.mjs [2m([22m[2m11 tests[22m[2m)[22m[33m 410[2mms[22m[39m
2026-09-08T08:01:19.1960581Z  [32m✓[39m tests/qualification/toolchain/review-remediation.test.mjs [2m([22m[2m6 tests[22m[2m | [22m[33m1 skipped[39m[2m)[22m[33m 5323[2mms[22m[39m
2026-09-08T08:01:19.1962581Z    [33m[2m✓[22m[39m the authority build restores runtime-loaded assets even with up-to-date TypeScript outputs [33m 346[2mms[22m[39m
2026-09-08T08:01:19.1965139Z    [33m[2m✓[22m[39m CI evidence binds the checked-out subject and rejects a mismatching requested target [33m 1480[2mms[22m[39m
2026-09-08T08:01:19.1967313Z    [33m[2m✓[22m[39m M0 rejects an actual invalid implementation receipt instead of checking only its schema [33m 1150[2mms[22m[39m
2026-09-08T08:01:19.1969550Z    [33m[2m✓[22m[39m M0 rejects a schema-valid self-declared integrated PASS without independent evidence [33m 2338[2mms[22m[39m
2026-09-08T08:01:19.4387317Z  [32m✓[39m tests/qualification/toolchain/p1-o06-start-gate.test.mjs [2m([22m[2m19 tests[22m[2m)[22m[32m 14[2mms[22m[39m
2026-09-08T08:01:21.0697899Z  [32m✓[39m tests/qualification/toolchain/configuration-consistency.test.mjs [2m([22m[2m17 tests[22m[2m)[22m[33m 1396[2mms[22m[39m
2026-09-08T08:01:21.0699412Z      [33m[2m✓[22m[39m scripts/toolchain/verify-versions.mjs [33m 1271[2mms[22m[39m
2026-09-08T08:02:09.9734052Z  [32m✓[39m tests/qualification/isolation/p1-v08-isolation.test.mjs [2m([22m[2m4 tests[22m[2m)[22m[33m 48588[2mms[22m[39m
2026-09-08T08:02:09.9736110Z      [33m[2m✓[22m[39m runs a pinned executable in a staged Unicode path with an allowlisted environment [33m 24088[2mms[22m[39m
2026-09-08T08:02:15.0412784Z  [32m✓[39m tests/fault-injection/persistence/p1-o05-faults.test.mjs [2m([22m[2m6 tests[22m[2m)[22m[33m 4729[2mms[22m[39m
2026-09-08T08:02:15.0414840Z      [33m[2m✓[22m[39m rejects future migration history before declaring schema compatibility [33m 1103[2mms[22m[39m
2026-09-08T08:02:15.0416874Z      [33m[2m✓[22m[39m rejects incompatible existing schema before applying the authority migration [33m 406[2mms[22m[39m
2026-09-08T08:02:15.0418566Z      [33m[2m✓[22m[39m rolls back a worker-terminated pre-commit transaction [33m 825[2mms[22m[39m
2026-09-08T08:02:15.0420232Z      [33m[2m✓[22m[39m recovers committed authority after worker termination without graceful drain [33m 835[2mms[22m[39m
2026-09-08T08:02:15.0422066Z      [33m[2m✓[22m[39m fails with a typed busy result and succeeds after the authority lock is released [33m 859[2mms[22m[39m
2026-09-08T08:02:15.0423876Z      [33m[2m✓[22m[39m quarantines corruption and never replaces it with an empty authority database [33m 699[2mms[22m[39m
2026-09-08T08:02:30.4023072Z  [32m✓[39m tests/qualification/toolchain/post-merge-target.test.mjs [2m([22m[2m10 tests[22m[2m)[22m[33m 15120[2mms[22m[39m
2026-09-08T08:02:30.4024867Z      [33m[2m✓[22m[39m derives the target first parent and exact scope bindings [33m 1331[2mms[22m[39m
2026-09-08T08:02:30.4025757Z      [33m[2m✓[22m[39m rejects malformed target SHA "" [33m 1160[2mms[22m[39m
2026-09-08T08:02:30.4026895Z      [33m[2m✓[22m[39m rejects malformed target SHA "aaaaaaaaaaaaaaaaaaaaaaaaaaaaaaaaaaaaaaa" [33m 1152[2mms[22m[39m
2026-09-08T08:02:30.4028590Z      [33m[2m✓[22m[39m rejects malformed target SHA "AAAAAAAAAAAAAAAAAAAAAAAAAAAAAAAAAAAAAAAA" [33m 1128[2mms[22m[39m
2026-09-08T08:02:30.4031683Z      [33m[2m✓[22m[39m rejects dispatch from a non-main ref [33m 1198[2mms[22m[39m
2026-09-08T08:02:30.4033563Z      [33m[2m✓[22m[39m rejects a checkout that differs from the exact target [33m 3327[2mms[22m[39m
2026-09-08T08:02:30.4035445Z      [33m[2m✓[22m[39m rejects a claimed current main that differs from origin/main [33m 1807[2mms[22m[39m
2026-09-08T08:02:30.4037088Z      [33m[2m✓[22m[39m rejects a target outside the protected-main first-parent chain [33m 1837[2mms[22m[39m
2026-09-08T08:02:30.4038769Z      [33m[2m✓[22m[39m rejects a first-parent commit that is not a two-parent merge [33m 2173[2mms[22m[39m
2026-09-08T08:02:38.5261041Z  [32m✓[39m tests/contract/registry-integrity.test.mjs [2m([22m[2m8 tests[22m[2m)[22m[33m 7841[2mms[22m[39m
2026-09-08T08:02:38.5263999Z      [33m[2m✓[22m[39m meta-validates, hashes and compiles every canonical entry [33m 392[2mms[22m[39m
2026-09-08T08:02:38.5266182Z      [33m[2m✓[22m[39m accepts a consistent CRLF authority checkout and rejects content drift [33m 1070[2mms[22m[39m
2026-09-08T08:02:38.5267926Z      [33m[2m✓[22m[39m rejects malformed mixed LF and CRLF authority line endings [33m 1009[2mms[22m[39m
2026-09-08T08:02:38.5269383Z      [33m[2m✓[22m[39m rejects malformed lone CR authority line endings [33m 776[2mms[22m[39m
2026-09-08T08:02:38.5270758Z      [33m[2m✓[22m[39m rejects duplicate schema identities [33m 1002[2mms[22m[39m
2026-09-08T08:02:38.5272150Z      [33m[2m✓[22m[39m rejects duplicate paths, missing files and repository traversal [33m 2378[2mms[22m[39m
2026-09-08T08:02:38.5273963Z      [33m[2m✓[22m[39m rejects unresolved references and schema metadata/version mismatches [33m 1212[2mms[22m[39m
2026-09-08T08:02:39.2710564Z  [32m✓[39m tests/contract/control-api/control-api-contracts.test.mjs [2m([22m[2m12 tests[22m[2m)[22m[33m 430[2mms[22m[39m
2026-09-08T08:02:43.5811190Z  [32m✓[39m tests/qualification/toolchain/p1-o07-start-gate-integration.test.mjs [2m([22m[2m2 tests[22m[2m)[22m[33m 4078[2mms[22m[39m
2026-09-08T08:02:43.5813369Z      [33m[2m✓[22m[39m fails closed without a legal P1-O07 operation context [33m 1366[2mms[22m[39m
2026-09-08T08:02:43.5815667Z      [33m[2m✓[22m[39m fails the real operation-aware preflight closed for an absent or malformed Gate [33m 2709[2mms[22m[39m
2026-09-08T08:02:48.5111258Z  [32m✓[39m tests/qualification/toolchain/p1-o06-start-gate-integration.test.mjs [2m([22m[2m2 tests[22m[2m)[22m[33m 4713[2mms[22m[39m
2026-09-08T08:02:48.5113211Z      [33m[2m✓[22m[39m fails closed without a legal P1-O06 operation context [33m 1453[2mms[22m[39m
2026-09-08T08:02:48.5121309Z      [33m[2m✓[22m[39m fails the real operation-aware preflight closed for an absent or malformed Gate [33m 3258[2mms[22m[39m
2026-09-08T08:02:51.4032017Z  [32m✓[39m tests/qualification/toolchain/p1-o05-start-gate-integration.test.mjs [2m([22m[2m1 test[22m[2m)[22m[33m 2665[2mms[22m[39m
2026-09-08T08:02:51.4034645Z      [33m[2m✓[22m[39m fails the real operation-aware preflight closed for an absent or malformed Gate [33m 2663[2mms[22m[39m
2026-09-08T08:02:55.8088488Z  [32m✓[39m tests/qualification/persistence/review-remediation.test.mjs [2m([22m[2m6 tests[22m[2m)[22m[33m 4101[2mms[22m[39m
2026-09-08T08:02:55.8090470Z    [33m[2m✓[22m[39m rejects events payload schema identity, hash and content before any durable write [33m 608[2mms[22m[39m
2026-09-08T08:02:55.8092555Z    [33m[2m✓[22m[39m rejects outbox payload schema identity, hash and content before any durable write [33m 465[2mms[22m[39m
2026-09-08T08:02:55.8094383Z    [33m[2m✓[22m[39m caller mutation after commit starts cannot replace a validated payload [33m 422[2mms[22m[39m
2026-09-08T08:02:55.8096285Z    [33m[2m✓[22m[39m invalid busy timeout leaves a healthy database byte-identical and immediately reopenable [33m 1092[2mms[22m[39m
2026-09-08T08:02:55.8098270Z    [33m[2m✓[22m[39m an existing truncated database is quarantined instead of initialized as an empty authority [33m 1125[2mms[22m[39m
2026-09-08T08:02:55.8100259Z    [33m[2m✓[22m[39m an operational open failure preserves the original path without a corruption marker [33m 388[2mms[22m[39m
2026-09-08T08:02:56.0629220Z  [32m✓[39m tests/qualification/toolchain/p1-o05-start-gate.test.mjs [2m([22m[2m13 tests[22m[2m)[22m[32m 12[2mms[22m[39m
2026-09-08T08:02:59.3643242Z  [32m✓[39m tests/acceptance/control-api/cli-public-api.acceptance.test.mjs [2m([22m[2m3 tests[22m[2m)[22m[33m 2955[2mms[22m[39m
2026-09-08T08:02:59.3645599Z      [33m[2m✓[22m[39m runs start, version, doctor, status and stop through the built entrypoints [33m 1941[2mms[22m[39m
2026-09-08T08:02:59.3648379Z      [33m[2m✓[22m[39m removing discovery stops the listening runtime and cleans up its token [33m 1009[2mms[22m[39m
2026-09-08T08:03:02.5774573Z  [32m✓[39m tests/contract/inventory-integrity.test.mjs [2m([22m[2m5 tests[22m[2m)[22m[33m 2921[2mms[22m[39m
2026-09-08T08:03:02.5776847Z      [33m[2m✓[22m[39m bind every active contract to one registry identity and canonical owner [33m 486[2mms[22m[39m
2026-09-08T08:03:02.5778437Z      [33m[2m✓[22m[39m rejects active/planned ownership collisions [33m 620[2mms[22m[39m
2026-09-08T08:03:02.5784167Z      [33m[2m✓[22m[39m rejects inventory identities missing from the canonical registry [33m 582[2mms[22m[39m
2026-09-08T08:03:02.5785894Z      [33m[2m✓[22m[39m rejects a public payload schema that permits unknown root fields [33m 640[2mms[22m[39m
2026-09-08T08:03:02.5787463Z      [33m[2m✓[22m[39m rejects inconsistent active/planned status linkage [33m 591[2mms[22m[39m
2026-09-08T08:03:03.0311517Z  [32m✓[39m tests/qualification/persistence/migration-git-attributes.test.mjs [2m([22m[2m4 tests[22m[2m)[22m[32m 199[2mms[22m[39m
2026-09-08T08:03:03.2661576Z  [32m✓[39m tests/qualification/control-api/openapi-structure.test.mjs [2m([22m[2m1 test[22m[2m)[22m[32m 15[2mms[22m[39m
2026-09-08T08:03:06.5390126Z  [32m✓[39m tests/contract/review-remediation.test.mjs [2m([22m[2m29 tests[22m[2m)[22m[33m 2585[2mms[22m[39m
2026-09-08T08:03:06.5391948Z    [33m[2m✓[22m[39m type consistency detects operator drift below allOf and multiple local references [33m 2073[2mms[22m[39m
2026-09-08T08:03:56.2400765Z  [32m✓[39m tests/security/isolation/host-death.security.test.mjs [2m([22m[2m1 test[22m[2m)[22m[33m 49463[2mms[22m[39m
2026-09-08T08:03:56.2402920Z    [33m[2m✓[22m[39m killing only the Node host terminates its bridge and every tool descendant [33m 49461[2mms[22m[39m
2026-09-08T08:03:59.9609233Z  [32m✓[39m tests/contract/example-suite.test.mjs [2m([22m[2m4 tests[22m[2m)[22m[33m 3410[2mms[22m[39m
2026-09-08T08:03:59.9611433Z      [33m[2m✓[22m[39m accepts every valid fixture and rejects every invalid fixture [33m 507[2mms[22m[39m
2026-09-08T08:03:59.9613334Z      [33m[2m✓[22m[39m does not infer invalidity from a fixture filename [33m 681[2mms[22m[39m
2026-09-08T08:03:59.9615222Z      [33m[2m✓[22m[39m fails closed for missing, duplicate and unknown-schema fixture bindings [33m 1700[2mms[22m[39m
2026-09-08T08:03:59.9617065Z      [33m[2m✓[22m[39m requires invalid cases to prove their declared boundary violation [33m 519[2mms[22m[39m
2026-09-08T08:04:00.9501956Z  [32m✓[39m tests/qualification/policy/integrated-mutation.test.mjs [2m([22m[2m2 tests[22m[2m)[22m[33m 731[2mms[22m[39m
2026-09-08T08:04:00.9504074Z    [33m[2m✓[22m[39m the compiled canonical Policy owner kills eight behavioral mutations while valid ALLOW survives [33m 377[2mms[22m[39m
2026-09-08T08:04:00.9506046Z    [33m[2m✓[22m[39m logical mutation identity survives a different checkout directory and CRLF emit bytes [33m 352[2mms[22m[39m
2026-09-08T08:04:01.8207382Z  [32m✓[39m tests/contract/artifact-git-attributes.test.mjs [2m([22m[2m2 tests[22m[2m)[22m[33m 628[2mms[22m[39m
2026-09-08T08:04:01.8208904Z      [33m[2m✓[22m[39m marks every tracked artifact as binary and preserves its canonical bytes [33m 562[2mms[22m[39m
2026-09-08T08:04:09.7793380Z  [32m✓[39m tests/contract/schema-type-consistency.test.mjs [2m([22m[2m4 tests[22m[2m)[22m[33m 7478[2mms[22m[39m
2026-09-08T08:04:09.7795286Z      [33m[2m✓[22m[39m checks semantic shape, enums, optionality and readonly exports [33m 2147[2mms[22m[39m
2026-09-08T08:04:09.7796744Z      [33m[2m✓[22m[39m detects a required schema field deletion [33m 1677[2mms[22m[39m
2026-09-08T08:04:09.7799124Z      [33m[2m✓[22m[39m detects primitive and enum drift in TypeScript [33m 2505[2mms[22m[39m
2026-09-08T08:04:09.7800364Z      [33m[2m✓[22m[39m detects a mutable public field [33m 1146[2mms[22m[39m
2026-09-08T08:04:11.9694039Z  [32m✓[39m tests/contract/policy/policy-contracts.test.mjs [2m([22m[2m6 tests[22m[2m)[22m[33m 1862[2mms[22m[39m
2026-09-08T08:04:11.9696826Z      [33m[2m✓[22m[39m urn:aseos:schema:capability-manifest:1.0.0 accepts its canonical example and rejects its fail-closed example [33m 439[2mms[22m[39m
2026-09-08T08:04:11.9705276Z      [33m[2m✓[22m[39m urn:aseos:schema:policy-evaluation-input:1.0.0 accepts its canonical example and rejects its fail-closed example [33m 307[2mms[22m[39m
2026-09-08T08:04:11.9707717Z      [33m[2m✓[22m[39m urn:aseos:schema:policy-set:1.0.0 accepts its canonical example and rejects its fail-closed example [33m 315[2mms[22m[39m
2026-09-08T08:04:12.7422990Z  [32m✓[39m tests/contract/runtime-validator.test.mjs [2m([22m[2m4 tests[22m[2m)[22m[33m 458[2mms[22m[39m
2026-09-08T08:04:12.9871137Z  [32m✓[39m tests/qualification/toolchain/scope-event-policy.test.mjs [2m([22m[2m7 tests[22m[2m)[22m[32m 7[2mms[22m[39m
2026-09-08T08:04:13.3676457Z  [32m✓[39m tests/qualification/toolchain/toolchain-manifest.test.mjs [2m([22m[2m2 tests[22m[2m)[22m[32m 80[2mms[22m[39m
2026-09-08T08:04:14.5571829Z  [32m✓[39m tests/qualification/toolchain/dependency-build-policy.test.mjs [2m([22m[2m1 test[22m[2m)[22m[33m 962[2mms[22m[39m
2026-09-08T08:04:14.5574530Z      [33m[2m✓[22m[39m does not execute an unallowlisted dependency install script [33m 960[2mms[22m[39m
2026-09-08T08:04:15.3161530Z  [32m✓[39m tests/contract/compatibility.test.mjs [2m([22m[2m3 tests[22m[2m)[22m[33m 433[2mms[22m[39m
2026-09-08T08:04:16.2380802Z  [32m✓[39m tests/contract/phase-1-integration.test.mjs [2m([22m[2m1 test[22m[2m)[22m[33m 610[2mms[22m[39m
2026-09-08T08:04:16.2381993Z    [33m[2m✓[22m[39m canonical JSON rejection reaches the durable journal boundary without partial writes [33m 608[2mms[22m[39m
2026-09-08T08:04:16.6183348Z  [32m✓[39m tests/contract/package-integration.test.mjs [2m([22m[2m1 test[22m[2m)[22m[32m 138[2mms[22m[39m
2026-09-08T08:04:16.8832220Z  [32m✓[39m tests/contract/generated-types.test.mjs [2m([22m[2m4 tests[22m[2m)[22m[32m 5[2mms[22m[39m
2026-09-08T08:04:18.6271371Z  [32m✓[39m tests/qualification/control-api/windows-claim-race.test.mjs [2m([22m[2m4 tests[22m[2m)[22m[33m 1510[2mms[22m[39m
2026-09-08T08:04:18.6273936Z    [33m[2m✓[22m[39m a persistently unreadable live claim remains fail closed and is never removed [33m 1095[2mms[22m[39m
2026-09-08T08:04:21.8187151Z  [32m✓[39m tests/contract/p1-v03-contracts.test.mjs [2m([22m[2m1 test[22m[2m)[22m[33m 2612[2mms[22m[39m
2026-09-08T08:04:21.8189018Z      [33m[2m✓[22m[39m produces all four required Evidence result types [33m 2610[2mms[22m[39m
2026-09-08T08:04:22.1192394Z  [32m✓[39m tests/qualification/toolchain/esm-project-reference.test.mjs [2m([22m[2m1 test[22m[2m)[22m[32m 33[2mms[22m[39m
2026-09-08T08:04:22.1246226Z 
2026-09-08T08:04:22.1261639Z [2m Test Files [22m [1m[32m45 passed[39m[22m[90m (45)[39m
2026-09-08T08:04:22.1263342Z [2m      Tests [22m [1m[32m341 passed[39m[22m[2m | [22m[33m1 skipped[39m[90m (342)[39m
2026-09-08T08:04:22.1265191Z [2m   Start at [22m 07:56:25
2026-09-08T08:04:22.1266780Z [2m   Duration [22m 476.74s[2m (transform 1.16s, setup 0ms, import 4.16s, tests 463.13s, environment 6ms)[22m
2026-09-08T08:04:22.1267864Z 
2026-09-08T08:04:22.6425345Z 
2026-09-08T08:04:22.6430709Z [1m[30m[46m RUN [49m[39m[22m [36mv4.1.11 [39m[90mD:/a/-ai-software-engineering-os/-ai-software-engineering-os[39m
2026-09-08T08:04:22.6431557Z 
2026-09-08T08:04:25.0214793Z  [32m✓[39m tests/architecture/p1-v04-architecture.test.mjs [2m([22m[2m9 tests[22m[2m)[22m[33m 1395[2mms[22m[39m
2026-09-08T08:04:25.0248679Z      [33m[2m✓[22m[39m qualifies the live package/import graph and canonical owner authorities [33m 1280[2mms[22m[39m
2026-09-08T08:04:28.1768863Z  [32m✓[39m tests/architecture/review-remediation.test.mjs [2m([22m[2m5 tests[22m[2m)[22m[33m 4499[2mms[22m[39m
2026-09-08T08:04:28.1770946Z    [33m[2m✓[22m[39m normal live qualification rejects an application deep import [33m 1612[2mms[22m[39m
2026-09-08T08:04:28.1771961Z    [33m[2m✓[22m[39m normal live qualification rejects application module cycles [33m 1033[2mms[22m[39m
2026-09-08T08:04:28.1773675Z    [33m[2m✓[22m[39m an application cannot inherit the repository root's broad dependency allowance [33m 1026[2mms[22m[39m
2026-09-08T08:04:28.1775675Z    [33m[2m✓[22m[39m a newly declared workspace without an explicit architecture owner fails qualification [33m 802[2mms[22m[39m
2026-09-08T08:04:28.1795913Z 
2026-09-08T08:04:28.1801174Z [2m Test Files [22m [1m[32m2 passed[39m[22m[90m (2)[39m
2026-09-08T08:04:28.1802963Z [2m      Tests [22m [1m[32m14 passed[39m[22m[90m (14)[39m
2026-09-08T08:04:28.1803839Z [2m   Start at [22m 08:04:22
2026-09-08T08:04:28.1805203Z [2m   Duration [22m 5.53s[2m (transform 217ms, setup 0ms, import 1.49s, tests 5.89s, environment 0ms)[22m
2026-09-08T08:04:28.1807249Z 
2026-09-08T08:04:28.8841793Z $ pnpm run build && node --test test/*.test.mjs
2026-09-08T08:04:29.4874999Z $ tsc -b tsconfig.json --pretty false
2026-09-08T08:04:29.8903331Z ✔ Windows identity parsing binds one exact CSV record to a bounded numeric SID (1.439ms)
2026-09-08T08:04:29.8935412Z ✔ precompiled Windows token helper is bound to its auditable source and embedded bytes (6.2841ms)
2026-09-08T08:04:32.2680966Z ✔ loopback runtime rotates credentials, authenticates public client and stops idempotently (2374.0996ms)
2026-09-08T08:04:32.2686792Z ✔ bounded idempotency detects payload conflicts and evicts oldest metadata (0.8116ms)
2026-09-08T08:04:32.2688670Z ✔ public redaction removes bearer values and sensitive paths (0.2338ms)
2026-09-08T08:04:32.2900742Z ℹ tests 5
2026-09-08T08:04:32.2901881Z ℹ suites 0
2026-09-08T08:04:32.2902357Z ℹ pass 5
2026-09-08T08:04:32.2902991Z ℹ fail 0
2026-09-08T08:04:32.2904028Z ℹ cancelled 0
2026-09-08T08:04:32.2904401Z ℹ skipped 0
2026-09-08T08:04:32.2904670Z ℹ todo 0
2026-09-08T08:04:32.2904960Z ℹ duration_ms 2578.6542
2026-09-08T08:04:32.9579083Z $ pnpm run build && node --test test/*.test.mjs
2026-09-08T08:04:33.5604690Z $ tsc -b tsconfig.json --pretty false && node scripts/copy-assets.mjs
2026-09-08T08:05:01.2391229Z ✔ capability probe is fail-closed and canonical (27326.2254ms)
2026-09-08T08:05:50.5073279Z ✔ executes a digest-pinned native tool without shell fallback (49268.9247ms)
2026-09-08T08:06:47.9914656Z ✔ rejects a renamed shell by signed PE identity (57483.4263ms)
2026-09-08T08:08:24.4187841Z ✔ rejects non-canonical evidence and authority injection before staging (96425.7753ms)
2026-09-08T08:08:24.4191038Z ✔ pre-cancelled requests never resolve a catalog or start (0.5419ms)
2026-09-08T08:09:12.6525386Z ✔ cancellation before bridge listener registration creates a marker and closes the Job (48233.6824ms)
2026-09-08T08:10:03.0294558Z ✔ zero stdout budget enters execution and terminates as OUTPUT_LIMIT (50376.2576ms)
2026-09-08T08:10:49.7544836Z ✔ accepts a non-reparse Windows 8.3 alias and launches only its long canonical identity (46725.2282ms)
2026-09-08T08:10:49.7715781Z ℹ tests 8
2026-09-08T08:10:49.7716426Z ℹ suites 0
2026-09-08T08:10:49.7716944Z ℹ pass 8
2026-09-08T08:10:49.7717495Z ℹ fail 0
2026-09-08T08:10:49.7718054Z ℹ cancelled 0
2026-09-08T08:10:49.7718573Z ℹ skipped 0
2026-09-08T08:10:49.7719176Z ℹ todo 0
2026-09-08T08:10:49.7719752Z ℹ duration_ms 375938.9587
2026-09-08T08:10:50.3829492Z $ pnpm --filter @aseos/windows-process-restricted build && pnpm run build && node --test test/*.test.mjs
2026-09-08T08:10:50.9536983Z $ tsc -b tsconfig.json --pretty false && node scripts/copy-assets.mjs
2026-09-08T08:10:51.6796723Z $ tsc -b tsconfig.json --pretty false
2026-09-08T08:11:15.0103329Z ✔ missing and unknown requirements block without consulting the catalog (23035.8952ms)
2026-09-08T08:11:15.0106265Z ✔ unavailable provider takes precedence without executing (0.9512ms)
2026-09-08T08:12:02.0117585Z ✔ selected Worker request executes through the exact adapter boundary (47003.9574ms)
2026-09-08T08:12:02.0248494Z ℹ tests 3
2026-09-08T08:12:02.0249050Z ℹ suites 0
2026-09-08T08:12:02.0250132Z ℹ pass 3
2026-09-08T08:12:02.0251076Z ℹ fail 0
2026-09-08T08:12:02.0252216Z ℹ cancelled 0
2026-09-08T08:12:02.0252969Z ℹ skipped 0
2026-09-08T08:12:02.0253292Z ℹ todo 0
2026-09-08T08:12:02.0253593Z ℹ duration_ms 70137.1436
2026-09-08T08:12:02.5871353Z $ pnpm exec tsc -b packages/contracts/tsconfig.json --pretty false && node scripts/contracts/qualify-contracts.mjs
2026-09-08T08:12:05.9877651Z {
2026-09-08T08:12:05.9878165Z   "schemaVersion": "1.0.0",
2026-09-08T08:12:05.9878766Z   "gateStepId": "P1-V03-CONTRACTS",
2026-09-08T08:12:05.9879326Z   "result": "PASS",
2026-09-08T08:12:05.9879737Z   "schemaMetaValidation": {
2026-09-08T08:12:05.9880277Z     "evidenceType": "SchemaMetaValidationResult",
2026-09-08T08:12:05.9880846Z     "result": "PASS",
2026-09-08T08:12:05.9881434Z     "dialect": "https://json-schema.org/draft/2020-12/schema",
2026-09-08T08:12:05.9882088Z     "registeredSchemas": 52,
2026-09-08T08:12:05.9882548Z     "metaValidatedSchemas": 52,
2026-09-08T08:12:05.9883005Z     "compiledSchemas": 52,
2026-09-08T08:12:05.9883407Z     "unresolvedReferences": 0
2026-09-08T08:12:05.9883788Z   },
2026-09-08T08:12:05.9884151Z   "schemaRegistryValidation": {
2026-09-08T08:12:05.9885040Z     "evidenceType": "SchemaRegistryValidationResult",
2026-09-08T08:12:05.9885593Z     "result": "PASS",
2026-09-08T08:12:05.9885983Z     "registryEntries": 52,
2026-09-08T08:12:05.9886474Z     "uniqueSchemaIdentities": 52,
2026-09-08T08:12:05.9886983Z     "uniqueAuthorityPaths": 52,
2026-09-08T08:12:05.9887479Z     "verifiedHashes": 88,
2026-09-08T08:12:05.9888029Z     "inventoryActiveContracts": 36,
2026-09-08T08:12:05.9888609Z     "inventoryPlannedContracts": 37,
2026-09-08T08:12:05.9889158Z     "uniqueCanonicalOwners": 73
2026-09-08T08:12:05.9889619Z   },
2026-09-08T08:12:05.9889961Z   "exampleSuite": {
2026-09-08T08:12:05.9890428Z     "evidenceType": "ExampleSuiteResult",
2026-09-08T08:12:05.9890986Z     "result": "PASS",
2026-09-08T08:12:05.9891392Z     "totalCases": 38,
2026-09-08T08:12:05.9891808Z     "validAccepted": 19,
2026-09-08T08:12:05.9892234Z     "invalidRejected": 19,
2026-09-08T08:12:05.9892692Z     "semanticAssertions": 22
2026-09-08T08:12:05.9893108Z   },
2026-09-08T08:12:05.9893477Z   "schemaTypeConsistency": {
2026-09-08T08:12:05.9894068Z     "evidenceType": "SchemaTypeConsistencyResult",
2026-09-08T08:12:05.9894677Z     "result": "PASS",
2026-09-08T08:12:05.9895077Z     "bindings": 40,
2026-09-08T08:12:05.9895533Z     "requiredOptionalChecks": 574,
2026-09-08T08:12:05.9896066Z     "primitiveContainerChecks": 497,
2026-09-08T08:12:05.9896627Z     "enumDiscriminantChecks": 122,
2026-09-08T08:12:05.9897177Z     "readonlyExportChecks": 608
2026-09-08T08:12:05.9897620Z   },
2026-09-08T08:12:05.9897981Z   "compatibility": {
2026-09-08T08:12:05.9898537Z     "evidenceType": "ContractCompatibilityResult",
2026-09-08T08:12:05.9899105Z     "result": "PASS",
2026-09-08T08:12:05.9899485Z     "probes": 4,
2026-09-08T08:12:05.9899869Z     "compatible": 1,
2026-09-08T08:12:05.9900229Z     "failClosed": 3
2026-09-08T08:12:05.9900562Z   },
2026-09-08T08:12:05.9900880Z   "runtimeValidation": {
2026-09-08T08:12:05.9901276Z     "result": "PASS",
2026-09-08T08:12:05.9901671Z     "validAccepted": true,
2026-09-08T08:12:05.9902173Z     "unknownField": "SCHEMA_VALIDATION_FAILED",
2026-09-08T08:12:05.9902716Z     "unknownSchema": "UNKNOWN_SCHEMA",
2026-09-08T08:12:05.9903264Z     "futureVersion": "UNSUPPORTED_SCHEMA_VERSION",
2026-09-08T08:12:05.9904840Z     "identityVersionMismatch": "UNSUPPORTED_SCHEMA_VERSION"
2026-09-08T08:12:05.9905470Z   },
2026-09-08T08:12:05.9905819Z   "inventory": {
2026-09-08T08:12:05.9906251Z     "activeContracts": 36,
2026-09-08T08:12:05.9906804Z     "plannedContracts": 37,
2026-09-08T08:12:05.9908639Z     "publicOrPersistedBoundaries": 36
2026-09-08T08:12:05.9909220Z   }
2026-09-08T08:12:05.9909556Z }
2026-09-08T08:12:06.5814787Z $ pnpm exec tsc -b packages/contracts/tsconfig.json --pretty false && node scripts/architecture/qualify-architecture.mjs
2026-09-08T08:12:08.5870677Z {
2026-09-08T08:12:08.5871184Z   "schemaVersion": "1.0.0",
2026-09-08T08:12:08.5871730Z   "gateStepId": "P1-V04-ARCHITECTURE",
2026-09-08T08:12:08.5872127Z   "result": "PASS",
2026-09-08T08:12:08.5872442Z   "dependencyGraph": {
2026-09-08T08:12:08.5872876Z     "evidenceType": "DependencyGraphResult",
2026-09-08T08:12:08.5873278Z     "result": "PASS",
2026-09-08T08:12:08.5873709Z     "engine": "dependency-cruiser 18.2.0",
2026-09-08T08:12:08.5874242Z     "governedPackages": 9,
2026-09-08T08:12:08.5874584Z     "packageEdges": 13,
2026-09-08T08:12:08.5874891Z     "modules": 60,
2026-09-08T08:12:08.5875261Z     "moduleDependencies": 139,
2026-09-08T08:12:08.5875637Z     "workspaceImportEdges": 14,
2026-09-08T08:12:08.5876003Z     "cycles": 0,
2026-09-08T08:12:08.5876324Z     "dependencyInversions": 0
2026-09-08T08:12:08.5876671Z   },
2026-09-08T08:12:08.5876960Z   "deepImportDenial": {
2026-09-08T08:12:08.5877363Z     "evidenceType": "DeepImportDenialResult",
2026-09-08T08:12:08.5877817Z     "result": "PASS",
2026-09-08T08:12:08.5878174Z     "publicEntriesChecked": 8,
2026-09-08T08:12:08.5878536Z     "deepImports": 0,
2026-09-08T08:12:08.5878899Z     "unknownWorkspaceImports": 0
2026-09-08T08:12:08.5879257Z   },
2026-09-08T08:12:08.5879601Z   "duplicateSemanticOwnerDenial": {
2026-09-08T08:12:08.5880504Z     "evidenceType": "DuplicateSemanticOwnerDenialResult",
2026-09-08T08:12:08.5881685Z     "result": "PASS",
2026-09-08T08:12:08.5882198Z     "semantics": 73,
2026-09-08T08:12:08.5882712Z     "activeSemantics": 36,
2026-09-08T08:12:08.5883281Z     "plannedSemantics": 37,
2026-09-08T08:12:08.5883893Z     "canonicalOwnerPackages": 12,
2026-09-08T08:12:08.5884490Z     "duplicates": 0
2026-09-08T08:12:08.5884979Z   },
2026-09-08T08:12:08.5885474Z   "cycleDenial": {
2026-09-08T08:12:08.5885967Z     "result": "PASS",
2026-09-08T08:12:08.5886473Z     "moduleCycles": 0,
2026-09-08T08:12:08.5886932Z     "packageCycles": 0
2026-09-08T08:12:08.5887330Z   },
2026-09-08T08:12:08.5887735Z   "dependencyInversionDenial": {
2026-09-08T08:12:08.5888320Z     "result": "PASS",
2026-09-08T08:12:08.5888724Z     "inversions": 0
2026-09-08T08:12:08.5889210Z   }
2026-09-08T08:12:08.5889551Z }
2026-09-08T08:12:09.1599250Z $ pnpm exec tsc -b packages/contracts/tsconfig.json packages/persistence/tsconfig.json --pretty false && node scripts/qualification/persistence/qualify-node-sqlite.mjs
2026-09-08T08:12:26.2414662Z {
2026-09-08T08:12:26.2415626Z   "evidenceType": "PersistencePerformanceQualificationResult",
2026-09-08T08:12:26.2416435Z   "result": "PASS",
2026-09-08T08:12:26.2416881Z   "totalEvents": 100000,
2026-09-08T08:12:26.2417339Z   "batchSize": 1000,
2026-09-08T08:12:26.2417787Z   "appendDurationMs": 13419,
2026-09-08T08:12:26.2418273Z   "replay": {
2026-09-08T08:12:26.2418663Z     "events": 10000,
2026-09-08T08:12:26.2419066Z     "durationMs": 87
2026-09-08T08:12:26.2419453Z   },
2026-09-08T08:12:26.2420221Z   "recovery": {
2026-09-08T08:12:26.2420924Z     "events": 100000,
2026-09-08T08:12:26.2421414Z     "durationMs": 238
2026-09-08T08:12:26.2421860Z   },
2026-09-08T08:12:26.2422378Z   "eventLoopIsolation": "DEDICATED_WORKER_THREAD",
2026-09-08T08:12:26.2422836Z   "health": {
2026-09-08T08:12:26.2423461Z     "databasePath": "C:\\Users\\RUNNER~1\\AppData\\Local\\Temp\\aseos-p1-v06-nfr-ZD5nOz\\state\\aseos.db",
2026-09-08T08:12:26.2424128Z     "sqliteVersion": "3.53.3",
2026-09-08T08:12:26.2424468Z     "journalMode": "wal",
2026-09-08T08:12:26.2425089Z     "synchronous": 2,
2026-09-08T08:12:26.2425393Z     "foreignKeys": 1,
2026-09-08T08:12:26.2425699Z     "trustedSchema": 0,
2026-09-08T08:12:26.2426020Z     "busyTimeoutMs": 5000,
2026-09-08T08:12:26.2426395Z     "defensive": true,
2026-09-08T08:12:26.2426914Z     "extensionLoading": false,
2026-09-08T08:12:26.2427319Z     "doubleQuotedStringLiterals": false,
2026-09-08T08:12:26.2427700Z     "integrity": "ok"
2026-09-08T08:12:26.2427987Z   },
2026-09-08T08:12:26.2428217Z   "stateManifest": {
2026-09-08T08:12:26.2428489Z     "schemaVersion": "1.0.0",
2026-09-08T08:12:26.2428832Z     "databaseSchemaVersion": 1,
2026-09-08T08:12:26.2429121Z     "migrations": [
2026-09-08T08:12:26.2429370Z       {
2026-09-08T08:12:26.2429606Z         "version": 1,
2026-09-08T08:12:26.2429920Z         "name": "initial-authority-storage",
2026-09-08T08:12:26.2430441Z         "sha256": "0684ff34039eb2cb1aab856fcfccde1f20ce8b0050018b61f6c93bfefc3ee324"
2026-09-08T08:12:26.2430944Z       }
2026-09-08T08:12:26.2431162Z     ],
2026-09-08T08:12:26.2431425Z     "sqliteVersion": "3.53.3",
2026-09-08T08:12:26.2431751Z     "compatibility": "COMPATIBLE"
2026-09-08T08:12:26.2432047Z   },
2026-09-08T08:12:26.2432270Z   "security": {
2026-09-08T08:12:26.2432560Z     "attachDenied": true,
2026-09-08T08:12:26.2432868Z     "schemaMutationDenied": true,
2026-09-08T08:12:26.2433213Z     "extensionLoadingDenied": true,
2026-09-08T08:12:26.2433590Z     "parameterBindingPreservedJournal": true
2026-09-08T08:12:26.2433918Z   },
2026-09-08T08:12:26.2434135Z   "backup": {
2026-09-08T08:12:26.2435041Z     "sha256": "f76f4ac765da4ff2a781e2cbf5bf841d08ba5241fce950a90239e391ae3c8e30",
2026-09-08T08:12:26.2435525Z     "sizeBytes": 152207360,
2026-09-08T08:12:26.2435808Z     "pages": 37160,
2026-09-08T08:12:26.2436062Z     "integrity": "ok"
2026-09-08T08:12:26.2436308Z   }
2026-09-08T08:12:26.2436526Z }
2026-09-08T08:12:26.9268450Z $ pnpm exec tsc -b packages/contracts/tsconfig.json packages/platform/tsconfig.json apps/runtime/tsconfig.json apps/cli/tsconfig.json --pretty false && node scripts/qualification/control-api/qualify-control-api.mjs
2026-09-08T08:12:29.7101818Z {
2026-09-08T08:12:29.7102572Z   "qualification": "P1-V07-CONTROL-API",
2026-09-08T08:12:29.7103238Z   "result": "PASS",
2026-09-08T08:12:29.7103756Z   "platform": "win32",
2026-09-08T08:12:29.7104219Z   "results": [
2026-09-08T08:12:29.7104622Z     {
2026-09-08T08:12:29.7105119Z       "evidenceType": "OpenApiValidationResult",
2026-09-08T08:12:29.7105693Z       "result": "PASS",
2026-09-08T08:12:29.7106182Z       "version": "3.1.1",
2026-09-08T08:12:29.7106669Z       "requiredPaths": [
2026-09-08T08:12:29.7107222Z         "/version",
2026-09-08T08:12:29.7107671Z         "/health",
2026-09-08T08:12:29.7108151Z         "/endpoint",
2026-09-08T08:12:29.7108640Z         "/status",
2026-09-08T08:12:29.7109072Z         "/doctor",
2026-09-08T08:12:29.7109470Z         "/events",
2026-09-08T08:12:29.7109914Z         "/runtime/stop"
2026-09-08T08:12:29.7110342Z       ]
2026-09-08T08:12:29.7110745Z     },
2026-09-08T08:12:29.7111152Z     {
2026-09-08T08:12:29.7111621Z       "evidenceType": "LoopbackExposureResult",
2026-09-08T08:12:29.7112224Z       "result": "PASS",
2026-09-08T08:12:29.7112733Z       "host": "127.0.0.1",
2026-09-08T08:12:29.7113248Z       "portClass": "OS_ASSIGNED_EPHEMERAL"
2026-09-08T08:12:29.7113773Z     },
2026-09-08T08:12:29.7114133Z     {
2026-09-08T08:12:29.7114652Z       "evidenceType": "TokenAclRedactionResult",
2026-09-08T08:12:29.7115313Z       "result": "PASS",
2026-09-08T08:12:29.7115765Z       "tokenBits": 256,
2026-09-08T08:12:29.7116407Z       "acl": "CURRENT_USER_ONLY_NO_INHERITANCE",
2026-09-08T08:12:29.7117087Z       "publicErrorRedacted": true
2026-09-08T08:12:29.7117629Z     },
2026-09-08T08:12:29.7118040Z     {
2026-09-08T08:12:29.7118566Z       "evidenceType": "CliPublicApiAcceptanceResult",
2026-09-08T08:12:29.7119192Z       "result": "PASS",
2026-09-08T08:12:29.7120576Z       "commands": [
2026-09-08T08:12:29.7121012Z         "start",
2026-09-08T08:12:29.7121458Z         "version",
2026-09-08T08:12:29.7121893Z         "doctor",
2026-09-08T08:12:29.7122339Z         "status",
2026-09-08T08:12:29.7122759Z         "stop"
2026-09-08T08:12:29.7123265Z       ],
2026-09-08T08:12:29.7124269Z       "clientBoundary": "@aseos/platform public Control API client"
2026-09-08T08:12:29.7125054Z     }
2026-09-08T08:12:29.7125459Z   ]
2026-09-08T08:12:29.7125857Z }
2026-09-08T08:12:30.3402064Z $ pnpm run isolation:build && node scripts/qualification/isolation/qualify-process-restricted.mjs
2026-09-08T08:12:30.8762521Z $ pnpm --filter @aseos/windows-process-restricted build && pnpm --filter @aseos/worker build
2026-09-08T08:12:31.4379322Z $ tsc -b tsconfig.json --pretty false && node scripts/copy-assets.mjs
2026-09-08T08:12:32.2013435Z $ tsc -b tsconfig.json --pretty false
2026-09-08T08:13:42.4336498Z {
2026-09-08T08:13:42.4337133Z   "schemaVersion": "1.0.0",
2026-09-08T08:13:42.4341609Z   "gateStepId": "P1-V08-ISOLATION",
2026-09-08T08:13:42.4342287Z   "result": "PASS",
2026-09-08T08:13:42.4342823Z   "platform": "win32",
2026-09-08T08:13:42.4343354Z   "capability": {
2026-09-08T08:13:42.4343882Z     "schemaVersion": "1.0.0",
2026-09-08T08:13:42.4344985Z     "reportId": "01a08013-c8c5-733f-b1ae-a9a330c9697e",
2026-09-08T08:13:42.4345860Z     "capabilityId": "windows-process-restricted",
2026-09-08T08:13:42.4346533Z     "capabilityVersion": "1.0.0",
2026-09-08T08:13:42.4347141Z     "providerId": "aseos.windows-job-object",
2026-09-08T08:13:42.4347752Z     "providerVersion": "1.0.0",
2026-09-08T08:13:42.4348249Z     "platform": "win32",
2026-09-08T08:13:42.4348774Z     "isolationLevel": "PROCESS_RESTRICTED",
2026-09-08T08:13:42.4349369Z     "probe": {
2026-09-08T08:13:42.4349893Z       "probeId": "01a08013-c8c5-750f-aed4-633b7c2d8489",
2026-09-08T08:13:42.4350563Z       "performedAt": "2026-09-08T08:12:55.364Z",
2026-09-08T08:13:42.4351158Z       "windowsBuild": "10.0.26100",
2026-09-08T08:13:42.4351718Z       "jobObjectAvailable": true,
2026-09-08T08:13:42.4352321Z       "nestedProcessAssignmentSupported": true
2026-09-08T08:13:42.4352926Z     },
2026-09-08T08:13:42.4353313Z     "budgetSupport": {
2026-09-08T08:13:42.4354515Z       "cpuTime": true,
2026-09-08T08:13:42.4356177Z       "memory": true,
2026-09-08T08:13:42.4357138Z       "processCount": true,
2026-09-08T08:13:42.4358410Z       "wallClock": true,
2026-09-08T08:13:42.4359033Z       "stdout": true,
2026-09-08T08:13:42.4359548Z       "stderr": true
2026-09-08T08:13:42.4360044Z     },
2026-09-08T08:13:42.4360513Z     "guarantees": {
2026-09-08T08:13:42.4360857Z       "processTreeLifecycleContained": true,
2026-09-08T08:13:42.4361217Z       "resourceBudgetsEnforced": true,
2026-09-08T08:13:42.4361748Z       "networkAccessDenied": false,
2026-09-08T08:13:42.4362606Z       "filesystemAccessDenied": false,
2026-09-08T08:13:42.4364245Z       "registryAccessDenied": false,
2026-09-08T08:13:42.4365606Z       "securitySandbox": false
2026-09-08T08:13:42.4367774Z     },
2026-09-08T08:13:42.4368308Z     "result": "AVAILABLE",
2026-09-08T08:13:42.4368806Z     "reasonCodes": [],
2026-09-08T08:13:42.4375170Z     "reportedAt": "2026-09-08T08:12:55.364Z"
2026-09-08T08:13:42.4376403Z   },
2026-09-08T08:13:42.4377105Z   "jobObjectLifecycle": {
2026-09-08T08:13:42.4378499Z     "evidenceType": "JobObjectLifecycleResult",
2026-09-08T08:13:42.4379200Z     "result": "PASS",
2026-09-08T08:13:42.4379736Z     "jobAssignedAtProcessCreation": true,
2026-09-08T08:13:42.4380474Z     "membershipVerifiedBeforeResume": true,
2026-09-08T08:13:42.4381233Z     "jobObjectAssigned": true,
2026-09-08T08:13:42.4381791Z     "killOnJobClose": true,
2026-09-08T08:13:42.4382506Z     "activeProcessCountAfterCompletion": 0,
2026-09-08T08:13:42.4383230Z     "environmentAllowlist": "PASS",
2026-09-08T08:13:42.4383918Z     "stagedUnicodeAndSpacePath": "PASS"
2026-09-08T08:13:42.4384537Z   },
2026-09-08T08:13:42.4386273Z   "processTreeTermination": {
2026-09-08T08:13:42.4386898Z     "evidenceType": "ProcessTreeTerminationResult",
2026-09-08T08:13:42.4387498Z     "result": "PASS",
2026-09-08T08:13:42.4387950Z     "observedProcessCount": 3,
2026-09-08T08:13:42.4388501Z     "rootChildGrandchildTerminated": true,
2026-09-08T08:13:42.4389435Z     "terminationReason": "WALL_CLOCK_LIMIT",
2026-09-08T08:13:42.4390114Z     "activeProcessCountAfterCompletion": 0
2026-09-08T08:13:42.4390672Z   },
2026-09-08T08:13:42.4391027Z   "noDowngrade": {
2026-09-08T08:13:42.4391554Z     "evidenceType": "NoDowngradePropertyResult",
2026-09-08T08:13:42.4392164Z     "result": "PASS",
2026-09-08T08:13:42.4392690Z     "strongerMinimumsBlocked": [
2026-09-08T08:13:42.4393212Z       "OS_SANDBOXED",
2026-09-08T08:13:42.4393642Z       "CONTAINER_ISOLATED",
2026-09-08T08:13:42.4394108Z       "REMOTE_ISOLATED"
2026-09-08T08:13:42.4394485Z     ],
2026-09-08T08:13:42.4394815Z     "unavailableProcessRestrictedBlocked": true,
2026-09-08T08:13:42.4395585Z     "hostUnrestrictedSelectable": false
2026-09-08T08:13:42.4395913Z   },
2026-09-08T08:13:42.4396156Z   "claimBoundary": {
2026-09-08T08:13:42.4396466Z     "filesystemDenied": false,
2026-09-08T08:13:42.4396776Z     "registryDenied": false,
2026-09-08T08:13:42.4397304Z     "networkDenied": false,
2026-09-08T08:13:42.4397649Z     "securitySandbox": false
2026-09-08T08:13:42.4397928Z   }
2026-09-08T08:13:42.4398154Z }
2026-09-08T08:13:43.0015317Z $ tsc -b tsconfig.build.json --pretty false && node scripts/toolchain/copy-runtime-assets.mjs
2026-09-08T08:13:43.7791534Z $ node scripts/toolchain/verify-config.mjs
2026-09-08T08:13:43.8876107Z {
2026-09-08T08:13:43.8876664Z   "schemaVersion": "1.0.0",
2026-09-08T08:13:43.8877326Z   "check": "TOOLCHAIN_CONFIGURATION_CONSISTENCY",
2026-09-08T08:13:43.8877925Z   "result": "PASS",
2026-09-08T08:13:43.8878803Z   "authorityBuild": "tsc -b tsconfig.build.json --pretty false && node scripts/toolchain/copy-runtime-assets.mjs",
2026-09-08T08:13:43.8879751Z   "projectReferences": 9,
2026-09-08T08:13:43.8880476Z   "workspacePackages": 8,
2026-09-08T08:13:43.8880860Z   "packageProjectReferences": 8,
2026-09-08T08:13:43.8881217Z   "nonPackageProjectReferences": 1,
2026-09-08T08:13:43.8881708Z   "toolchainQualificationProject": "tests/qualification/toolchain",
2026-09-08T08:13:43.8882155Z   "esmOnly": true,
2026-09-08T08:13:43.8882517Z   "qualityAggregatorCheck": "p1-o01-toolchain-qualify",
2026-09-08T08:13:43.8883000Z   "dependencyBuildPolicy": "DENY_UNLESS_ALLOW_BUILDS",
2026-09-08T08:13:43.8883414Z   "dependencyBuildAllowlist": [
2026-09-08T08:13:43.8883731Z     "protobufjs@7.6.5"
2026-09-08T08:13:43.8884000Z   ]
2026-09-08T08:13:43.8884228Z }
2026-09-08T08:13:44.4427029Z $ node scripts/toolchain/verify-versions.mjs
2026-09-08T08:13:45.6671164Z {
2026-09-08T08:13:45.6671550Z   "schemaVersion": "1.0.0",
2026-09-08T08:13:45.6671977Z   "check": "BUILD_VERSION_CONSISTENCY",
2026-09-08T08:13:45.6672366Z   "result": "PASS",
2026-09-08T08:13:45.6672692Z   "actual": {
2026-09-08T08:13:45.6672973Z     "node": "24.19.0",
2026-09-08T08:13:45.6673292Z     "pnpm": "11.24.0",
2026-09-08T08:13:45.6673596Z     "typescript": "6.0.3"
2026-09-08T08:13:45.6673898Z   },
2026-09-08T08:13:45.6674437Z   "lockfileSha256": "29ed28951e114220bc2d7fc8c72220138ce8956639c7190fcfa0aeb6e99264d8",
2026-09-08T08:13:45.6675063Z   "packageManager": "pnpm@11.24.0"
2026-09-08T08:13:45.6675408Z }
2026-09-08T08:13:46.2273218Z $ node scripts/toolchain/verify-frozen-install.mjs
2026-09-08T08:13:49.9188129Z {
2026-09-08T08:13:49.9188564Z   "schemaVersion": "1.0.0",
2026-09-08T08:13:49.9189138Z   "check": "CLEAN_FROZEN_LOCKFILE_OFFLINE_INSTALL",
2026-09-08T08:13:49.9189647Z   "result": "PASS",
2026-09-08T08:13:49.9189987Z   "temporaryCheckout": true,
2026-09-08T08:13:49.9190360Z   "lockfileUnchanged": true,
2026-09-08T08:13:49.9190989Z   "lockfileSha256": "29ed28951e114220bc2d7fc8c72220138ce8956639c7190fcfa0aeb6e99264d8",
2026-09-08T08:13:49.9191702Z   "output": "Done in 3.5s using pnpm v11.24.0"
2026-09-08T08:13:49.9192492Z }
2026-09-08T08:13:52.1959058Z ##[group]Run pnpm run clean
2026-09-08T08:13:52.1959488Z [36;1mpnpm run clean[0m
2026-09-08T08:13:52.1959770Z [36;1mpnpm run build[0m
2026-09-08T08:13:52.2063152Z shell: C:\Program Files\PowerShell\7\pwsh.EXE -command ". '{0}'"
2026-09-08T08:13:52.2063579Z ##[endgroup]
2026-09-08T08:13:53.1856440Z $ tsc -b tsconfig.build.json --clean && node scripts/toolchain/copy-runtime-assets.mjs --clean
2026-09-08T08:13:53.9997940Z $ tsc -b tsconfig.build.json --pretty false && node scripts/toolchain/copy-runtime-assets.mjs
2026-09-08T08:14:02.6461732Z ##[group]Run pnpm run evidence:ci
2026-09-08T08:14:02.6462098Z [36;1mpnpm run evidence:ci[0m
2026-09-08T08:14:02.6562080Z shell: C:\Program Files\PowerShell\7\pwsh.EXE -command ". '{0}'"
2026-09-08T08:14:02.6562450Z ##[endgroup]
2026-09-08T08:14:03.5826874Z $ node scripts/toolchain/emit-ci-evidence.mjs
2026-09-08T08:14:04.8162088Z {
2026-09-08T08:14:04.8162397Z   "schemaVersion": "1.0.0",
2026-09-08T08:14:04.8162759Z   "evidenceType": "CrossPlatformBuildEvidence",
2026-09-08T08:14:04.8163079Z   "result": "PASS",
2026-09-08T08:14:04.8163359Z   "commit": "3777bda86f090ac75a3382b8b310da17737dc257",
2026-09-08T08:14:04.8163791Z   "controllerCommit": "5f6c6437f09cc486e5143f1de63acbe0ade821f7",
2026-09-08T08:14:04.8164154Z   "environment": {
2026-09-08T08:14:04.8164346Z     "os": "win32",
2026-09-08T08:14:04.8164525Z     "arch": "x64",
2026-09-08T08:14:04.8164707Z     "node": "24.19.0",
2026-09-08T08:14:04.8164915Z     "pnpm": "11.24.0",
2026-09-08T08:14:04.8165182Z     "typescript": "6.0.3",
2026-09-08T08:14:04.8165435Z     "runnerImage": "win25-vs2026",
2026-09-08T08:14:04.8165722Z     "runnerImageVersion": "20260824.214.3"
2026-09-08T08:14:04.8165979Z   },
2026-09-08T08:14:04.8166364Z   "lockfileSha256": "29ed28951e114220bc2d7fc8c72220138ce8956639c7190fcfa0aeb6e99264d8",
2026-09-08T08:14:04.8167526Z   "authorityBuild": "pnpm exec tsc -b tsconfig.build.json --pretty false && node scripts/toolchain/copy-runtime-assets.mjs"
2026-09-08T08:14:04.8168122Z }
2026-09-08T08:14:04.9204553Z Node 20 is being deprecated. This workflow is running with Node 24 by default. If you need to temporarily use Node 20, you can set the ACTIONS_ALLOW_USE_UNSECURE_NODE_VERSION=true environment variable. For more information see: https://github.blog/changelog/2025-09-19-deprecation-of-node-20-on-github-actions-runners/
2026-09-08T08:14:04.9205957Z Post job cleanup.
2026-09-08T08:14:05.0783706Z (node:4208) [DEP0040] DeprecationWarning: The `punycode` module is deprecated. Please use a userland alternative instead.
2026-09-08T08:14:05.0784683Z (Use `node --trace-deprecation ...` to show where the warning was created)
2026-09-08T08:14:05.1138584Z Node 20 is being deprecated. This workflow is running with Node 24 by default. If you need to temporarily use Node 20, you can set the ACTIONS_ALLOW_USE_UNSECURE_NODE_VERSION=true environment variable. For more information see: https://github.blog/changelog/2025-09-19-deprecation-of-node-20-on-github-actions-runners/
2026-09-08T08:14:05.1139956Z Post job cleanup.
2026-09-08T08:14:05.3447211Z [command]"C:\Program Files\Git\bin\git.exe" version
2026-09-08T08:14:05.3757024Z git version 2.55.0.windows.5
2026-09-08T08:14:05.3836938Z Temporarily overriding HOME='D:\a\_temp\1bacf18e-8c04-4bbe-8d0d-af90f3d1f3a7' before making global git config changes
2026-09-08T08:14:05.3837863Z Adding repository directory to the temporary git global config as a safe directory
2026-09-08T08:14:05.3848674Z [command]"C:\Program Files\Git\bin\git.exe" config --global --add safe.directory D:\a\-ai-software-engineering-os\-ai-software-engineering-os
2026-09-08T08:14:05.4173015Z [command]"C:\Program Files\Git\bin\git.exe" config --local --name-only --get-regexp core\.sshCommand
2026-09-08T08:14:05.4492172Z [command]"C:\Program Files\Git\bin\git.exe" submodule foreach --recursive "sh -c \"git config --local --name-only --get-regexp 'core\.sshCommand' && git config --local --unset-all 'core.sshCommand' || :\""
2026-09-08T08:14:06.0305624Z [command]"C:\Program Files\Git\bin\git.exe" config --local --name-only --get-regexp http\.https\:\/\/github\.com\/\.extraheader
2026-09-08T08:14:06.0582236Z http.https://github.com/.extraheader
2026-09-08T08:14:06.0630649Z [command]"C:\Program Files\Git\bin\git.exe" config --local --unset-all http.https://github.com/.extraheader
2026-09-08T08:14:06.0963692Z [command]"C:\Program Files\Git\bin\git.exe" submodule foreach --recursive "sh -c \"git config --local --name-only --get-regexp 'http\.https\:\/\/github\.com\/\.extraheader' && git config --local --unset-all 'http.https://github.com/.extraheader' || :\""
2026-09-08T08:14:06.6811656Z Cleaning up orphan processes
2026-09-08T08:14:06.6852895Z ##[warning]Node.js 20 is deprecated. The following actions target Node.js 20 but are being forced to run on Node.js 24: actions/checkout@11bd71901bbe5b1630ceea73d27597364c9af683, actions/setup-node@49933ea5288caeca8642d1e84afbd3f7d6820020. For more information see: https://github.blog/changelog/2025-09-19-deprecation-of-node-20-on-github-actions-runners/

