2026-09-08T07:54:58.4923056Z Current runner version: '2.337.0'
2026-09-08T07:54:58.4953211Z ##[group]Runner Image Provisioner
2026-09-08T07:54:58.4954295Z Hosted Compute Agent
2026-09-08T07:54:58.4955047Z Version: 20260828.587
2026-09-08T07:54:58.4955941Z Commit: abac92662cab4cc7352de4f9f9d2e2419aad9c29
2026-09-08T07:54:58.4956854Z Build Date: 2026-08-28T16:44:25Z
2026-09-08T07:54:58.4957767Z Worker ID: {b428b37d-f791-468b-863f-4925c6e885b2}
2026-09-08T07:54:58.4958834Z Azure Region: eastus
2026-09-08T07:54:58.4959560Z ##[endgroup]
2026-09-08T07:54:58.4961420Z ##[group]Operating System
2026-09-08T07:54:58.4962191Z Ubuntu
2026-09-08T07:54:58.4962931Z 24.04.4
2026-09-08T07:54:58.4963582Z LTS
2026-09-08T07:54:58.4964223Z ##[endgroup]
2026-09-08T07:54:58.4965011Z ##[group]Runner Image
2026-09-08T07:54:58.4965727Z Image: ubuntu-24.04
2026-09-08T07:54:58.4966491Z Version: 20260831.293.1
2026-09-08T07:54:58.4968275Z Included Software: https://github.com/actions/runner-images/blob/ubuntu24/20260831.293/images/ubuntu/Ubuntu2404-Readme.md
2026-09-08T07:54:58.4970375Z Image Release: https://github.com/actions/runner-images/releases/tag/ubuntu24%2F20260831.293
2026-09-08T07:54:58.4971580Z ##[endgroup]
2026-09-08T07:54:58.4973101Z ##[group]GITHUB_TOKEN Permissions
2026-09-08T07:54:58.4975279Z Contents: read
2026-09-08T07:54:58.4976017Z Metadata: read
2026-09-08T07:54:58.4976774Z ##[endgroup]
2026-09-08T07:54:58.4979722Z Secret source: Actions
2026-09-08T07:54:58.4981101Z Prepare workflow directory
2026-09-08T07:54:58.5351015Z Prepare all required actions
2026-09-08T07:54:58.5408816Z Getting action download info
2026-09-08T07:54:58.6840570Z Download action repository 'actions/checkout@11bd71901bbe5b1630ceea73d27597364c9af683' (SHA:11bd71901bbe5b1630ceea73d27597364c9af683)
2026-09-08T07:54:58.7877731Z Download action repository 'actions/setup-node@49933ea5288caeca8642d1e84afbd3f7d6820020' (SHA:49933ea5288caeca8642d1e84afbd3f7d6820020)
2026-09-08T07:54:59.0042810Z Uses: olu37776-bit/-ai-software-engineering-os/.github/workflows/quality.yml@refs/pull/101/merge (5f6c6437f09cc486e5143f1de63acbe0ade821f7)
2026-09-08T07:54:59.0046644Z ##[group] Inputs
2026-09-08T07:54:59.0047125Z   target_sha: 3777bda86f090ac75a3382b8b310da17737dc257
2026-09-08T07:54:59.0047616Z ##[endgroup]
2026-09-08T07:54:59.0048191Z Complete job name: required-quality / qualify (linux-x64)
2026-09-08T07:54:59.0682695Z Node 20 is being deprecated. This workflow is running with Node 24 by default. If you need to temporarily use Node 20, you can set the ACTIONS_ALLOW_USE_UNSECURE_NODE_VERSION=true environment variable. For more information see: https://github.blog/changelog/2025-09-19-deprecation-of-node-20-on-github-actions-runners/
2026-09-08T07:54:59.0689461Z ##[group]Run actions/checkout@11bd71901bbe5b1630ceea73d27597364c9af683
2026-09-08T07:54:59.0690152Z with:
2026-09-08T07:54:59.0690517Z   ref: 3777bda86f090ac75a3382b8b310da17737dc257
2026-09-08T07:54:59.0690974Z   fetch-depth: 0
2026-09-08T07:54:59.0691390Z   repository: olu37776-bit/-ai-software-engineering-os
2026-09-08T07:54:59.0694338Z   token: ***
2026-09-08T07:54:59.0694713Z   ssh-strict: true
2026-09-08T07:54:59.0695052Z   ssh-user: git
2026-09-08T07:54:59.0695401Z   persist-credentials: true
2026-09-08T07:54:59.0695781Z   clean: true
2026-09-08T07:54:59.0696124Z   sparse-checkout-cone-mode: true
2026-09-08T07:54:59.0696550Z   fetch-tags: false
2026-09-08T07:54:59.0696895Z   show-progress: true
2026-09-08T07:54:59.0697242Z   lfs: false
2026-09-08T07:54:59.0697562Z   submodules: false
2026-09-08T07:54:59.0697910Z   set-safe-directory: true
2026-09-08T07:54:59.0698770Z ##[endgroup]
2026-09-08T07:54:59.1542080Z Syncing repository: olu37776-bit/-ai-software-engineering-os
2026-09-08T07:54:59.1543578Z ##[group]Getting Git version info
2026-09-08T07:54:59.1544593Z Working directory is '/home/runner/work/-ai-software-engineering-os/-ai-software-engineering-os'
2026-09-08T07:54:59.1545595Z [command]/usr/bin/git version
2026-09-08T07:54:59.1621009Z git version 2.55.0
2026-09-08T07:54:59.1649443Z ##[endgroup]
2026-09-08T07:54:59.1656136Z Temporarily overriding HOME='/home/runner/work/_temp/eb1b03d0-824c-4fd8-95a6-a6f0d0a97d66' before making global git config changes
2026-09-08T07:54:59.1658798Z Adding repository directory to the temporary git global config as a safe directory
2026-09-08T07:54:59.1660751Z [command]/usr/bin/git config --global --add safe.directory /home/runner/work/-ai-software-engineering-os/-ai-software-engineering-os
2026-09-08T07:54:59.1701285Z Deleting the contents of '/home/runner/work/-ai-software-engineering-os/-ai-software-engineering-os'
2026-09-08T07:54:59.1704728Z ##[group]Initializing the repository
2026-09-08T07:54:59.1709452Z [command]/usr/bin/git init /home/runner/work/-ai-software-engineering-os/-ai-software-engineering-os
2026-09-08T07:54:59.1812624Z hint: Using 'master' as the name for the initial branch. This default branch name
2026-09-08T07:54:59.1814004Z hint: will change to "main" in Git 3.0. To configure the initial branch name
2026-09-08T07:54:59.1815262Z hint: to use in all of your new repositories, which will suppress this warning,
2026-09-08T07:54:59.1816258Z hint: call:
2026-09-08T07:54:59.1816742Z hint:
2026-09-08T07:54:59.1817360Z hint: 	git config --global init.defaultBranch <name>
2026-09-08T07:54:59.1819068Z hint:
2026-09-08T07:54:59.1819842Z hint: Names commonly chosen instead of 'master' are 'main', 'trunk' and
2026-09-08T07:54:59.1821023Z hint: 'development'. The just-created branch can be renamed via this command:
2026-09-08T07:54:59.1822119Z hint:
2026-09-08T07:54:59.1822644Z hint: 	git branch -m <name>
2026-09-08T07:54:59.1900609Z hint:
2026-09-08T07:54:59.1901549Z hint: Disable this message with "git config set advice.defaultBranchName false"
2026-09-08T07:54:59.1903366Z Initialized empty Git repository in /home/runner/work/-ai-software-engineering-os/-ai-software-engineering-os/.git/
2026-09-08T07:54:59.1906018Z [command]/usr/bin/git remote add origin https://github.com/olu37776-bit/-ai-software-engineering-os
2026-09-08T07:54:59.1911368Z ##[endgroup]
2026-09-08T07:54:59.1912334Z ##[group]Disabling automatic garbage collection
2026-09-08T07:54:59.1913200Z [command]/usr/bin/git config --local gc.auto 0
2026-09-08T07:54:59.1914915Z ##[endgroup]
2026-09-08T07:54:59.1915730Z ##[group]Setting up auth
2026-09-08T07:54:59.1916900Z [command]/usr/bin/git config --local --name-only --get-regexp core\.sshCommand
2026-09-08T07:54:59.1931730Z [command]/usr/bin/git submodule foreach --recursive sh -c "git config --local --name-only --get-regexp 'core\.sshCommand' && git config --local --unset-all 'core.sshCommand' || :"
2026-09-08T07:54:59.2260928Z [command]/usr/bin/git config --local --name-only --get-regexp http\.https\:\/\/github\.com\/\.extraheader
2026-09-08T07:54:59.2293430Z [command]/usr/bin/git submodule foreach --recursive sh -c "git config --local --name-only --get-regexp 'http\.https\:\/\/github\.com\/\.extraheader' && git config --local --unset-all 'http.https://github.com/.extraheader' || :"
2026-09-08T07:54:59.2476419Z [command]/usr/bin/git config --local http.https://github.com/.extraheader AUTHORIZATION: basic ***
2026-09-08T07:54:59.2507971Z ##[endgroup]
2026-09-08T07:54:59.2509208Z ##[group]Fetching the repository
2026-09-08T07:54:59.2515580Z [command]/usr/bin/git -c protocol.version=2 fetch --prune --no-recurse-submodules origin +refs/heads/*:refs/remotes/origin/* +refs/tags/*:refs/tags/*
2026-09-08T07:54:59.6826962Z From https://github.com/olu37776-bit/-ai-software-engineering-os
2026-09-08T07:54:59.6828831Z  * [new branch]      diagnostic/issue-53-prettier-output -> origin/diagnostic/issue-53-prettier-output
2026-09-08T07:54:59.6830718Z  * [new branch]      docs/coverage-loop-redesign-20260908 -> origin/docs/coverage-loop-redesign-20260908
2026-09-08T07:54:59.6832640Z  * [new branch]      docs/knowledge-reconstruction-design-v1-20260908 -> origin/docs/knowledge-reconstruction-design-v1-20260908
2026-09-08T07:54:59.6834909Z  * [new branch]      docs/learning-feedback-rebaseline-20260908 -> origin/docs/learning-feedback-rebaseline-20260908
2026-09-08T07:54:59.6837280Z  * [new branch]      gate/p1-o04-final-scope-authority-amendment-issue-41 -> origin/gate/p1-o04-final-scope-authority-amendment-issue-41
2026-09-08T07:54:59.6840414Z  * [new branch]      gate/p1-o04-final-scope-authority-amendment-issue-44 -> origin/gate/p1-o04-final-scope-authority-amendment-issue-44
2026-09-08T07:54:59.6843195Z  * [new branch]      gate/p1-o04-final-scope-authority-amendment-issue-48 -> origin/gate/p1-o04-final-scope-authority-amendment-issue-48
2026-09-08T07:54:59.6845719Z  * [new branch]      gate/p1-o04-resume-after-issue-29-final-amendment-issue-48 -> origin/gate/p1-o04-resume-after-issue-29-final-amendment-issue-48
2026-09-08T07:54:59.6848198Z  * [new branch]      gate/p1-o04-transition-enforcement-issue-29 -> origin/gate/p1-o04-transition-enforcement-issue-29
2026-09-08T07:54:59.6850228Z  * [new branch]      gate/p1-o05-start-after-issue-53-independent -> origin/gate/p1-o05-start-after-issue-53-independent
2026-09-08T07:54:59.6851457Z  * [new branch]      gate/p1-o05-transition-authorization-issue-53 -> origin/gate/p1-o05-transition-authorization-issue-53
2026-09-08T07:54:59.6852800Z  * [new branch]      gate/p1-o06-governance-amendment-authorization-issue-64 -> origin/gate/p1-o06-governance-amendment-authorization-issue-64
2026-09-08T07:54:59.6854096Z  * [new branch]      gate/p1-o06-start-after-issue-64-independent -> origin/gate/p1-o06-start-after-issue-64-independent
2026-09-08T07:54:59.6855426Z  * [new branch]      gate/p1-o07-governance-amendment-authorization-issue-71 -> origin/gate/p1-o07-governance-amendment-authorization-issue-71
2026-09-08T07:54:59.6857050Z  * [new branch]      gate/p1-o07-start-after-issue-71-independent -> origin/gate/p1-o07-start-after-issue-71-independent
2026-09-08T07:54:59.6858919Z  * [new branch]      governance/issue-11-independent-gate -> origin/governance/issue-11-independent-gate
2026-09-08T07:54:59.6859998Z  * [new branch]      governance/issue-14-authorization-gate -> origin/governance/issue-14-authorization-gate
2026-09-08T07:54:59.6860920Z  * [new branch]      governance/m0-final-gate -> origin/governance/m0-final-gate
2026-09-08T07:54:59.6861880Z  * [new branch]      governance/p1-execution-scope-amendment -> origin/governance/p1-execution-scope-amendment
2026-09-08T07:54:59.6863115Z  * [new branch]      governance/p1-o01-independent-gate -> origin/governance/p1-o01-independent-gate
2026-09-08T07:54:59.6864162Z  * [new branch]      governance/p1-o02-resume-after-issue-14 -> origin/governance/p1-o02-resume-after-issue-14
2026-09-08T07:54:59.6865225Z  * [new branch]      governance/p1-o02-resume-after-issue-21 -> origin/governance/p1-o02-resume-after-issue-21
2026-09-08T07:54:59.6866506Z  * [new branch]      governance/p1-o02-resume-after-issue-24 -> origin/governance/p1-o02-resume-after-issue-24
2026-09-08T07:54:59.6868590Z  * [new branch]      governance/p1-o02-root-integration-scope-amendment -> origin/governance/p1-o02-root-integration-scope-amendment
2026-09-08T07:54:59.6870070Z  * [new branch]      governance/p1-o04-final-scope-authority-amendment-issue-41 -> origin/governance/p1-o04-final-scope-authority-amendment-issue-41
2026-09-08T07:54:59.6871882Z  * [new branch]      governance/p1-o04-final-scope-authority-amendment-issue-44 -> origin/governance/p1-o04-final-scope-authority-amendment-issue-44
2026-09-08T07:54:59.6873523Z  * [new branch]      governance/p1-o04-final-scope-authority-amendment-issue-48 -> origin/governance/p1-o04-final-scope-authority-amendment-issue-48
2026-09-08T07:54:59.6875006Z  * [new branch]      governance/p1-o04-transition-enforcement-issue-29 -> origin/governance/p1-o04-transition-enforcement-issue-29
2026-09-08T07:54:59.6876599Z  * [new branch]      governance/p1-o04-transition-enforcement-scope-amendment -> origin/governance/p1-o04-transition-enforcement-scope-amendment
2026-09-08T07:54:59.6878812Z  * [new branch]      governance/p1-o05-scope-authority-amendment-issue-53 -> origin/governance/p1-o05-scope-authority-amendment-issue-53
2026-09-08T07:54:59.6880252Z  * [new branch]      governance/p1-o06-scope-authority-amendment-issue-64 -> origin/governance/p1-o06-scope-authority-amendment-issue-64
2026-09-08T07:54:59.6881795Z  * [new branch]      governance/p1-o07-scope-authority-amendment-issue-71 -> origin/governance/p1-o07-scope-authority-amendment-issue-71
2026-09-08T07:54:59.6882918Z  * [new branch]      governance/phase-1-entry-gate -> origin/governance/phase-1-entry-gate
2026-09-08T07:54:59.6883718Z  * [new branch]      main       -> origin/main
2026-09-08T07:54:59.6884614Z  * [new branch]      phase-1/issue-11-transition-remediation -> origin/phase-1/issue-11-transition-remediation
2026-09-08T07:54:59.6885882Z  * [new branch]      phase-1/p1-o01-authority-owner-test-remediation-issue-44 -> origin/phase-1/p1-o01-authority-owner-test-remediation-issue-44
2026-09-08T07:54:59.6887314Z  * [new branch]      phase-1/p1-o01-base-exact-merge-execution-issue-37 -> origin/phase-1/p1-o01-base-exact-merge-execution-issue-37
2026-09-08T07:54:59.6888689Z  * [new branch]      phase-1/p1-o01-governance-amendment-mode -> origin/phase-1/p1-o01-governance-amendment-mode
2026-09-08T07:54:59.6889941Z  * [new branch]      phase-1/p1-o01-issue29-final-gate-recovery-issue-39 -> origin/phase-1/p1-o01-issue29-final-gate-recovery-issue-39
2026-09-08T07:54:59.6891267Z  * [new branch]      phase-1/p1-o01-issue33-evidence-correction-issue-35 -> origin/phase-1/p1-o01-issue33-evidence-correction-issue-35
2026-09-08T07:54:59.6892588Z  * [new branch]      phase-1/p1-o01-lf-c1-entry-preparation-issue-95 -> origin/phase-1/p1-o01-lf-c1-entry-preparation-issue-95
2026-09-08T07:54:59.6893898Z  * [new branch]      phase-1/p1-o01-p1-o04-transition-enforcement-issue-29 -> origin/phase-1/p1-o01-p1-o04-transition-enforcement-issue-29
2026-09-08T07:54:59.6895248Z  * [new branch]      phase-1/p1-o01-p1-o05-start-gate-enforcement-issue-53 -> origin/phase-1/p1-o01-p1-o05-start-gate-enforcement-issue-53
2026-09-08T07:54:59.6896594Z  * [new branch]      phase-1/p1-o01-p1-o05-transition-enforcement-issue-53 -> origin/phase-1/p1-o01-p1-o05-transition-enforcement-issue-53
2026-09-08T07:54:59.6897929Z  * [new branch]      phase-1/p1-o01-p1-o06-start-gate-enforcement-issue-64 -> origin/phase-1/p1-o01-p1-o06-start-gate-enforcement-issue-64
2026-09-08T07:54:59.6899434Z  * [new branch]      phase-1/p1-o01-p1-o07-start-gate-enforcement-issue-71 -> origin/phase-1/p1-o01-p1-o07-start-gate-enforcement-issue-71
2026-09-08T07:54:59.6900993Z  * [new branch]      phase-1/p1-o01-post-merge-qualification-dispatch-issue-33 -> origin/phase-1/p1-o01-post-merge-qualification-dispatch-issue-33
2026-09-08T07:54:59.6902300Z  * [new branch]      phase-1/p1-o01-review-remediation-issue-82 -> origin/phase-1/p1-o01-review-remediation-issue-82
2026-09-08T07:54:59.6903406Z  * [new branch]      phase-1/p1-o01-toolchain-foundation -> origin/phase-1/p1-o01-toolchain-foundation
2026-09-08T07:54:59.6904487Z  * [new branch]      phase-1/p1-o01-toolchain-topology-verifier -> origin/phase-1/p1-o01-toolchain-topology-verifier
2026-09-08T07:54:59.6905775Z  * [new branch]      phase-1/p1-o01-toolchain-transition-remediation-issue-24 -> origin/phase-1/p1-o01-toolchain-transition-remediation-issue-24
2026-09-08T07:54:59.6907016Z  * [new branch]      phase-1/p1-o02-contract-foundation -> origin/phase-1/p1-o02-contract-foundation
2026-09-08T07:54:59.6908244Z  * [new branch]      phase-1/p1-o02-contract-foundation-resume-3 -> origin/phase-1/p1-o02-contract-foundation-resume-3
2026-09-08T07:54:59.6909416Z  * [new branch]      phase-1/p1-o02-review-remediation-issue-82 -> origin/phase-1/p1-o02-review-remediation-issue-82
2026-09-08T07:54:59.6910777Z  * [new branch]      phase-1/p1-o02-windows-example-suite-copy-remediation-issue-64 -> origin/phase-1/p1-o02-windows-example-suite-copy-remediation-issue-64
2026-09-08T07:54:59.6912172Z  * [new branch]      phase-1/p1-o03-architecture-enforcement -> origin/phase-1/p1-o03-architecture-enforcement
2026-09-08T07:54:59.6913311Z  * [new branch]      phase-1/p1-o03-review-remediation-issue-82 -> origin/phase-1/p1-o03-review-remediation-issue-82
2026-09-08T07:54:59.6914385Z  * [new branch]      phase-1/p1-o04-deterministic-policy -> origin/phase-1/p1-o04-deterministic-policy
2026-09-08T07:54:59.6915620Z  * [new branch]      phase-1/p1-o04-review-remediation-issue-82 -> origin/phase-1/p1-o04-review-remediation-issue-82
2026-09-08T07:54:59.6917162Z  * [new branch]      phase-1/p1-o05-node-sqlite-qualification -> origin/phase-1/p1-o05-node-sqlite-qualification
2026-09-08T07:54:59.6918845Z  * [new branch]      phase-1/p1-o05-node-sqlite-qualification-resume-issue-60 -> origin/phase-1/p1-o05-node-sqlite-qualification-resume-issue-60
2026-09-08T07:54:59.6920267Z  * [new branch]      phase-1/p1-o05-review-remediation-issue-82 -> origin/phase-1/p1-o05-review-remediation-issue-82
2026-09-08T07:54:59.6921909Z  * [new branch]      phase-1/p1-o06-authenticated-loopback-control-api-issue-64 -> origin/phase-1/p1-o06-authenticated-loopback-control-api-issue-64
2026-09-08T07:54:59.6923388Z  * [new branch]      phase-1/p1-o06-review-remediation-issue-82 -> origin/phase-1/p1-o06-review-remediation-issue-82
2026-09-08T07:54:59.6924609Z  * [new branch]      phase-1/p1-o06-windows-claim-liveness-issue-82 -> origin/phase-1/p1-o06-windows-claim-liveness-issue-82
2026-09-08T07:54:59.6925812Z  * [new branch]      phase-1/p1-o07-review-remediation-issue-82 -> origin/phase-1/p1-o07-review-remediation-issue-82
2026-09-08T07:54:59.6927239Z  * [new branch]      phase-1/p1-o07-windows-process-restricted-qualification-issue-71 -> origin/phase-1/p1-o07-windows-process-restricted-qualification-issue-71
2026-09-08T07:54:59.6928724Z  * [new branch]      phase-1/p1-o08-packaging -> origin/phase-1/p1-o08-packaging
2026-09-08T07:54:59.6929680Z  * [new branch]      phase-1/p1-o08-review-remediation-issue-82 -> origin/phase-1/p1-o08-review-remediation-issue-82
2026-09-08T07:54:59.6930686Z  * [new branch]      phase-1/p1-o09-integrated-gate -> origin/phase-1/p1-o09-integrated-gate
2026-09-08T07:54:59.6931690Z  * [new branch]      phase-1/p1-o09-integrated-handoff-issue-82 -> origin/phase-1/p1-o09-integrated-handoff-issue-82
2026-09-08T07:54:59.6932934Z  * [new branch]      phase-1/p1-o09-qualification-fixture-repair-issue-82 -> origin/phase-1/p1-o09-qualification-fixture-repair-issue-82
2026-09-08T07:54:59.6934121Z  * [new branch]      phase-1/p1-o09-review-plan-issue-82 -> origin/phase-1/p1-o09-review-plan-issue-82
2026-09-08T07:54:59.6935296Z  * [new branch]      remediation/m0-governance-hardening -> origin/remediation/m0-governance-hardening
2026-09-08T07:54:59.6936433Z  * [new branch]      remediation/m0-preimplementation-governance -> origin/remediation/m0-preimplementation-governance
2026-09-08T07:54:59.6937642Z  * [new branch]      remediation/p1-o06-windows-acl-native -> origin/remediation/p1-o06-windows-acl-native
2026-09-08T07:54:59.6939583Z  * [new branch]      transition/p1-o02-dynamic-contract-qualification-issue-60 -> origin/transition/p1-o02-dynamic-contract-qualification-issue-60
2026-09-08T07:54:59.6942784Z [command]/usr/bin/git rev-parse --verify --quiet 3777bda86f090ac75a3382b8b310da17737dc257^{object}
2026-09-08T07:54:59.6944045Z 3777bda86f090ac75a3382b8b310da17737dc257
2026-09-08T07:54:59.6945978Z ##[endgroup]
2026-09-08T07:54:59.6947103Z ##[group]Determining the checkout info
2026-09-08T07:54:59.6948509Z ##[endgroup]
2026-09-08T07:54:59.6949238Z [command]/usr/bin/git sparse-checkout disable
2026-09-08T07:54:59.6951331Z [command]/usr/bin/git config --local --unset-all extensions.worktreeConfig
2026-09-08T07:54:59.6953690Z ##[group]Checking out the ref
2026-09-08T07:54:59.6954940Z [command]/usr/bin/git checkout --progress --force 3777bda86f090ac75a3382b8b310da17737dc257
2026-09-08T07:54:59.7273582Z Note: switching to '3777bda86f090ac75a3382b8b310da17737dc257'.
2026-09-08T07:54:59.7274181Z 
2026-09-08T07:54:59.7274538Z You are in 'detached HEAD' state. You can look around, make experimental
2026-09-08T07:54:59.7275350Z changes and commit them, and you can discard any commits you make in this
2026-09-08T07:54:59.7276107Z state without impacting any branches by switching back to a branch.
2026-09-08T07:54:59.7276549Z 
2026-09-08T07:54:59.7276853Z If you want to create a new branch to retain commits you create, you may
2026-09-08T07:54:59.7277780Z do so (now or later) by using -c with the switch command. Example:
2026-09-08T07:54:59.7278427Z 
2026-09-08T07:54:59.7278739Z   git switch -c <new-branch-name>
2026-09-08T07:54:59.7279205Z 
2026-09-08T07:54:59.7279577Z Or undo this operation with:
2026-09-08T07:54:59.7280043Z 
2026-09-08T07:54:59.7280318Z   git switch -
2026-09-08T07:54:59.7280659Z 
2026-09-08T07:54:59.7281204Z Turn off this advice by setting config variable advice.detachedHead to false
2026-09-08T07:54:59.7281933Z 
2026-09-08T07:54:59.7282499Z HEAD is now at 3777bda docs(phase-1): normalize receipt timing and handoff formatting
2026-09-08T07:54:59.7284982Z ##[endgroup]
2026-09-08T07:54:59.7320509Z [command]/usr/bin/git log -1 --format=%H
2026-09-08T07:54:59.7344309Z 3777bda86f090ac75a3382b8b310da17737dc257
2026-09-08T07:54:59.7584912Z Node 20 is being deprecated. This workflow is running with Node 24 by default. If you need to temporarily use Node 20, you can set the ACTIONS_ALLOW_USE_UNSECURE_NODE_VERSION=true environment variable. For more information see: https://github.blog/changelog/2025-09-19-deprecation-of-node-20-on-github-actions-runners/
2026-09-08T07:54:59.7587533Z ##[group]Run actions/setup-node@49933ea5288caeca8642d1e84afbd3f7d6820020
2026-09-08T07:54:59.7588377Z with:
2026-09-08T07:54:59.7588785Z   node-version: 24.19.0
2026-09-08T07:54:59.7589175Z   check-latest: false
2026-09-08T07:54:59.7589564Z   always-auth: false
2026-09-08T07:54:59.7592629Z   token: ***
2026-09-08T07:54:59.7592987Z ##[endgroup]
2026-09-08T07:54:59.8675236Z Attempting to download 24.19.0...
2026-09-08T07:54:59.8759058Z (node:2016) [DEP0040] DeprecationWarning: The `punycode` module is deprecated. Please use a userland alternative instead.
2026-09-08T07:54:59.8761060Z (Use `node --trace-deprecation ...` to show where the warning was created)
2026-09-08T07:55:00.1969996Z Acquiring 24.19.0 - x64 from https://github.com/actions/node-versions/releases/download/24.19.0-30872449280/node-24.19.0-linux-x64.tar.gz
2026-09-08T07:55:00.4891189Z Extracting ...
2026-09-08T07:55:00.4977142Z [command]/usr/bin/tar xz --strip 1 --warning=no-unknown-keyword --overwrite -C /home/runner/work/_temp/28724329-8fc4-4b30-bd6d-11f5137b4727 -f /home/runner/work/_temp/0015e94d-8810-4528-8102-adbc2baff9a8
2026-09-08T07:55:01.5438435Z Adding to the cache ...
2026-09-08T07:55:03.3999306Z ##[group]Environment details
2026-09-08T07:55:03.5891809Z node: v24.19.0
2026-09-08T07:55:03.5892394Z npm: 11.17.0
2026-09-08T07:55:03.5892712Z yarn: 1.22.22
2026-09-08T07:55:03.5894105Z ##[endgroup]
2026-09-08T07:55:03.6048849Z ##[group]Run python -m pip install --disable-pip-version-check --no-input "jsonschema==4.25.1" "referencing==0.36.2"
2026-09-08T07:55:03.6049633Z [36;1mpython -m pip install --disable-pip-version-check --no-input "jsonschema==4.25.1" "referencing==0.36.2"[0m
2026-09-08T07:55:03.6087922Z shell: /usr/bin/bash -e {0}
2026-09-08T07:55:03.6088427Z ##[endgroup]
2026-09-08T07:55:04.0582145Z Defaulting to user installation because normal site-packages is not writeable
2026-09-08T07:55:04.6426264Z Collecting jsonschema==4.25.1
2026-09-08T07:55:04.6687009Z   Downloading jsonschema-4.25.1-py3-none-any.whl.metadata (7.6 kB)
2026-09-08T07:55:04.6980135Z Collecting referencing==0.36.2
2026-09-08T07:55:04.7007960Z   Downloading referencing-0.36.2-py3-none-any.whl.metadata (2.8 kB)
2026-09-08T07:55:04.7127482Z Requirement already satisfied: attrs>=22.2.0 in /usr/lib/python3/dist-packages (from jsonschema==4.25.1) (23.2.0)
2026-09-08T07:55:04.7268505Z Collecting jsonschema-specifications>=2023.03.6 (from jsonschema==4.25.1)
2026-09-08T07:55:04.7344564Z   Downloading jsonschema_specifications-2025.9.1-py3-none-any.whl.metadata (2.9 kB)
2026-09-08T07:55:05.0250823Z Collecting rpds-py>=0.7.1 (from jsonschema==4.25.1)
2026-09-08T07:55:05.0282371Z   Downloading rpds_py-2026.6.3-cp312-cp312-manylinux_2_17_x86_64.manylinux2014_x86_64.whl.metadata (4.1 kB)
2026-09-08T07:55:05.0395706Z Requirement already satisfied: typing-extensions>=4.4.0 in /usr/lib/python3/dist-packages (from referencing==0.36.2) (4.10.0)
2026-09-08T07:55:05.0604986Z Downloading jsonschema-4.25.1-py3-none-any.whl (90 kB)
2026-09-08T07:55:05.1754444Z    ━━━━━━━━━━━━━━━━━━━━━━━━━━━━━━━━━━━━━━━━ 90.0/90.0 kB 706.3 kB/s eta 0:00:00
2026-09-08T07:55:05.1784613Z Downloading referencing-0.36.2-py3-none-any.whl (26 kB)
2026-09-08T07:55:05.1871852Z Downloading jsonschema_specifications-2025.9.1-py3-none-any.whl (18 kB)
2026-09-08T07:55:05.1918180Z Downloading rpds_py-2026.6.3-cp312-cp312-manylinux_2_17_x86_64.manylinux2014_x86_64.whl (366 kB)
2026-09-08T07:55:05.2008516Z    ━━━━━━━━━━━━━━━━━━━━━━━━━━━━━━━━━━━━━━━━ 366.2/366.2 kB 48.2 MB/s eta 0:00:00
2026-09-08T07:55:05.4015025Z Installing collected packages: rpds-py, referencing, jsonschema-specifications, jsonschema
2026-09-08T07:55:05.5963913Z Successfully installed jsonschema-4.25.1 jsonschema-specifications-2025.9.1 referencing-0.36.2 rpds-py-2026.6.3
2026-09-08T07:55:05.6898238Z ##[group]Run corepack enable
2026-09-08T07:55:05.6898545Z [36;1mcorepack enable[0m
2026-09-08T07:55:05.6898771Z [36;1mcorepack install --global pnpm@11.24.0[0m
2026-09-08T07:55:05.6932373Z shell: /usr/bin/bash -e {0}
2026-09-08T07:55:05.6932584Z ##[endgroup]
2026-09-08T07:55:05.7863205Z Installing pnpm@11.24.0...
2026-09-08T07:55:06.2537430Z ##[group]Run pnpm install --frozen-lockfile
2026-09-08T07:55:06.2537726Z [36;1mpnpm install --frozen-lockfile[0m
2026-09-08T07:55:06.2570157Z shell: /usr/bin/bash -e {0}
2026-09-08T07:55:06.2570372Z ##[endgroup]
2026-09-08T07:55:06.7407608Z Scope: all 9 workspace projects
2026-09-08T07:55:06.9386372Z ? Verifying lockfile against supply-chain policies (407 entries)...
2026-09-08T07:55:06.9471450Z Lockfile is up to date, resolution step is skipped
2026-09-08T07:55:07.0284013Z Progress: resolved 1, reused 0, downloaded 0, added 0
2026-09-08T07:55:07.0707988Z Packages: +382
2026-09-08T07:55:07.0709060Z ++++++++++++++++++++++++++++++++++++++++++++++++++++++++++++++++++++++++++++++++
2026-09-08T07:55:08.0349734Z Progress: resolved 382, reused 0, downloaded 28, added 0
2026-09-08T07:55:08.2754966Z Packages are hard linked from the content-addressable store to the virtual store.
2026-09-08T07:55:08.2755943Z   Content-addressable store is at: /home/runner/.local/share/pnpm/store/v11
2026-09-08T07:55:08.2777138Z   Virtual store is at:             node_modules/.pnpm
2026-09-08T07:55:09.0341069Z Progress: resolved 382, reused 0, downloaded 377, added 27
2026-09-08T07:55:09.5101707Z Progress: resolved 382, reused 0, downloaded 382, added 382, done
2026-09-08T07:55:09.7110045Z ✓ Lockfile passes supply-chain policies (407 entries in 2.7s)
2026-09-08T07:55:09.7142980Z .../node_modules/protobufjs postinstall$ node scripts/postinstall
2026-09-08T07:55:09.7481946Z .../node_modules/protobufjs postinstall: Done
2026-09-08T07:55:09.7663723Z [WARN] Failed to create bin at /home/runner/work/-ai-software-engineering-os/-ai-software-engineering-os/node_modules/.bin/aseos-worker. ENOENT: no such file or directory, open '/home/runner/work/-ai-software-engineering-os/-ai-software-engineering-os/apps/worker/dist/main.js'
2026-09-08T07:55:09.8095964Z 
2026-09-08T07:55:09.8096504Z dependencies:
2026-09-08T07:55:09.8097002Z + @aseos/contracts 0.1.0 <- packages/contracts
2026-09-08T07:55:09.8097559Z + @aseos/persistence 0.1.0 <- packages/persistence
2026-09-08T07:55:09.8098197Z + @aseos/platform 0.1.0 <- packages/platform
2026-09-08T07:55:09.8098612Z + @aseos/policy 0.1.0 <- packages/policy
2026-09-08T07:55:09.8099341Z + @aseos/windows-process-restricted 0.1.0 <- packages/adapters/tool/windows-process-restricted
2026-09-08T07:55:09.8099994Z + @aseos/worker 0.1.0 <- apps/worker
2026-09-08T07:55:09.8100210Z 
2026-09-08T07:55:09.8100329Z devDependencies:
2026-09-08T07:55:09.8100598Z + @eslint/js 10.0.1
2026-09-08T07:55:09.8100926Z + @opentelemetry/sdk-node 0.221.0
2026-09-08T07:55:09.8101294Z + @stryker-mutator/core 10.0.0
2026-09-08T07:55:09.8101703Z + @stryker-mutator/typescript-checker 10.0.0
2026-09-08T07:55:09.8102133Z + @stryker-mutator/vitest-runner 10.0.0
2026-09-08T07:55:09.8102682Z + @types/node 24.13.3
2026-09-08T07:55:09.8102902Z + ajv 8.20.0
2026-09-08T07:55:09.8103167Z + dependency-cruiser 18.2.0
2026-09-08T07:55:09.8103382Z + eslint 10.9.1
2026-09-08T07:55:09.8103642Z + fast-check 4.9.0
2026-09-08T07:55:09.8103887Z + prettier 3.9.6
2026-09-08T07:55:09.8104100Z + typescript 6.0.3
2026-09-08T07:55:09.8104324Z + typescript-eslint 8.68.0
2026-09-08T07:55:09.8104509Z + vitest 4.1.11
2026-09-08T07:55:09.8104608Z 
2026-09-08T07:55:09.8176630Z [WARN] Failed to create bin at /home/runner/work/-ai-software-engineering-os/-ai-software-engineering-os/node_modules/.bin/aseos-worker. ENOENT: no such file or directory, open '/home/runner/work/-ai-software-engineering-os/-ai-software-engineering-os/node_modules/@aseos/worker/dist/main.js'
2026-09-08T07:55:09.8500796Z Done in 3.5s using pnpm v11.24.0
2026-09-08T07:55:09.9772858Z ##[group]Run pnpm run verify:versions
2026-09-08T07:55:09.9773128Z [36;1mpnpm run verify:versions[0m
2026-09-08T07:55:09.9806374Z shell: /usr/bin/bash -e {0}
2026-09-08T07:55:09.9806586Z ##[endgroup]
2026-09-08T07:55:10.3240035Z $ node scripts/toolchain/verify-versions.mjs
2026-09-08T07:55:11.1372807Z {
2026-09-08T07:55:11.1373157Z   "schemaVersion": "1.0.0",
2026-09-08T07:55:11.1373520Z   "check": "BUILD_VERSION_CONSISTENCY",
2026-09-08T07:55:11.1373773Z   "result": "PASS",
2026-09-08T07:55:11.1373953Z   "actual": {
2026-09-08T07:55:11.1374129Z     "node": "24.19.0",
2026-09-08T07:55:11.1374307Z     "pnpm": "11.24.0",
2026-09-08T07:55:11.1374497Z     "typescript": "6.0.3"
2026-09-08T07:55:11.1374684Z   },
2026-09-08T07:55:11.1375007Z   "lockfileSha256": "29ed28951e114220bc2d7fc8c72220138ce8956639c7190fcfa0aeb6e99264d8",
2026-09-08T07:55:11.1375394Z   "packageManager": "pnpm@11.24.0"
2026-09-08T07:55:11.1375606Z }
2026-09-08T07:55:11.1529732Z ##[group]Run pnpm run verify:scope
2026-09-08T07:55:11.1530004Z [36;1mpnpm run verify:scope[0m
2026-09-08T07:55:11.1561757Z shell: /usr/bin/bash -e {0}
2026-09-08T07:55:11.1561959Z env:
2026-09-08T07:55:11.1562194Z   PHASE1_SCOPE_BASE: db310b1d33324e72ba7767eb66760e4e54c8e1bd
2026-09-08T07:55:11.1562536Z   PHASE1_SCOPE_BRANCH: phase-1/p1-o09-integrated-handoff-issue-82
2026-09-08T07:55:11.1562820Z   PHASE1_SCOPE_EVENT: pull_request
2026-09-08T07:55:11.1563064Z   PHASE1_SCOPE_HEAD: 3777bda86f090ac75a3382b8b310da17737dc257
2026-09-08T07:55:11.1563305Z ##[endgroup]
2026-09-08T07:55:11.4971932Z $ node scripts/toolchain/verify-scope.mjs
2026-09-08T07:55:11.5853565Z {
2026-09-08T07:55:11.5853904Z   "schemaVersion": "1.0.0",
2026-09-08T07:55:11.5854345Z   "check": "PHASE1_OPERATION_AWARE_WRITE_SCOPE",
2026-09-08T07:55:11.5854731Z   "result": "PASS",
2026-09-08T07:55:11.5855038Z   "mode": "OPERATION_EXECUTION",
2026-09-08T07:55:11.5855364Z   "operationId": "P1-O09",
2026-09-08T07:55:11.5856051Z   "executionRecord": "operations/phase-1/executions/p1-o09-integrated-handoff-issue-82.json",
2026-09-08T07:55:11.5856641Z   "baseCommit": "db310b1d33324e72ba7767eb66760e4e54c8e1bd",
2026-09-08T07:55:11.5856994Z   "headCommit": "3777bda86f090ac75a3382b8b310da17737dc257",
2026-09-08T07:55:11.5857342Z   "branch": "phase-1/p1-o09-integrated-handoff-issue-82",
2026-09-08T07:55:11.5857635Z   "enforcementMode": "DENY_BY_DEFAULT",
2026-09-08T07:55:11.5857885Z   "operationStartGate": {
2026-09-08T07:55:11.5858590Z     "required": false
2026-09-08T07:55:11.5858794Z   },
2026-09-08T07:55:11.5858959Z   "authorityLockRefresh": {
2026-09-08T07:55:11.5859186Z     "lockChanged": false,
2026-09-08T07:55:11.5859411Z     "changedLockedPaths": []
2026-09-08T07:55:11.5859604Z   },
2026-09-08T07:55:11.5859832Z   "immutableAuthorityFilesVerified": 25,
2026-09-08T07:55:11.5860063Z   "changedPaths": [
2026-09-08T07:55:11.5860265Z     "README.md",
2026-09-08T07:55:11.5860452Z     "docs/README.md",
2026-09-08T07:55:11.5860786Z     "docs/implementation/phase-1/o09/integrated-handoff-issue-82.md",
2026-09-08T07:55:11.5861203Z     "docs/reviews/phase-1-integrated-verification-issue-82.md",
2026-09-08T07:55:11.5861553Z     "docs/roadmap/progress-status.md",
2026-09-08T07:55:11.5862264Z     "operations/phase-1/evidence/o09/issue-82/integrated/455ae22-failed-job-101969108127.log",
2026-09-08T07:55:11.5862819Z     "operations/phase-1/evidence/o09/issue-82/integrated/455ae22-failed-job-101969108356.log",
2026-09-08T07:55:11.5863375Z     "operations/phase-1/evidence/o09/issue-82/integrated/455ae22-required-gate-failure.json",
2026-09-08T07:55:11.5863940Z     "operations/phase-1/evidence/o09/issue-82/integrated/8d24246-architecture.jsonlog",
2026-09-08T07:55:11.5864428Z     "operations/phase-1/evidence/o09/issue-82/integrated/8d24246-build.log",
2026-09-08T07:55:11.5864898Z     "operations/phase-1/evidence/o09/issue-82/integrated/8d24246-contracts.jsonlog",
2026-09-08T07:55:11.5865396Z     "operations/phase-1/evidence/o09/issue-82/integrated/8d24246-control-api.jsonlog",
2026-09-08T07:55:11.5865870Z     "operations/phase-1/evidence/o09/issue-82/integrated/8d24246-focused.log",
2026-09-08T07:55:11.5866335Z     "operations/phase-1/evidence/o09/issue-82/integrated/8d24246-install.log",
2026-09-08T07:55:11.5866825Z     "operations/phase-1/evidence/o09/issue-82/integrated/8d24246-local-verification.json",
2026-09-08T07:55:11.5867323Z     "operations/phase-1/evidence/o09/issue-82/integrated/8d24246-m0.json",
2026-09-08T07:55:11.5867802Z     "operations/phase-1/evidence/o09/issue-82/integrated/8d24246-mutation.json",
2026-09-08T07:55:11.5868473Z     "operations/phase-1/evidence/o09/issue-82/integrated/8d24246-persistence.jsonlog",
2026-09-08T07:55:11.5868958Z     "operations/phase-1/evidence/o09/issue-82/integrated/8d24246-scope.json",
2026-09-08T07:55:11.5869383Z     "operations/phase-1/evidence/o09/issue-82/integrated/a3a56bb-focused.log",
2026-09-08T07:55:11.5870033Z     "operations/phase-1/evidence/o09/issue-82/integrated/a3a56bb-local-verification.json",
2026-09-08T07:55:11.5870585Z     "operations/phase-1/evidence/o09/issue-82/integrated/a3a56bb-m0.json",
2026-09-08T07:55:11.5871321Z     "operations/phase-1/evidence/o09/issue-82/integrated/a3a56bb-policy-mutation.json",
2026-09-08T07:55:11.5871982Z     "operations/phase-1/evidence/o09/issue-82/integrated/a3a56bb-scope.json",
2026-09-08T07:55:11.5872581Z     "operations/phase-1/evidence/o09/issue-82/integrated/db310b1-downloaded-artifact-verification.json",
2026-09-08T07:55:11.5873194Z     "operations/phase-1/evidence/o09/issue-82/integrated/db310b1-job-101965794997.log",
2026-09-08T07:55:11.5873642Z     "operations/phase-1/evidence/o09/issue-82/integrated/db310b1-job-101965795416.log",
2026-09-08T07:55:11.5874079Z     "operations/phase-1/evidence/o09/issue-82/integrated/db310b1-job-101965795461.log",
2026-09-08T07:55:11.5874518Z     "operations/phase-1/evidence/o09/issue-82/integrated/db310b1-job-101965934689.log",
2026-09-08T07:55:11.5874969Z     "operations/phase-1/evidence/o09/issue-82/integrated/db310b1-job-101970502483.log",
2026-09-08T07:55:11.5875498Z     "operations/phase-1/evidence/o09/issue-82/integrated/db310b1-local-quality-environment-failure.log",
2026-09-08T07:55:11.5876015Z     "operations/phase-1/evidence/o09/issue-82/integrated/db310b1-packaging.json",
2026-09-08T07:55:11.5876499Z     "operations/phase-1/evidence/o09/issue-82/integrated/db310b1-release-and-protection.json",
2026-09-08T07:55:11.5876993Z     "operations/phase-1/evidence/o09/issue-82/integrated/db310b1-required-jobs.json",
2026-09-08T07:55:11.5877436Z     "operations/phase-1/evidence/o09/issue-82/integrated/f34dc15-focused.log",
2026-09-08T07:55:11.5877842Z     "operations/phase-1/evidence/o09/issue-82/integrated/f34dc15-m0.json",
2026-09-08T07:55:11.5878470Z     "operations/phase-1/evidence/o09/issue-82/integrated/f34dc15-policy-mutation.json",
2026-09-08T07:55:11.5878912Z     "operations/phase-1/evidence/o09/issue-82/integrated/f34dc15-scope.json",
2026-09-08T07:55:11.5879374Z     "operations/phase-1/evidence/o09/issue-82/integrated/independent-review-history.json",
2026-09-08T07:55:11.5880009Z     "operations/phase-1/evidence/o09/p1-v10-integrated-evidence-index-issue-82.json",
2026-09-08T07:55:11.5880506Z     "operations/phase-1/executions/p1-o09-integrated-handoff-issue-82.json",
2026-09-08T07:55:11.5881023Z     "operations/phase-1/implementation-receipt.json",
2026-09-08T07:55:11.5881340Z     "scripts/verify-phase-1/qualify-policy-mutations.mjs",
2026-09-08T07:55:11.5881686Z     "tests/qualification/policy/integrated-mutation.test.mjs",
2026-09-08T07:55:11.5882036Z     "tests/qualification/toolchain/review-remediation.test.mjs"
2026-09-08T07:55:11.5882296Z   ],
2026-09-08T07:55:11.5882453Z   "violations": []
2026-09-08T07:55:11.5882619Z }
2026-09-08T07:55:11.6018650Z ##[group]Run pnpm run quality
2026-09-08T07:55:11.6018939Z [36;1mpnpm run quality[0m
2026-09-08T07:55:11.6050275Z shell: /usr/bin/bash -e {0}
2026-09-08T07:55:11.6050482Z ##[endgroup]
2026-09-08T07:55:11.9565003Z $ pnpm run format && pnpm run lint && pnpm run contracts:generate-types && pnpm run typecheck && pnpm run isolation:build && pnpm run test && pnpm --filter @aseos/platform test && pnpm --filter @aseos/windows-process-restricted test && pnpm --filter @aseos/worker test && pnpm run contracts:qualify && pnpm run architecture:qualify && pnpm run persistence:qualify && pnpm run control-api:qualify && pnpm run isolation:qualify && pnpm run build && pnpm run verify:config && pnpm run verify:versions && pnpm run verify:frozen-install
2026-09-08T07:55:12.2874885Z $ prettier --check --no-error-on-unmatched-pattern package.json pnpm-workspace.yaml "tsconfig*.json" "*.config.mjs" .github/workflows/quality.yml "toolchain/**/*.json" "scripts/toolchain/**/*.mjs" "scripts/contracts/**/*.mjs" "scripts/architecture/**/*.mjs" "tests/qualification/toolchain/**/*.{json,mjs,ts}" "tests/contract/**/*.mjs" "tests/architecture/**/*.{json,mjs}" packages/contracts/package.json packages/contracts/tsconfig.json packages/contracts/type-bindings.json packages/contracts/README.md "packages/contracts/src/**/*.ts" "docs/implementation/phase-1/o01/**/*.md" "docs/implementation/phase-1/o02/**/*.md" "docs/implementation/phase-1/o03/**/*.md" "operations/phase-1/evidence/o01/**/*.json" "operations/phase-1/evidence/o02/**/*.json" "operations/phase-1/evidence/o03/**/*.json" "operations/phase-1/executions/p1-o01-*.json" "operations/phase-1/executions/p1-o02-*.json" "operations/phase-1/executions/p1-o03-*.json" "packages/policy/**/*.{json,ts}" "tests/qualification/policy/**/*.mjs" "docs/implementation/phase-1/o04/**/*.md" "operations/phase-1/evidence/o04/**/*.json" "operations/phase-1/executions/p1-o04-*.json" "packages/persistence/**/*.{json,ts}" "scripts/qualification/persistence/**/*.mjs" "tests/qualification/persistence/**/*.mjs" "tests/fault-injection/persistence/**/*.mjs" "docs/implementation/phase-1/o05/**/*.md" "operations/phase-1/evidence/o05/**/*.json" "operations/phase-1/executions/p1-o05-*.json" "packages/platform/**/*.{json,ts}" "apps/{runtime,cli}/**/*.{json,ts}" "scripts/qualification/control-api/**/*.mjs" "tests/qualification/control-api/**/*.mjs" "tests/acceptance/control-api/**/*.mjs" "tests/contract/control-api/**/*.mjs" "docs/implementation/phase-1/o06/**/*.md" "operations/phase-1/evidence/o06/**/*.json" "operations/phase-1/executions/p1-o06-*.json" "packages/adapters/tool/windows-process-restricted/**/*.{json,mjs,ts}" "apps/worker/**/*.{json,ts}" "scripts/qualification/isolation/**/*.mjs" "tests/qualification/isolation/**/*.mjs" "tests/security/isolation/**/*.mjs" "docs/implementation/phase-1/o07/**/*.md" "operations/phase-1/evidence/o07/**/*.json" "operations/phase-1/executions/p1-o07-*.json"
2026-09-08T07:55:12.3553758Z Checking formatting...
2026-09-08T07:55:14.4004896Z All matched files use Prettier code style!
2026-09-08T07:55:14.7853461Z $ eslint . --ignore-pattern "**/dist/**"
2026-09-08T07:55:20.0668805Z $ node scripts/contracts/generate-contract-types.mjs --check
2026-09-08T07:55:20.2594595Z Schema-generated TypeScript declarations are current.
2026-09-08T07:55:20.6034787Z $ tsc -b tsconfig.build.json --pretty false
2026-09-08T07:55:26.4161883Z $ pnpm --filter @aseos/windows-process-restricted build && pnpm --filter @aseos/worker build
2026-09-08T07:55:26.7678543Z $ tsc -b tsconfig.json --pretty false && node scripts/copy-assets.mjs
2026-09-08T07:55:27.2130227Z $ tsc -b tsconfig.json --pretty false
2026-09-08T07:55:27.6359364Z $ vitest run --maxWorkers=1 && vitest run --config tests/architecture/vitest.config.mjs
2026-09-08T07:55:27.8668892Z 
2026-09-08T07:55:27.8670521Z [1m[30m[46m RUN [49m[39m[22m [36mv4.1.11 [39m[90m/home/runner/work/-ai-software-engineering-os/-ai-software-engineering-os[39m
2026-09-08T07:55:27.8671281Z 
2026-09-08T07:55:33.1348923Z  [32m✓[39m tests/qualification/toolchain/transition-enforcement-integration.test.mjs [2m([22m[2m6 tests[22m[2m)[22m[33m 5062[2mms[22m[39m
2026-09-08T07:55:33.1351176Z      [33m[2m✓[22m[39m fails P1-O04 closed without or with an invalid Gate, then passes exact Gate ancestry [33m 3348[2mms[22m[39m
2026-09-08T07:55:33.1352264Z      [33m[2m✓[22m[39m rejects raw adversarial Git paths before scope classification [33m 743[2mms[22m[39m
2026-09-08T07:55:33.1353238Z      [33m[2m✓[22m[39m keeps governed source paths visible for a real Git delete [33m 432[2mms[22m[39m
2026-09-08T07:55:34.6693906Z  [32m✓[39m tests/qualification/control-api/p1-v07-control-api.test.mjs [2m([22m[2m17 tests[22m[2m | [22m[33m2 skipped[39m[2m)[22m[33m 1276[2mms[22m[39m
2026-09-08T07:55:34.6694941Z      [33m[2m✓[22m[39m binds only to the IPv4 loopback endpoint and rejects Host, Origin and unauthenticated access [33m 878[2mms[22m[39m
2026-09-08T07:55:34.8025734Z  [32m✓[39m tests/qualification/toolchain/scope-policy.test.mjs [2m([22m[2m28 tests[22m[2m)[22m[32m 14[2mms[22m[39m
2026-09-08T07:55:35.0163123Z  [32m✓[39m tests/qualification/policy/p1-v05-policy.test.mjs [2m([22m[2m16 tests[22m[2m)[22m[32m 45[2mms[22m[39m
2026-09-08T07:55:35.1363870Z  [32m✓[39m tests/qualification/toolchain/transition-enforcement-policy.test.mjs [2m([22m[2m17 tests[22m[2m)[22m[32m 11[2mms[22m[39m
2026-09-08T07:55:35.2582614Z  [32m✓[39m tests/qualification/toolchain/p1-o07-start-gate.test.mjs [2m([22m[2m31 tests[22m[2m)[22m[32m 11[2mms[22m[39m
2026-09-08T07:55:38.0434478Z  [32m✓[39m tests/qualification/control-api/review-remediation.test.mjs [2m([22m[2m8 tests[22m[2m)[22m[33m 2621[2mms[22m[39m
2026-09-08T07:55:38.0435342Z    [33m[2m✓[22m[39m concurrent lock losers cannot remove a live owner's claim or metadata [33m 1646[2mms[22m[39m
2026-09-08T07:55:38.0436108Z    [33m[2m✓[22m[39m timed-out unfinished bodies close their socket and release capacity exactly once [33m 554[2mms[22m[39m
2026-09-08T07:55:39.9727320Z  [32m✓[39m tests/qualification/persistence/p1-v06-persistence.test.mjs [2m([22m[2m6 tests[22m[2m)[22m[33m 1779[2mms[22m[39m
2026-09-08T07:55:39.9744429Z      [33m[2m✓[22m[39m creates an integrity-checked online backup that restores independently [33m 399[2mms[22m[39m
2026-09-08T07:55:39.9747022Z      [33m[2m✓[22m[39m keeps the Runtime event loop responsive while the dedicated worker writes [33m 372[2mms[22m[39m
2026-09-08T07:55:42.1675640Z  [32m✓[39m tests/qualification/toolchain/review-remediation.test.mjs [2m([22m[2m6 tests[22m[2m)[22m[33m 2085[2mms[22m[39m
2026-09-08T07:55:42.1676539Z    [33m[2m✓[22m[39m CI evidence binds the checked-out subject and rejects a mismatching requested target [33m 795[2mms[22m[39m
2026-09-08T07:55:42.1677547Z    [33m[2m✓[22m[39m M0 rejects an actual invalid implementation receipt instead of checking only its schema [33m 533[2mms[22m[39m
2026-09-08T07:55:42.1678821Z    [33m[2m✓[22m[39m M0 rejects a schema-valid self-declared integrated PASS without independent evidence [33m 502[2mms[22m[39m
2026-09-08T07:55:42.2826513Z  [2m[90m↓[39m[22m tests/security/isolation/process-restricted.security.test.mjs [2m([22m[2m6 tests[22m[2m | [22m[33m6 skipped[39m[2m)[22m
2026-09-08T07:55:42.6694869Z  [32m✓[39m tests/contract/isolation/isolation-contracts.test.mjs [2m([22m[2m11 tests[22m[2m)[22m[32m 238[2mms[22m[39m
2026-09-08T07:55:42.7913574Z  [32m✓[39m tests/qualification/toolchain/p1-o06-start-gate.test.mjs [2m([22m[2m19 tests[22m[2m)[22m[32m 7[2mms[22m[39m
2026-09-08T07:55:43.7002465Z  [32m✓[39m tests/qualification/toolchain/configuration-consistency.test.mjs [2m([22m[2m17 tests[22m[2m)[22m[33m 796[2mms[22m[39m
2026-09-08T07:55:43.7003797Z      [33m[2m✓[22m[39m scripts/toolchain/verify-versions.mjs [33m 740[2mms[22m[39m
2026-09-08T07:55:46.1004761Z  [32m✓[39m tests/fault-injection/persistence/p1-o05-faults.test.mjs [2m([22m[2m6 tests[22m[2m)[22m[33m 2249[2mms[22m[39m
2026-09-08T07:55:46.1006030Z      [33m[2m✓[22m[39m rejects future migration history before declaring schema compatibility [33m 510[2mms[22m[39m
2026-09-08T07:55:46.1007096Z      [33m[2m✓[22m[39m rolls back a worker-terminated pre-commit transaction [33m 402[2mms[22m[39m
2026-09-08T07:55:46.1008442Z      [33m[2m✓[22m[39m recovers committed authority after worker termination without graceful drain [33m 349[2mms[22m[39m
2026-09-08T07:55:46.1009649Z      [33m[2m✓[22m[39m fails with a typed busy result and succeeds after the authority lock is released [33m 460[2mms[22m[39m
2026-09-08T07:55:46.1010618Z      [33m[2m✓[22m[39m quarantines corruption and never replaces it with an empty authority database [33m 338[2mms[22m[39m
2026-09-08T07:55:46.4840078Z  [32m✓[39m tests/qualification/isolation/p1-v08-isolation.test.mjs [2m([22m[2m4 tests[22m[2m)[22m[32m 242[2mms[22m[39m
2026-09-08T07:55:47.3806964Z  [32m✓[39m tests/qualification/toolchain/post-merge-target.test.mjs [2m([22m[2m10 tests[22m[2m)[22m[33m 785[2mms[22m[39m
2026-09-08T07:55:48.4895692Z  [32m✓[39m tests/contract/registry-integrity.test.mjs [2m([22m[2m8 tests[22m[2m)[22m[33m 967[2mms[22m[39m
2026-09-08T07:55:48.8684025Z  [32m✓[39m tests/contract/control-api/control-api-contracts.test.mjs [2m([22m[2m12 tests[22m[2m)[22m[32m 239[2mms[22m[39m
2026-09-08T07:55:49.4913908Z  [32m✓[39m tests/qualification/toolchain/p1-o07-start-gate-integration.test.mjs [2m([22m[2m2 tests[22m[2m)[22m[33m 517[2mms[22m[39m
2026-09-08T07:55:49.4914855Z      [33m[2m✓[22m[39m fails the real operation-aware preflight closed for an absent or malformed Gate [33m 338[2mms[22m[39m
2026-09-08T07:55:50.4725593Z  [32m✓[39m tests/qualification/toolchain/p1-o06-start-gate-integration.test.mjs [2m([22m[2m2 tests[22m[2m)[22m[33m 871[2mms[22m[39m
2026-09-08T07:55:50.4727071Z      [33m[2m✓[22m[39m fails the real operation-aware preflight closed for an absent or malformed Gate [33m 706[2mms[22m[39m
2026-09-08T07:55:50.9109472Z  [32m✓[39m tests/qualification/toolchain/p1-o05-start-gate-integration.test.mjs [2m([22m[2m1 test[22m[2m)[22m[33m 330[2mms[22m[39m
2026-09-08T07:55:50.9110820Z      [33m[2m✓[22m[39m fails the real operation-aware preflight closed for an absent or malformed Gate [33m 329[2mms[22m[39m
2026-09-08T07:55:53.0162075Z  [32m✓[39m tests/qualification/persistence/review-remediation.test.mjs [2m([22m[2m6 tests[22m[2m)[22m[33m 1964[2mms[22m[39m
2026-09-08T07:55:53.0164153Z    [33m[2m✓[22m[39m rejects events payload schema identity, hash and content before any durable write [33m 302[2mms[22m[39m
2026-09-08T07:55:53.0165447Z    [33m[2m✓[22m[39m invalid busy timeout leaves a healthy database byte-identical and immediately reopenable [33m 542[2mms[22m[39m
2026-09-08T07:55:53.0166757Z    [33m[2m✓[22m[39m an existing truncated database is quarantined instead of initialized as an empty authority [33m 546[2mms[22m[39m
2026-09-08T07:55:53.1343706Z  [32m✓[39m tests/qualification/toolchain/p1-o05-start-gate.test.mjs [2m([22m[2m13 tests[22m[2m)[22m[32m 8[2mms[22m[39m
2026-09-08T07:55:54.0201427Z  [32m✓[39m tests/acceptance/control-api/cli-public-api.acceptance.test.mjs [2m([22m[2m3 tests[22m[2m)[22m[33m 718[2mms[22m[39m
2026-09-08T07:55:54.0202780Z      [33m[2m✓[22m[39m runs start, version, doctor, status and stop through the built entrypoints [33m 639[2mms[22m[39m
2026-09-08T07:55:55.1439739Z  [32m✓[39m tests/contract/inventory-integrity.test.mjs [2m([22m[2m5 tests[22m[2m)[22m[33m 987[2mms[22m[39m
2026-09-08T07:55:55.2849064Z  [32m✓[39m tests/qualification/persistence/migration-git-attributes.test.mjs [2m([22m[2m4 tests[22m[2m)[22m[32m 28[2mms[22m[39m
2026-09-08T07:55:55.3979044Z  [32m✓[39m tests/qualification/control-api/openapi-structure.test.mjs [2m([22m[2m1 test[22m[2m)[22m[32m 5[2mms[22m[39m
2026-09-08T07:55:57.2248827Z  [32m✓[39m tests/contract/review-remediation.test.mjs [2m([22m[2m29 tests[22m[2m)[22m[33m 1425[2mms[22m[39m
2026-09-08T07:55:57.2267097Z    [33m[2m✓[22m[39m type consistency detects operator drift below allOf and multiple local references [33m 1151[2mms[22m[39m
2026-09-08T07:55:57.3350379Z  [2m[90m↓[39m[22m tests/security/isolation/host-death.security.test.mjs [2m([22m[2m1 test[22m[2m | [22m[33m1 skipped[39m[2m)[22m
2026-09-08T07:55:58.6442457Z  [32m✓[39m tests/contract/example-suite.test.mjs [2m([22m[2m4 tests[22m[2m)[22m[33m 1165[2mms[22m[39m
2026-09-08T07:55:58.6443292Z      [33m[2m✓[22m[39m fails closed for missing, duplicate and unknown-schema fixture bindings [33m 539[2mms[22m[39m
2026-09-08T07:55:59.1172396Z  [32m✓[39m tests/qualification/policy/integrated-mutation.test.mjs [2m([22m[2m2 tests[22m[2m)[22m[33m 357[2mms[22m[39m
2026-09-08T07:55:59.2724774Z  [32m✓[39m tests/contract/artifact-git-attributes.test.mjs [2m([22m[2m2 tests[22m[2m)[22m[32m 49[2mms[22m[39m
2026-09-08T07:56:03.7205554Z  [32m✓[39m tests/contract/schema-type-consistency.test.mjs [2m([22m[2m4 tests[22m[2m)[22m[33m 4155[2mms[22m[39m
2026-09-08T07:56:03.7206334Z      [33m[2m✓[22m[39m checks semantic shape, enums, optionality and readonly exports [33m 1190[2mms[22m[39m
2026-09-08T07:56:03.7206924Z      [33m[2m✓[22m[39m detects a required schema field deletion [33m 879[2mms[22m[39m
2026-09-08T07:56:03.7207472Z      [33m[2m✓[22m[39m detects primitive and enum drift in TypeScript [33m 1438[2mms[22m[39m
2026-09-08T07:56:03.7208002Z      [33m[2m✓[22m[39m detects a mutable public field [33m 646[2mms[22m[39m
2026-09-08T07:56:04.7650860Z  [32m✓[39m tests/contract/policy/policy-contracts.test.mjs [2m([22m[2m6 tests[22m[2m)[22m[33m 896[2mms[22m[39m
2026-09-08T07:56:05.1309380Z  [32m✓[39m tests/contract/runtime-validator.test.mjs [2m([22m[2m4 tests[22m[2m)[22m[32m 229[2mms[22m[39m
2026-09-08T07:56:05.2443923Z  [32m✓[39m tests/qualification/toolchain/scope-event-policy.test.mjs [2m([22m[2m7 tests[22m[2m)[22m[32m 4[2mms[22m[39m
2026-09-08T07:56:05.4260051Z  [32m✓[39m tests/qualification/toolchain/toolchain-manifest.test.mjs [2m([22m[2m2 tests[22m[2m)[22m[32m 49[2mms[22m[39m
2026-09-08T07:56:06.0441973Z  [32m✓[39m tests/qualification/toolchain/dependency-build-policy.test.mjs [2m([22m[2m1 test[22m[2m)[22m[33m 512[2mms[22m[39m
2026-09-08T07:56:06.0443029Z      [33m[2m✓[22m[39m does not execute an unallowlisted dependency install script [33m 511[2mms[22m[39m
2026-09-08T07:56:06.4049500Z  [32m✓[39m tests/contract/compatibility.test.mjs [2m([22m[2m3 tests[22m[2m)[22m[32m 227[2mms[22m[39m
2026-09-08T07:56:06.8689111Z  [32m✓[39m tests/contract/phase-1-integration.test.mjs [2m([22m[2m1 test[22m[2m)[22m[33m 320[2mms[22m[39m
2026-09-08T07:56:06.8689996Z    [33m[2m✓[22m[39m canonical JSON rejection reaches the durable journal boundary without partial writes [33m 319[2mms[22m[39m
2026-09-08T07:56:07.0384451Z  [32m✓[39m tests/contract/package-integration.test.mjs [2m([22m[2m1 test[22m[2m)[22m[32m 61[2mms[22m[39m
2026-09-08T07:56:07.1677493Z  [32m✓[39m tests/contract/generated-types.test.mjs [2m([22m[2m4 tests[22m[2m)[22m[32m 3[2mms[22m[39m
2026-09-08T07:56:08.4784785Z  [32m✓[39m tests/qualification/control-api/windows-claim-race.test.mjs [2m([22m[2m4 tests[22m[2m)[22m[33m 1208[2mms[22m[39m
2026-09-08T07:56:08.4786379Z    [33m[2m✓[22m[39m a persistently unreadable live claim remains fail closed and is never removed [33m 1044[2mms[22m[39m
2026-09-08T07:56:10.2208630Z  [32m✓[39m tests/contract/p1-v03-contracts.test.mjs [2m([22m[2m1 test[22m[2m)[22m[33m 1410[2mms[22m[39m
2026-09-08T07:56:10.2209595Z      [33m[2m✓[22m[39m produces all four required Evidence result types [33m 1409[2mms[22m[39m
2026-09-08T07:56:10.3539658Z  [32m✓[39m tests/qualification/toolchain/esm-project-reference.test.mjs [2m([22m[2m1 test[22m[2m)[22m[32m 17[2mms[22m[39m
2026-09-08T07:56:10.3585701Z 
2026-09-08T07:56:10.3590024Z [2m Test Files [22m [1m[32m43 passed[39m[22m[2m | [22m[33m2 skipped[39m[90m (45)[39m
2026-09-08T07:56:10.3590820Z [2m      Tests [22m [1m[32m333 passed[39m[22m[2m | [22m[33m9 skipped[39m[90m (342)[39m
2026-09-08T07:56:10.3591459Z [2m   Start at [22m 07:55:27
2026-09-08T07:56:10.3592671Z [2m   Duration [22m 42.48s[2m (transform 573ms, setup 0ms, import 2.26s, tests 35.94s, environment 3ms)[22m
2026-09-08T07:56:10.3594052Z 
2026-09-08T07:56:10.6436159Z 
2026-09-08T07:56:10.6439418Z [1m[30m[46m RUN [49m[39m[22m [36mv4.1.11 [39m[90m/home/runner/work/-ai-software-engineering-os/-ai-software-engineering-os[39m
2026-09-08T07:56:10.6440216Z 
2026-09-08T07:56:11.7101582Z  [32m✓[39m tests/architecture/p1-v04-architecture.test.mjs [2m([22m[2m9 tests[22m[2m)[22m[33m 626[2mms[22m[39m
2026-09-08T07:56:11.7102753Z      [33m[2m✓[22m[39m qualifies the live package/import graph and canonical owner authorities [33m 585[2mms[22m[39m
2026-09-08T07:56:12.2166190Z  [32m✓[39m tests/architecture/review-remediation.test.mjs [2m([22m[2m5 tests[22m[2m)[22m[33m 1087[2mms[22m[39m
2026-09-08T07:56:12.2167629Z    [33m[2m✓[22m[39m normal live qualification rejects an application deep import [33m 500[2mms[22m[39m
2026-09-08T07:56:12.2182287Z 
2026-09-08T07:56:12.2186032Z [2m Test Files [22m [1m[32m2 passed[39m[22m[90m (2)[39m
2026-09-08T07:56:12.2187118Z [2m      Tests [22m [1m[32m14 passed[39m[22m[90m (14)[39m
2026-09-08T07:56:12.2187933Z [2m   Start at [22m 07:56:10
2026-09-08T07:56:12.2189055Z [2m   Duration [22m 1.57s[2m (transform 123ms, setup 0ms, import 698ms, tests 1.71s, environment 0ms)[22m
2026-09-08T07:56:12.2190223Z 
2026-09-08T07:56:12.5993389Z $ pnpm run build && node --test test/*.test.mjs
2026-09-08T07:56:12.9329425Z $ tsc -b tsconfig.json --pretty false
2026-09-08T07:56:13.1267375Z ✔ Windows identity parsing binds one exact CSV record to a bounded numeric SID (0.876522ms)
2026-09-08T07:56:13.1287442Z ✔ precompiled Windows token helper is bound to its auditable source and embedded bytes (3.788822ms)
2026-09-08T07:56:13.4278368Z ✔ loopback runtime rotates credentials, authenticates public client and stops idempotently (298.878098ms)
2026-09-08T07:56:13.4279373Z ✔ bounded idempotency detects payload conflicts and evicts oldest metadata (0.414715ms)
2026-09-08T07:56:13.4281300Z ✔ public redaction removes bearer values and sensitive paths (0.158148ms)
2026-09-08T07:56:13.4392747Z ℹ tests 5
2026-09-08T07:56:13.4393073Z ℹ suites 0
2026-09-08T07:56:13.4393344Z ℹ pass 5
2026-09-08T07:56:13.4393936Z ℹ fail 0
2026-09-08T07:56:13.4394124Z ℹ cancelled 0
2026-09-08T07:56:13.4394322Z ℹ skipped 0
2026-09-08T07:56:13.4394499Z ℹ todo 0
2026-09-08T07:56:13.4394715Z ℹ duration_ms 399.997476
2026-09-08T07:56:13.8003167Z $ pnpm run build && node --test test/*.test.mjs
2026-09-08T07:56:14.1384093Z $ tsc -b tsconfig.json --pretty false && node scripts/copy-assets.mjs
2026-09-08T07:56:14.3144653Z ✔ capability probe is fail-closed and canonical (1.961798ms)
2026-09-08T07:56:14.3148447Z ﹣ executes a digest-pinned native tool without shell fallback (0.217969ms) # Win32-only execution provider
2026-09-08T07:56:14.3149976Z ﹣ rejects a renamed shell by signed PE identity (0.161534ms) # Win32-only execution provider
2026-09-08T07:56:14.3151289Z ﹣ rejects non-canonical evidence and authority injection before staging (0.154644ms) # Win32-only execution provider
2026-09-08T07:56:14.3152989Z ✔ pre-cancelled requests never resolve a catalog or start (0.268354ms)
2026-09-08T07:56:14.3154396Z ﹣ cancellation before bridge listener registration creates a marker and closes the Job (0.174484ms) # Win32-only cancellation bridge behavior
2026-09-08T07:56:14.3155919Z ﹣ zero stdout budget enters execution and terminates as OUTPUT_LIMIT (0.142955ms) # Win32-only execution provider
2026-09-08T07:56:14.3157703Z ﹣ accepts a non-reparse Windows 8.3 alias and launches only its long canonical identity (0.162815ms) # Win32-only path alias behavior
2026-09-08T07:56:14.3241318Z ℹ tests 8
2026-09-08T07:56:14.3241642Z ℹ suites 0
2026-09-08T07:56:14.3241925Z ℹ pass 2
2026-09-08T07:56:14.3242193Z ℹ fail 0
2026-09-08T07:56:14.3242465Z ℹ cancelled 0
2026-09-08T07:56:14.3242786Z ℹ skipped 6
2026-09-08T07:56:14.3243057Z ℹ todo 0
2026-09-08T07:56:14.3243371Z ℹ duration_ms 57.421072
2026-09-08T07:56:14.6869638Z $ pnpm --filter @aseos/windows-process-restricted build && pnpm run build && node --test test/*.test.mjs
2026-09-08T07:56:15.0383760Z $ tsc -b tsconfig.json --pretty false && node scripts/copy-assets.mjs
2026-09-08T07:56:15.4694304Z $ tsc -b tsconfig.json --pretty false
2026-09-08T07:56:15.6298835Z ✔ missing and unknown requirements block without consulting the catalog (1.189733ms)
2026-09-08T07:56:15.6300366Z ✔ unavailable provider takes precedence without executing (1.039297ms)
2026-09-08T07:56:15.6302206Z ﹣ selected Worker request executes through the exact adapter boundary (0.222826ms) # Win32-only execution provider
2026-09-08T07:56:15.6360099Z ℹ tests 3
2026-09-08T07:56:15.6360434Z ℹ suites 0
2026-09-08T07:56:15.6360719Z ℹ pass 2
2026-09-08T07:56:15.6360993Z ℹ fail 0
2026-09-08T07:56:15.6361267Z ℹ cancelled 0
2026-09-08T07:56:15.6361557Z ℹ skipped 1
2026-09-08T07:56:15.6361817Z ℹ todo 0
2026-09-08T07:56:15.6362138Z ℹ duration_ms 55.144564
2026-09-08T07:56:15.9998902Z $ pnpm exec tsc -b packages/contracts/tsconfig.json --pretty false && node scripts/contracts/qualify-contracts.mjs
2026-09-08T07:56:18.0654846Z {
2026-09-08T07:56:18.0655232Z   "schemaVersion": "1.0.0",
2026-09-08T07:56:18.0655648Z   "gateStepId": "P1-V03-CONTRACTS",
2026-09-08T07:56:18.0656000Z   "result": "PASS",
2026-09-08T07:56:18.0656290Z   "schemaMetaValidation": {
2026-09-08T07:56:18.0656701Z     "evidenceType": "SchemaMetaValidationResult",
2026-09-08T07:56:18.0657096Z     "result": "PASS",
2026-09-08T07:56:18.0657524Z     "dialect": "https://json-schema.org/draft/2020-12/schema",
2026-09-08T07:56:18.0658016Z     "registeredSchemas": 52,
2026-09-08T07:56:18.0658505Z     "metaValidatedSchemas": 52,
2026-09-08T07:56:18.0658838Z     "compiledSchemas": 52,
2026-09-08T07:56:18.0659154Z     "unresolvedReferences": 0
2026-09-08T07:56:18.0659455Z   },
2026-09-08T07:56:18.0659745Z   "schemaRegistryValidation": {
2026-09-08T07:56:18.0660177Z     "evidenceType": "SchemaRegistryValidationResult",
2026-09-08T07:56:18.0660582Z     "result": "PASS",
2026-09-08T07:56:18.0660860Z     "registryEntries": 52,
2026-09-08T07:56:18.0661218Z     "uniqueSchemaIdentities": 52,
2026-09-08T07:56:18.0661588Z     "uniqueAuthorityPaths": 52,
2026-09-08T07:56:18.0661920Z     "verifiedHashes": 88,
2026-09-08T07:56:18.0662258Z     "inventoryActiveContracts": 36,
2026-09-08T07:56:18.0662646Z     "inventoryPlannedContracts": 37,
2026-09-08T07:56:18.0663017Z     "uniqueCanonicalOwners": 73
2026-09-08T07:56:18.0663316Z   },
2026-09-08T07:56:18.0663547Z   "exampleSuite": {
2026-09-08T07:56:18.0663890Z     "evidenceType": "ExampleSuiteResult",
2026-09-08T07:56:18.0664253Z     "result": "PASS",
2026-09-08T07:56:18.0664525Z     "totalCases": 38,
2026-09-08T07:56:18.0664798Z     "validAccepted": 19,
2026-09-08T07:56:18.0665097Z     "invalidRejected": 19,
2026-09-08T07:56:18.0665413Z     "semanticAssertions": 22
2026-09-08T07:56:18.0665711Z   },
2026-09-08T07:56:18.0665961Z   "schemaTypeConsistency": {
2026-09-08T07:56:18.0666369Z     "evidenceType": "SchemaTypeConsistencyResult",
2026-09-08T07:56:18.0666759Z     "result": "PASS",
2026-09-08T07:56:18.0667491Z     "bindings": 40,
2026-09-08T07:56:18.0667799Z     "requiredOptionalChecks": 574,
2026-09-08T07:56:18.0668319Z     "primitiveContainerChecks": 497,
2026-09-08T07:56:18.0668711Z     "enumDiscriminantChecks": 122,
2026-09-08T07:56:18.0669078Z     "readonlyExportChecks": 608
2026-09-08T07:56:18.0669376Z   },
2026-09-08T07:56:18.0669599Z   "compatibility": {
2026-09-08T07:56:18.0669960Z     "evidenceType": "ContractCompatibilityResult",
2026-09-08T07:56:18.0670348Z     "result": "PASS",
2026-09-08T07:56:18.0671009Z     "probes": 4,
2026-09-08T07:56:18.0671278Z     "compatible": 1,
2026-09-08T07:56:18.0671539Z     "failClosed": 3
2026-09-08T07:56:18.0671784Z   },
2026-09-08T07:56:18.0672022Z   "runtimeValidation": {
2026-09-08T07:56:18.0672305Z     "result": "PASS",
2026-09-08T07:56:18.0672586Z     "validAccepted": true,
2026-09-08T07:56:18.0672954Z     "unknownField": "SCHEMA_VALIDATION_FAILED",
2026-09-08T07:56:18.0673371Z     "unknownSchema": "UNKNOWN_SCHEMA",
2026-09-08T07:56:18.0673792Z     "futureVersion": "UNSUPPORTED_SCHEMA_VERSION",
2026-09-08T07:56:18.0674304Z     "identityVersionMismatch": "UNSUPPORTED_SCHEMA_VERSION"
2026-09-08T07:56:18.0674687Z   },
2026-09-08T07:56:18.0674915Z   "inventory": {
2026-09-08T07:56:18.0675182Z     "activeContracts": 36,
2026-09-08T07:56:18.0675487Z     "plannedContracts": 37,
2026-09-08T07:56:18.0675837Z     "publicOrPersistedBoundaries": 36
2026-09-08T07:56:18.0676167Z   }
2026-09-08T07:56:18.0676378Z }
2026-09-08T07:56:18.4417677Z $ pnpm exec tsc -b packages/contracts/tsconfig.json --pretty false && node scripts/architecture/qualify-architecture.mjs
2026-09-08T07:56:19.5769636Z {
2026-09-08T07:56:19.5769954Z   "schemaVersion": "1.0.0",
2026-09-08T07:56:19.5770345Z   "gateStepId": "P1-V04-ARCHITECTURE",
2026-09-08T07:56:19.5770586Z   "result": "PASS",
2026-09-08T07:56:19.5770868Z   "dependencyGraph": {
2026-09-08T07:56:19.5771204Z     "evidenceType": "DependencyGraphResult",
2026-09-08T07:56:19.5771538Z     "result": "PASS",
2026-09-08T07:56:19.5771849Z     "engine": "dependency-cruiser 18.2.0",
2026-09-08T07:56:19.5772233Z     "governedPackages": 9,
2026-09-08T07:56:19.5772518Z     "packageEdges": 13,
2026-09-08T07:56:19.5772787Z     "modules": 60,
2026-09-08T07:56:19.5773069Z     "moduleDependencies": 139,
2026-09-08T07:56:19.5773400Z     "workspaceImportEdges": 14,
2026-09-08T07:56:19.5773698Z     "cycles": 0,
2026-09-08T07:56:19.5773948Z     "dependencyInversions": 0
2026-09-08T07:56:19.5774248Z   },
2026-09-08T07:56:19.5774470Z   "deepImportDenial": {
2026-09-08T07:56:19.5774829Z     "evidenceType": "DeepImportDenialResult",
2026-09-08T07:56:19.5775222Z     "result": "PASS",
2026-09-08T07:56:19.5775422Z     "publicEntriesChecked": 8,
2026-09-08T07:56:19.5775612Z     "deepImports": 0,
2026-09-08T07:56:19.5775815Z     "unknownWorkspaceImports": 0
2026-09-08T07:56:19.5776005Z   },
2026-09-08T07:56:19.5776185Z   "duplicateSemanticOwnerDenial": {
2026-09-08T07:56:19.5776490Z     "evidenceType": "DuplicateSemanticOwnerDenialResult",
2026-09-08T07:56:19.5776748Z     "result": "PASS",
2026-09-08T07:56:19.5776918Z     "semantics": 73,
2026-09-08T07:56:19.5777098Z     "activeSemantics": 36,
2026-09-08T07:56:19.5777285Z     "plannedSemantics": 37,
2026-09-08T07:56:19.5777497Z     "canonicalOwnerPackages": 12,
2026-09-08T07:56:19.5777695Z     "duplicates": 0
2026-09-08T07:56:19.5777850Z   },
2026-09-08T07:56:19.5777995Z   "cycleDenial": {
2026-09-08T07:56:19.5778383Z     "result": "PASS",
2026-09-08T07:56:19.5778562Z     "moduleCycles": 0,
2026-09-08T07:56:19.5778742Z     "packageCycles": 0
2026-09-08T07:56:19.5778924Z   },
2026-09-08T07:56:19.5779122Z   "dependencyInversionDenial": {
2026-09-08T07:56:19.5779338Z     "result": "PASS",
2026-09-08T07:56:19.5779506Z     "inversions": 0
2026-09-08T07:56:19.5779683Z   }
2026-09-08T07:56:19.5779830Z }
2026-09-08T07:56:19.9266443Z $ pnpm exec tsc -b packages/contracts/tsconfig.json packages/persistence/tsconfig.json --pretty false && node scripts/qualification/persistence/qualify-node-sqlite.mjs
2026-09-08T07:56:27.9569025Z {
2026-09-08T07:56:27.9569942Z   "evidenceType": "PersistencePerformanceQualificationResult",
2026-09-08T07:56:27.9570258Z   "result": "PASS",
2026-09-08T07:56:27.9570446Z   "totalEvents": 100000,
2026-09-08T07:56:27.9570633Z   "batchSize": 1000,
2026-09-08T07:56:27.9570811Z   "appendDurationMs": 5786,
2026-09-08T07:56:27.9571000Z   "replay": {
2026-09-08T07:56:27.9571158Z     "events": 10000,
2026-09-08T07:56:27.9571319Z     "durationMs": 56
2026-09-08T07:56:27.9571482Z   },
2026-09-08T07:56:27.9571635Z   "recovery": {
2026-09-08T07:56:27.9571955Z     "events": 100000,
2026-09-08T07:56:27.9572131Z     "durationMs": 121
2026-09-08T07:56:27.9572294Z   },
2026-09-08T07:56:27.9572507Z   "eventLoopIsolation": "DEDICATED_WORKER_THREAD",
2026-09-08T07:56:27.9572749Z   "health": {
2026-09-08T07:56:27.9573015Z     "databasePath": "/tmp/aseos-p1-v06-nfr-iuPT9V/state/aseos.db",
2026-09-08T07:56:27.9573306Z     "sqliteVersion": "3.53.3",
2026-09-08T07:56:27.9573500Z     "journalMode": "wal",
2026-09-08T07:56:27.9573682Z     "synchronous": 2,
2026-09-08T07:56:27.9573854Z     "foreignKeys": 1,
2026-09-08T07:56:27.9574018Z     "trustedSchema": 0,
2026-09-08T07:56:27.9574198Z     "busyTimeoutMs": 5000,
2026-09-08T07:56:27.9574378Z     "defensive": true,
2026-09-08T07:56:27.9574568Z     "extensionLoading": false,
2026-09-08T07:56:27.9574791Z     "doubleQuotedStringLiterals": false,
2026-09-08T07:56:27.9575006Z     "integrity": "ok"
2026-09-08T07:56:27.9575163Z   },
2026-09-08T07:56:27.9575319Z   "stateManifest": {
2026-09-08T07:56:27.9575502Z     "schemaVersion": "1.0.0",
2026-09-08T07:56:27.9575714Z     "databaseSchemaVersion": 1,
2026-09-08T07:56:27.9575907Z     "migrations": [
2026-09-08T07:56:27.9576063Z       {
2026-09-08T07:56:27.9576210Z         "version": 1,
2026-09-08T07:56:27.9576428Z         "name": "initial-authority-storage",
2026-09-08T07:56:27.9576805Z         "sha256": "0684ff34039eb2cb1aab856fcfccde1f20ce8b0050018b61f6c93bfefc3ee324"
2026-09-08T07:56:27.9577111Z       }
2026-09-08T07:56:27.9577263Z     ],
2026-09-08T07:56:27.9577452Z     "sqliteVersion": "3.53.3",
2026-09-08T07:56:27.9577676Z     "compatibility": "COMPATIBLE"
2026-09-08T07:56:27.9577875Z   },
2026-09-08T07:56:27.9578023Z   "security": {
2026-09-08T07:56:27.9578380Z     "attachDenied": true,
2026-09-08T07:56:27.9578587Z     "schemaMutationDenied": true,
2026-09-08T07:56:27.9578811Z     "extensionLoadingDenied": true,
2026-09-08T07:56:27.9579066Z     "parameterBindingPreservedJournal": true
2026-09-08T07:56:27.9579284Z   },
2026-09-08T07:56:27.9579429Z   "backup": {
2026-09-08T07:56:27.9579729Z     "sha256": "f76f4ac765da4ff2a781e2cbf5bf841d08ba5241fce950a90239e391ae3c8e30",
2026-09-08T07:56:27.9580043Z     "sizeBytes": 152207360,
2026-09-08T07:56:27.9580226Z     "pages": 37160,
2026-09-08T07:56:27.9580391Z     "integrity": "ok"
2026-09-08T07:56:27.9580557Z   }
2026-09-08T07:56:27.9580703Z }
2026-09-08T07:56:28.3607162Z $ pnpm exec tsc -b packages/contracts/tsconfig.json packages/platform/tsconfig.json apps/runtime/tsconfig.json apps/cli/tsconfig.json --pretty false && node scripts/qualification/control-api/qualify-control-api.mjs
2026-09-08T07:56:29.4489813Z {
2026-09-08T07:56:29.4490180Z   "qualification": "P1-V07-CONTROL-API",
2026-09-08T07:56:29.4490458Z   "result": "PASS",
2026-09-08T07:56:29.4490651Z   "platform": "linux",
2026-09-08T07:56:29.4490837Z   "results": [
2026-09-08T07:56:29.4490991Z     {
2026-09-08T07:56:29.4491213Z       "evidenceType": "OpenApiValidationResult",
2026-09-08T07:56:29.4491464Z       "result": "PASS",
2026-09-08T07:56:29.4491682Z       "version": "3.1.1",
2026-09-08T07:56:29.4491870Z       "requiredPaths": [
2026-09-08T07:56:29.4492053Z         "/version",
2026-09-08T07:56:29.4492210Z         "/health",
2026-09-08T07:56:29.4492368Z         "/endpoint",
2026-09-08T07:56:29.4492530Z         "/status",
2026-09-08T07:56:29.4492693Z         "/doctor",
2026-09-08T07:56:29.4492855Z         "/events",
2026-09-08T07:56:29.4493036Z         "/runtime/stop"
2026-09-08T07:56:29.4493203Z       ]
2026-09-08T07:56:29.4493351Z     },
2026-09-08T07:56:29.4493776Z     {
2026-09-08T07:56:29.4493982Z       "evidenceType": "LoopbackExposureResult",
2026-09-08T07:56:29.4494222Z       "result": "PASS",
2026-09-08T07:56:29.4494402Z       "host": "127.0.0.1",
2026-09-08T07:56:29.4494624Z       "portClass": "OS_ASSIGNED_EPHEMERAL"
2026-09-08T07:56:29.4494837Z     },
2026-09-08T07:56:29.4494982Z     {
2026-09-08T07:56:29.4495178Z       "evidenceType": "TokenAclRedactionResult",
2026-09-08T07:56:29.4495407Z       "result": "PASS",
2026-09-08T07:56:29.4495699Z       "tokenBits": 256,
2026-09-08T07:56:29.4495872Z       "acl": "0600",
2026-09-08T07:56:29.4496084Z       "publicErrorRedacted": true
2026-09-08T07:56:29.4496278Z     },
2026-09-08T07:56:29.4496416Z     {
2026-09-08T07:56:29.4496622Z       "evidenceType": "CliPublicApiAcceptanceResult",
2026-09-08T07:56:29.4496856Z       "result": "PASS",
2026-09-08T07:56:29.4497025Z       "commands": [
2026-09-08T07:56:29.4497182Z         "start",
2026-09-08T07:56:29.4497334Z         "version",
2026-09-08T07:56:29.4497492Z         "doctor",
2026-09-08T07:56:29.4497654Z         "status",
2026-09-08T07:56:29.4497807Z         "stop"
2026-09-08T07:56:29.4497971Z       ],
2026-09-08T07:56:29.4499560Z       "clientBoundary": "@aseos/platform public Control API client"
2026-09-08T07:56:29.4499951Z     }
2026-09-08T07:56:29.4500098Z   ]
2026-09-08T07:56:29.4500240Z }
2026-09-08T07:56:29.7949516Z $ pnpm run isolation:build && node scripts/qualification/isolation/qualify-process-restricted.mjs
2026-09-08T07:56:30.1276288Z $ pnpm --filter @aseos/windows-process-restricted build && pnpm --filter @aseos/worker build
2026-09-08T07:56:30.4743567Z $ tsc -b tsconfig.json --pretty false && node scripts/copy-assets.mjs
2026-09-08T07:56:30.9193749Z $ tsc -b tsconfig.json --pretty false
2026-09-08T07:56:31.0467257Z {
2026-09-08T07:56:31.0467603Z   "schemaVersion": "1.0.0",
2026-09-08T07:56:31.0468013Z   "gateStepId": "P1-V08-ISOLATION",
2026-09-08T07:56:31.0468478Z   "result": "PASS",
2026-09-08T07:56:31.0468701Z   "platform": "linux",
2026-09-08T07:56:31.0468992Z   "capability": {
2026-09-08T07:56:31.0469238Z     "schemaVersion": "1.0.0",
2026-09-08T07:56:31.0469507Z     "reportId": "01a08004-c3c5-7a8e-ac7f-474fc3840161",
2026-09-08T07:56:31.0469809Z     "capabilityId": "windows-process-restricted",
2026-09-08T07:56:31.0470082Z     "capabilityVersion": "1.0.0",
2026-09-08T07:56:31.0470329Z     "providerId": "aseos.windows-job-object",
2026-09-08T07:56:31.0470604Z     "providerVersion": "1.0.0",
2026-09-08T07:56:31.0470808Z     "platform": "linux",
2026-09-08T07:56:31.0471040Z     "isolationLevel": "PROCESS_RESTRICTED",
2026-09-08T07:56:31.0471266Z     "probe": {
2026-09-08T07:56:31.0471490Z       "probeId": "01a08004-c3c5-755c-8f93-bb1bccfcaa48",
2026-09-08T07:56:31.0471783Z       "performedAt": "2026-09-08T07:56:31.045Z",
2026-09-08T07:56:31.0472035Z       "jobObjectAvailable": false,
2026-09-08T07:56:31.0472292Z       "nestedProcessAssignmentSupported": false
2026-09-08T07:56:31.0472515Z     },
2026-09-08T07:56:31.0472670Z     "budgetSupport": {
2026-09-08T07:56:31.0472853Z       "cpuTime": false,
2026-09-08T07:56:31.0473043Z       "memory": false,
2026-09-08T07:56:31.0473216Z       "processCount": false,
2026-09-08T07:56:31.0473411Z       "wallClock": false,
2026-09-08T07:56:31.0473597Z       "stdout": false,
2026-09-08T07:56:31.0473763Z       "stderr": false
2026-09-08T07:56:31.0473922Z     },
2026-09-08T07:56:31.0474072Z     "guarantees": {
2026-09-08T07:56:31.0474280Z       "processTreeLifecycleContained": false,
2026-09-08T07:56:31.0474539Z       "resourceBudgetsEnforced": false,
2026-09-08T07:56:31.0474780Z       "networkAccessDenied": false,
2026-09-08T07:56:31.0475009Z       "filesystemAccessDenied": false,
2026-09-08T07:56:31.0475244Z       "registryAccessDenied": false,
2026-09-08T07:56:31.0475468Z       "securitySandbox": false
2026-09-08T07:56:31.0475650Z     },
2026-09-08T07:56:31.0475806Z     "result": "UNAVAILABLE",
2026-09-08T07:56:31.0475995Z     "reasonCodes": [
2026-09-08T07:56:31.0476182Z       "UNSUPPORTED_PLATFORM"
2026-09-08T07:56:31.0476734Z     ],
2026-09-08T07:56:31.0476925Z     "reportedAt": "2026-09-08T07:56:31.045Z"
2026-09-08T07:56:31.0477133Z   },
2026-09-08T07:56:31.0477295Z   "jobObjectLifecycle": {
2026-09-08T07:56:31.0477534Z     "evidenceType": "JobObjectLifecycleResult",
2026-09-08T07:56:31.0477819Z     "result": "NOT_APPLICABLE_PROVIDER_UNAVAILABLE"
2026-09-08T07:56:31.0478212Z   },
2026-09-08T07:56:31.0478382Z   "processTreeTermination": {
2026-09-08T07:56:31.0478854Z     "evidenceType": "ProcessTreeTerminationResult",
2026-09-08T07:56:31.0479497Z     "result": "NOT_APPLICABLE_PROVIDER_UNAVAILABLE"
2026-09-08T07:56:31.0479822Z   },
2026-09-08T07:56:31.0480029Z   "noDowngrade": {
2026-09-08T07:56:31.0480351Z     "evidenceType": "NoDowngradePropertyResult",
2026-09-08T07:56:31.0480699Z     "result": "PASS",
2026-09-08T07:56:31.0481006Z     "strongerMinimumsBlocked": [
2026-09-08T07:56:31.0481296Z       "OS_SANDBOXED",
2026-09-08T07:56:31.0481519Z       "CONTAINER_ISOLATED",
2026-09-08T07:56:31.0481768Z       "REMOTE_ISOLATED"
2026-09-08T07:56:31.0482023Z     ],
2026-09-08T07:56:31.0482318Z     "unavailableProcessRestrictedBlocked": true,
2026-09-08T07:56:31.0482698Z     "hostUnrestrictedSelectable": false
2026-09-08T07:56:31.0482988Z   },
2026-09-08T07:56:31.0483194Z   "failClosed": true
2026-09-08T07:56:31.0483422Z }
2026-09-08T07:56:31.3858740Z $ tsc -b tsconfig.build.json --pretty false && node scripts/toolchain/copy-runtime-assets.mjs
2026-09-08T07:56:31.8529624Z $ node scripts/toolchain/verify-config.mjs
2026-09-08T07:56:31.8987694Z {
2026-09-08T07:56:31.8987944Z   "schemaVersion": "1.0.0",
2026-09-08T07:56:31.8988438Z   "check": "TOOLCHAIN_CONFIGURATION_CONSISTENCY",
2026-09-08T07:56:31.8988704Z   "result": "PASS",
2026-09-08T07:56:31.8989135Z   "authorityBuild": "tsc -b tsconfig.build.json --pretty false && node scripts/toolchain/copy-runtime-assets.mjs",
2026-09-08T07:56:31.8989542Z   "projectReferences": 9,
2026-09-08T07:56:31.8989749Z   "workspacePackages": 8,
2026-09-08T07:56:31.8989970Z   "packageProjectReferences": 8,
2026-09-08T07:56:31.8990226Z   "nonPackageProjectReferences": 1,
2026-09-08T07:56:31.8990547Z   "toolchainQualificationProject": "tests/qualification/toolchain",
2026-09-08T07:56:31.8990865Z   "esmOnly": true,
2026-09-08T07:56:31.8991146Z   "qualityAggregatorCheck": "p1-o01-toolchain-qualify",
2026-09-08T07:56:31.8991486Z   "dependencyBuildPolicy": "DENY_UNLESS_ALLOW_BUILDS",
2026-09-08T07:56:31.8991802Z   "dependencyBuildAllowlist": [
2026-09-08T07:56:31.8992022Z     "protobufjs@7.6.5"
2026-09-08T07:56:31.8992212Z   ]
2026-09-08T07:56:31.8992370Z }
2026-09-08T07:56:32.2391847Z $ node scripts/toolchain/verify-versions.mjs
2026-09-08T07:56:32.9733325Z {
2026-09-08T07:56:32.9733634Z   "schemaVersion": "1.0.0",
2026-09-08T07:56:32.9733927Z   "check": "BUILD_VERSION_CONSISTENCY",
2026-09-08T07:56:32.9734173Z   "result": "PASS",
2026-09-08T07:56:32.9734348Z   "actual": {
2026-09-08T07:56:32.9734516Z     "node": "24.19.0",
2026-09-08T07:56:32.9734692Z     "pnpm": "11.24.0",
2026-09-08T07:56:32.9734873Z     "typescript": "6.0.3"
2026-09-08T07:56:32.9735087Z   },
2026-09-08T07:56:32.9735404Z   "lockfileSha256": "29ed28951e114220bc2d7fc8c72220138ce8956639c7190fcfa0aeb6e99264d8",
2026-09-08T07:56:32.9735771Z   "packageManager": "pnpm@11.24.0"
2026-09-08T07:56:32.9735997Z }
2026-09-08T07:56:33.3185604Z $ node scripts/toolchain/verify-frozen-install.mjs
2026-09-08T07:56:34.4582864Z {
2026-09-08T07:56:34.4583193Z   "schemaVersion": "1.0.0",
2026-09-08T07:56:34.4583646Z   "check": "CLEAN_FROZEN_LOCKFILE_OFFLINE_INSTALL",
2026-09-08T07:56:34.4584075Z   "result": "PASS",
2026-09-08T07:56:34.4584357Z   "temporaryCheckout": true,
2026-09-08T07:56:34.4584675Z   "lockfileUnchanged": true,
2026-09-08T07:56:34.4585210Z   "lockfileSha256": "29ed28951e114220bc2d7fc8c72220138ce8956639c7190fcfa0aeb6e99264d8",
2026-09-08T07:56:34.4585767Z   "output": "Done in 1s using pnpm v11.24.0"
2026-09-08T07:56:34.4586079Z }
2026-09-08T07:56:34.7575742Z ##[group]Run pnpm run clean
2026-09-08T07:56:34.7575988Z [36;1mpnpm run clean[0m
2026-09-08T07:56:34.7576321Z [36;1mpnpm run build[0m
2026-09-08T07:56:34.7608808Z shell: /usr/bin/bash -e {0}
2026-09-08T07:56:34.7609032Z ##[endgroup]
2026-09-08T07:56:35.1159210Z $ tsc -b tsconfig.build.json --clean && node scripts/toolchain/copy-runtime-assets.mjs --clean
2026-09-08T07:56:35.5797532Z $ tsc -b tsconfig.build.json --pretty false && node scripts/toolchain/copy-runtime-assets.mjs
2026-09-08T07:56:41.3010488Z ##[group]Run pnpm run evidence:ci
2026-09-08T07:56:41.3010748Z [36;1mpnpm run evidence:ci[0m
2026-09-08T07:56:41.3042680Z shell: /usr/bin/bash -e {0}
2026-09-08T07:56:41.3042886Z ##[endgroup]
2026-09-08T07:56:41.6495384Z $ node scripts/toolchain/emit-ci-evidence.mjs
2026-09-08T07:56:42.3864625Z {
2026-09-08T07:56:42.3864975Z   "schemaVersion": "1.0.0",
2026-09-08T07:56:42.3865407Z   "evidenceType": "CrossPlatformBuildEvidence",
2026-09-08T07:56:42.3865804Z   "result": "PASS",
2026-09-08T07:56:42.3866166Z   "commit": "3777bda86f090ac75a3382b8b310da17737dc257",
2026-09-08T07:56:42.3866668Z   "controllerCommit": "5f6c6437f09cc486e5143f1de63acbe0ade821f7",
2026-09-08T07:56:42.3867102Z   "environment": {
2026-09-08T07:56:42.3867338Z     "os": "linux",
2026-09-08T07:56:42.3867564Z     "arch": "x64",
2026-09-08T07:56:42.3867787Z     "node": "24.19.0",
2026-09-08T07:56:42.3868211Z     "pnpm": "11.24.0",
2026-09-08T07:56:42.3868467Z     "typescript": "6.0.3",
2026-09-08T07:56:42.3868832Z     "runnerImage": "ubuntu24",
2026-09-08T07:56:42.3869163Z     "runnerImageVersion": "20260831.293.1"
2026-09-08T07:56:42.3869459Z   },
2026-09-08T07:56:42.3869978Z   "lockfileSha256": "29ed28951e114220bc2d7fc8c72220138ce8956639c7190fcfa0aeb6e99264d8",
2026-09-08T07:56:42.3870943Z   "authorityBuild": "pnpm exec tsc -b tsconfig.build.json --pretty false && node scripts/toolchain/copy-runtime-assets.mjs"
2026-09-08T07:56:42.3871661Z }
2026-09-08T07:56:42.4109656Z Node 20 is being deprecated. This workflow is running with Node 24 by default. If you need to temporarily use Node 20, you can set the ACTIONS_ALLOW_USE_UNSECURE_NODE_VERSION=true environment variable. For more information see: https://github.blog/changelog/2025-09-19-deprecation-of-node-20-on-github-actions-runners/
2026-09-08T07:56:42.4110605Z Post job cleanup.
2026-09-08T07:56:42.5084065Z (node:5315) [DEP0040] DeprecationWarning: The `punycode` module is deprecated. Please use a userland alternative instead.
2026-09-08T07:56:42.5084741Z (Use `node --trace-deprecation ...` to show where the warning was created)
2026-09-08T07:56:42.5247080Z Node 20 is being deprecated. This workflow is running with Node 24 by default. If you need to temporarily use Node 20, you can set the ACTIONS_ALLOW_USE_UNSECURE_NODE_VERSION=true environment variable. For more information see: https://github.blog/changelog/2025-09-19-deprecation-of-node-20-on-github-actions-runners/
2026-09-08T07:56:42.5247974Z Post job cleanup.
2026-09-08T07:56:42.5943481Z [command]/usr/bin/git version
2026-09-08T07:56:42.5977455Z git version 2.55.0
2026-09-08T07:56:42.6007075Z Temporarily overriding HOME='/home/runner/work/_temp/959414f5-e23a-4197-91ec-7f9b2f0c78f3' before making global git config changes
2026-09-08T07:56:42.6008578Z Adding repository directory to the temporary git global config as a safe directory
2026-09-08T07:56:42.6012811Z [command]/usr/bin/git config --global --add safe.directory /home/runner/work/-ai-software-engineering-os/-ai-software-engineering-os
2026-09-08T07:56:42.6079691Z [command]/usr/bin/git config --local --name-only --get-regexp core\.sshCommand
2026-09-08T07:56:42.6107709Z [command]/usr/bin/git submodule foreach --recursive sh -c "git config --local --name-only --get-regexp 'core\.sshCommand' && git config --local --unset-all 'core.sshCommand' || :"
2026-09-08T07:56:42.6311672Z [command]/usr/bin/git config --local --name-only --get-regexp http\.https\:\/\/github\.com\/\.extraheader
2026-09-08T07:56:42.6332999Z http.https://github.com/.extraheader
2026-09-08T07:56:42.6341911Z [command]/usr/bin/git config --local --unset-all http.https://github.com/.extraheader
2026-09-08T07:56:42.6375419Z [command]/usr/bin/git submodule foreach --recursive sh -c "git config --local --name-only --get-regexp 'http\.https\:\/\/github\.com\/\.extraheader' && git config --local --unset-all 'http.https://github.com/.extraheader' || :"
2026-09-08T07:56:42.6726584Z Cleaning up orphan processes
2026-09-08T07:56:42.7088962Z ##[warning]Node.js 20 is deprecated. The following actions target Node.js 20 but are being forced to run on Node.js 24: actions/checkout@11bd71901bbe5b1630ceea73d27597364c9af683, actions/setup-node@49933ea5288caeca8642d1e84afbd3f7d6820020. For more information see: https://github.blog/changelog/2025-09-19-deprecation-of-node-20-on-github-actions-runners/

