2026-09-08T07:54:59.2151144Z Current runner version: '2.337.0'
2026-09-08T07:54:59.2173489Z ##[group]Runner Image Provisioner
2026-09-08T07:54:59.2174255Z Hosted Compute Agent
2026-09-08T07:54:59.2174750Z Version: 20260819.586
2026-09-08T07:54:59.2175303Z Commit: 3cc4a88dfa507ef76119ad1bb3eccc6378bb2b76
2026-09-08T07:54:59.2175932Z Build Date: 2026-08-18T23:20:18Z
2026-09-08T07:54:59.2176511Z Worker ID: {72528a56-eb8a-420e-9f3a-1cf8f55b2b71}
2026-09-08T07:54:59.2177114Z Azure Region: centralus
2026-09-08T07:54:59.2177632Z ##[endgroup]
2026-09-08T07:54:59.2178692Z ##[group]Operating System
2026-09-08T07:54:59.2179224Z Microsoft Windows Server 2025
2026-09-08T07:54:59.2179768Z 10.0.26100
2026-09-08T07:54:59.2180208Z Datacenter
2026-09-08T07:54:59.2180637Z ##[endgroup]
2026-09-08T07:54:59.2181106Z ##[group]Runner Image
2026-09-08T07:54:59.2181647Z Image: windows-2025-vs2026
2026-09-08T07:54:59.2182154Z Version: 20260824.214.3
2026-09-08T07:54:59.2184008Z Included Software: https://github.com/actions/runner-images/blob/win25-vs2026/20260824.214/images/windows/Windows2025-VS2026-Readme.md
2026-09-08T07:54:59.2185694Z Image Release: https://github.com/actions/runner-images/releases/tag/win25-vs2026%2F20260824.214
2026-09-08T07:54:59.2186606Z ##[endgroup]
2026-09-08T07:54:59.2187612Z ##[group]GITHUB_TOKEN Permissions
2026-09-08T07:54:59.2189435Z Contents: read
2026-09-08T07:54:59.2189973Z Metadata: read
2026-09-08T07:54:59.2190463Z ##[endgroup]
2026-09-08T07:54:59.2192168Z Secret source: Actions
2026-09-08T07:54:59.2193011Z Prepare workflow directory
2026-09-08T07:54:59.2669620Z Prepare all required actions
2026-09-08T07:54:59.2724510Z Getting action download info
2026-09-08T07:54:59.5259673Z Download action repository 'actions/checkout@11bd71901bbe5b1630ceea73d27597364c9af683' (SHA:11bd71901bbe5b1630ceea73d27597364c9af683)
2026-09-08T07:54:59.6288524Z Download action repository 'actions/setup-node@49933ea5288caeca8642d1e84afbd3f7d6820020' (SHA:49933ea5288caeca8642d1e84afbd3f7d6820020)
2026-09-08T07:54:59.7569257Z Download action repository 'actions/upload-artifact@043fb46d1a93c77aae656e7c1c64a875d1fc6a0a' (SHA:043fb46d1a93c77aae656e7c1c64a875d1fc6a0a)
2026-09-08T07:54:59.9451521Z Complete job name: required-packaging
2026-09-08T07:55:00.0710975Z Node 20 is being deprecated. This workflow is running with Node 24 by default. If you need to temporarily use Node 20, you can set the ACTIONS_ALLOW_USE_UNSECURE_NODE_VERSION=true environment variable. For more information see: https://github.blog/changelog/2025-09-19-deprecation-of-node-20-on-github-actions-runners/
2026-09-08T07:55:00.0719078Z ##[group]Run actions/checkout@11bd71901bbe5b1630ceea73d27597364c9af683
2026-09-08T07:55:00.0719877Z with:
2026-09-08T07:55:00.0720348Z   ref: 3777bda86f090ac75a3382b8b310da17737dc257
2026-09-08T07:55:00.0720907Z   fetch-depth: 0
2026-09-08T07:55:00.0721424Z   repository: olu37776-bit/-ai-software-engineering-os
2026-09-08T07:55:00.0725613Z   token: ***
2026-09-08T07:55:00.0726057Z   ssh-strict: true
2026-09-08T07:55:00.0726505Z   ssh-user: git
2026-09-08T07:55:00.0726987Z   persist-credentials: true
2026-09-08T07:55:00.0727469Z   clean: true
2026-09-08T07:55:00.0727914Z   sparse-checkout-cone-mode: true
2026-09-08T07:55:00.0728528Z   fetch-tags: false
2026-09-08T07:55:00.0728965Z   show-progress: true
2026-09-08T07:55:00.0729383Z   lfs: false
2026-09-08T07:55:00.0729814Z   submodules: false
2026-09-08T07:55:00.0730255Z   set-safe-directory: true
2026-09-08T07:55:00.0730969Z env:
2026-09-08T07:55:00.0731435Z   TARGET_SHA: 3777bda86f090ac75a3382b8b310da17737dc257
2026-09-08T07:55:00.0731999Z ##[endgroup]
2026-09-08T07:55:00.2546400Z Syncing repository: olu37776-bit/-ai-software-engineering-os
2026-09-08T07:55:00.2549401Z ##[group]Getting Git version info
2026-09-08T07:55:00.2551070Z Working directory is 'D:\a\-ai-software-engineering-os\-ai-software-engineering-os'
2026-09-08T07:55:00.3413457Z [command]"C:\Program Files\Git\bin\git.exe" version
2026-09-08T07:55:00.9086017Z git version 2.55.0.windows.5
2026-09-08T07:55:00.9137569Z ##[endgroup]
2026-09-08T07:55:00.9157929Z Temporarily overriding HOME='D:\a\_temp\b30f86c5-0766-428f-8bf7-1df9e0412a50' before making global git config changes
2026-09-08T07:55:00.9159997Z Adding repository directory to the temporary git global config as a safe directory
2026-09-08T07:55:00.9169920Z [command]"C:\Program Files\Git\bin\git.exe" config --global --add safe.directory D:\a\-ai-software-engineering-os\-ai-software-engineering-os
2026-09-08T07:55:00.9760152Z Deleting the contents of 'D:\a\-ai-software-engineering-os\-ai-software-engineering-os'
2026-09-08T07:55:00.9764963Z ##[group]Initializing the repository
2026-09-08T07:55:00.9773402Z [command]"C:\Program Files\Git\bin\git.exe" init D:\a\-ai-software-engineering-os\-ai-software-engineering-os
2026-09-08T07:55:01.0708950Z Initialized empty Git repository in D:/a/-ai-software-engineering-os/-ai-software-engineering-os/.git/
2026-09-08T07:55:01.0757506Z [command]"C:\Program Files\Git\bin\git.exe" remote add origin https://github.com/olu37776-bit/-ai-software-engineering-os
2026-09-08T07:55:01.1329547Z ##[endgroup]
2026-09-08T07:55:01.1332471Z ##[group]Disabling automatic garbage collection
2026-09-08T07:55:01.1339398Z [command]"C:\Program Files\Git\bin\git.exe" config --local gc.auto 0
2026-09-08T07:55:01.1617822Z ##[endgroup]
2026-09-08T07:55:01.1619557Z ##[group]Setting up auth
2026-09-08T07:55:01.1628797Z [command]"C:\Program Files\Git\bin\git.exe" config --local --name-only --get-regexp core\.sshCommand
2026-09-08T07:55:01.1901564Z [command]"C:\Program Files\Git\bin\git.exe" submodule foreach --recursive "sh -c \"git config --local --name-only --get-regexp 'core\.sshCommand' && git config --local --unset-all 'core.sshCommand' || :\""
2026-09-08T07:55:03.2820372Z [command]"C:\Program Files\Git\bin\git.exe" config --local --name-only --get-regexp http\.https\:\/\/github\.com\/\.extraheader
2026-09-08T07:55:03.3090918Z [command]"C:\Program Files\Git\bin\git.exe" submodule foreach --recursive "sh -c \"git config --local --name-only --get-regexp 'http\.https\:\/\/github\.com\/\.extraheader' && git config --local --unset-all 'http.https://github.com/.extraheader' || :\""
2026-09-08T07:55:03.7825613Z [command]"C:\Program Files\Git\bin\git.exe" config --local http.https://github.com/.extraheader "AUTHORIZATION: basic ***"
2026-09-08T07:55:03.8086169Z ##[endgroup]
2026-09-08T07:55:03.8087115Z ##[group]Fetching the repository
2026-09-08T07:55:03.8097249Z [command]"C:\Program Files\Git\bin\git.exe" -c protocol.version=2 fetch --prune --no-recurse-submodules origin +refs/heads/*:refs/remotes/origin/* +refs/tags/*:refs/tags/*
2026-09-08T07:55:07.0446386Z From https://github.com/olu37776-bit/-ai-software-engineering-os
2026-09-08T07:55:07.0447736Z  * [new branch]      diagnostic/issue-53-prettier-output -> origin/diagnostic/issue-53-prettier-output
2026-09-08T07:55:07.0448946Z  * [new branch]      docs/coverage-loop-redesign-20260908 -> origin/docs/coverage-loop-redesign-20260908
2026-09-08T07:55:07.0450231Z  * [new branch]      docs/knowledge-reconstruction-design-v1-20260908 -> origin/docs/knowledge-reconstruction-design-v1-20260908
2026-09-08T07:55:07.0451645Z  * [new branch]      docs/learning-feedback-rebaseline-20260908 -> origin/docs/learning-feedback-rebaseline-20260908
2026-09-08T07:55:07.0453295Z  * [new branch]      gate/p1-o04-final-scope-authority-amendment-issue-41 -> origin/gate/p1-o04-final-scope-authority-amendment-issue-41
2026-09-08T07:55:07.0454502Z  * [new branch]      gate/p1-o04-final-scope-authority-amendment-issue-44 -> origin/gate/p1-o04-final-scope-authority-amendment-issue-44
2026-09-08T07:55:07.0455774Z  * [new branch]      gate/p1-o04-final-scope-authority-amendment-issue-48 -> origin/gate/p1-o04-final-scope-authority-amendment-issue-48
2026-09-08T07:55:07.0457032Z  * [new branch]      gate/p1-o04-resume-after-issue-29-final-amendment-issue-48 -> origin/gate/p1-o04-resume-after-issue-29-final-amendment-issue-48
2026-09-08T07:55:07.0458308Z  * [new branch]      gate/p1-o04-transition-enforcement-issue-29 -> origin/gate/p1-o04-transition-enforcement-issue-29
2026-09-08T07:55:07.0460475Z  * [new branch]      gate/p1-o05-start-after-issue-53-independent -> origin/gate/p1-o05-start-after-issue-53-independent
2026-09-08T07:55:07.0461658Z  * [new branch]      gate/p1-o05-transition-authorization-issue-53 -> origin/gate/p1-o05-transition-authorization-issue-53
2026-09-08T07:55:07.0463081Z  * [new branch]      gate/p1-o06-governance-amendment-authorization-issue-64 -> origin/gate/p1-o06-governance-amendment-authorization-issue-64
2026-09-08T07:55:07.0463918Z  * [new branch]      gate/p1-o06-start-after-issue-64-independent -> origin/gate/p1-o06-start-after-issue-64-independent
2026-09-08T07:55:07.0464800Z  * [new branch]      gate/p1-o07-governance-amendment-authorization-issue-71 -> origin/gate/p1-o07-governance-amendment-authorization-issue-71
2026-09-08T07:55:07.0465830Z  * [new branch]      gate/p1-o07-start-after-issue-71-independent -> origin/gate/p1-o07-start-after-issue-71-independent
2026-09-08T07:55:07.0466565Z  * [new branch]      governance/issue-11-independent-gate -> origin/governance/issue-11-independent-gate
2026-09-08T07:55:07.0467285Z  * [new branch]      governance/issue-14-authorization-gate -> origin/governance/issue-14-authorization-gate
2026-09-08T07:55:07.0467889Z  * [new branch]      governance/m0-final-gate -> origin/governance/m0-final-gate
2026-09-08T07:55:07.0468478Z  * [new branch]      governance/p1-execution-scope-amendment -> origin/governance/p1-execution-scope-amendment
2026-09-08T07:55:07.0469151Z  * [new branch]      governance/p1-o01-independent-gate -> origin/governance/p1-o01-independent-gate
2026-09-08T07:55:07.0470384Z  * [new branch]      governance/p1-o02-resume-after-issue-14 -> origin/governance/p1-o02-resume-after-issue-14
2026-09-08T07:55:07.0471085Z  * [new branch]      governance/p1-o02-resume-after-issue-21 -> origin/governance/p1-o02-resume-after-issue-21
2026-09-08T07:55:07.0471820Z  * [new branch]      governance/p1-o02-resume-after-issue-24 -> origin/governance/p1-o02-resume-after-issue-24
2026-09-08T07:55:07.0472567Z  * [new branch]      governance/p1-o02-root-integration-scope-amendment -> origin/governance/p1-o02-root-integration-scope-amendment
2026-09-08T07:55:07.0474110Z  * [new branch]      governance/p1-o04-final-scope-authority-amendment-issue-41 -> origin/governance/p1-o04-final-scope-authority-amendment-issue-41
2026-09-08T07:55:07.0475044Z  * [new branch]      governance/p1-o04-final-scope-authority-amendment-issue-44 -> origin/governance/p1-o04-final-scope-authority-amendment-issue-44
2026-09-08T07:55:07.0476039Z  * [new branch]      governance/p1-o04-final-scope-authority-amendment-issue-48 -> origin/governance/p1-o04-final-scope-authority-amendment-issue-48
2026-09-08T07:55:07.0477220Z  * [new branch]      governance/p1-o04-transition-enforcement-issue-29 -> origin/governance/p1-o04-transition-enforcement-issue-29
2026-09-08T07:55:07.0478088Z  * [new branch]      governance/p1-o04-transition-enforcement-scope-amendment -> origin/governance/p1-o04-transition-enforcement-scope-amendment
2026-09-08T07:55:07.0478988Z  * [new branch]      governance/p1-o05-scope-authority-amendment-issue-53 -> origin/governance/p1-o05-scope-authority-amendment-issue-53
2026-09-08T07:55:07.0479809Z  * [new branch]      governance/p1-o06-scope-authority-amendment-issue-64 -> origin/governance/p1-o06-scope-authority-amendment-issue-64
2026-09-08T07:55:07.0480612Z  * [new branch]      governance/p1-o07-scope-authority-amendment-issue-71 -> origin/governance/p1-o07-scope-authority-amendment-issue-71
2026-09-08T07:55:07.0481387Z  * [new branch]      governance/phase-1-entry-gate -> origin/governance/phase-1-entry-gate
2026-09-08T07:55:07.0481847Z  * [new branch]      main       -> origin/main
2026-09-08T07:55:07.0482402Z  * [new branch]      phase-1/issue-11-transition-remediation -> origin/phase-1/issue-11-transition-remediation
2026-09-08T07:55:07.0483187Z  * [new branch]      phase-1/p1-o01-authority-owner-test-remediation-issue-44 -> origin/phase-1/p1-o01-authority-owner-test-remediation-issue-44
2026-09-08T07:55:07.0484144Z  * [new branch]      phase-1/p1-o01-base-exact-merge-execution-issue-37 -> origin/phase-1/p1-o01-base-exact-merge-execution-issue-37
2026-09-08T07:55:07.0484901Z  * [new branch]      phase-1/p1-o01-governance-amendment-mode -> origin/phase-1/p1-o01-governance-amendment-mode
2026-09-08T07:55:07.0485646Z  * [new branch]      phase-1/p1-o01-issue29-final-gate-recovery-issue-39 -> origin/phase-1/p1-o01-issue29-final-gate-recovery-issue-39
2026-09-08T07:55:07.0486504Z  * [new branch]      phase-1/p1-o01-issue33-evidence-correction-issue-35 -> origin/phase-1/p1-o01-issue33-evidence-correction-issue-35
2026-09-08T07:55:07.0487299Z  * [new branch]      phase-1/p1-o01-lf-c1-entry-preparation-issue-95 -> origin/phase-1/p1-o01-lf-c1-entry-preparation-issue-95
2026-09-08T07:55:07.0488306Z  * [new branch]      phase-1/p1-o01-p1-o04-transition-enforcement-issue-29 -> origin/phase-1/p1-o01-p1-o04-transition-enforcement-issue-29
2026-09-08T07:55:07.0489173Z  * [new branch]      phase-1/p1-o01-p1-o05-start-gate-enforcement-issue-53 -> origin/phase-1/p1-o01-p1-o05-start-gate-enforcement-issue-53
2026-09-08T07:55:07.0490037Z  * [new branch]      phase-1/p1-o01-p1-o05-transition-enforcement-issue-53 -> origin/phase-1/p1-o01-p1-o05-transition-enforcement-issue-53
2026-09-08T07:55:07.0491543Z  * [new branch]      phase-1/p1-o01-p1-o06-start-gate-enforcement-issue-64 -> origin/phase-1/p1-o01-p1-o06-start-gate-enforcement-issue-64
2026-09-08T07:55:07.0492559Z  * [new branch]      phase-1/p1-o01-p1-o07-start-gate-enforcement-issue-71 -> origin/phase-1/p1-o01-p1-o07-start-gate-enforcement-issue-71
2026-09-08T07:55:07.0493430Z  * [new branch]      phase-1/p1-o01-post-merge-qualification-dispatch-issue-33 -> origin/phase-1/p1-o01-post-merge-qualification-dispatch-issue-33
2026-09-08T07:55:07.0494299Z  * [new branch]      phase-1/p1-o01-review-remediation-issue-82 -> origin/phase-1/p1-o01-review-remediation-issue-82
2026-09-08T07:55:07.0494977Z  * [new branch]      phase-1/p1-o01-toolchain-foundation -> origin/phase-1/p1-o01-toolchain-foundation
2026-09-08T07:55:07.0495942Z  * [new branch]      phase-1/p1-o01-toolchain-topology-verifier -> origin/phase-1/p1-o01-toolchain-topology-verifier
2026-09-08T07:55:07.0496736Z  * [new branch]      phase-1/p1-o01-toolchain-transition-remediation-issue-24 -> origin/phase-1/p1-o01-toolchain-transition-remediation-issue-24
2026-09-08T07:55:07.0497652Z  * [new branch]      phase-1/p1-o02-contract-foundation -> origin/phase-1/p1-o02-contract-foundation
2026-09-08T07:55:07.0498337Z  * [new branch]      phase-1/p1-o02-contract-foundation-resume-3 -> origin/phase-1/p1-o02-contract-foundation-resume-3
2026-09-08T07:55:07.0499237Z  * [new branch]      phase-1/p1-o02-review-remediation-issue-82 -> origin/phase-1/p1-o02-review-remediation-issue-82
2026-09-08T07:55:07.0500129Z  * [new branch]      phase-1/p1-o02-windows-example-suite-copy-remediation-issue-64 -> origin/phase-1/p1-o02-windows-example-suite-copy-remediation-issue-64
2026-09-08T07:55:07.0501004Z  * [new branch]      phase-1/p1-o03-architecture-enforcement -> origin/phase-1/p1-o03-architecture-enforcement
2026-09-08T07:55:07.0501692Z  * [new branch]      phase-1/p1-o03-review-remediation-issue-82 -> origin/phase-1/p1-o03-review-remediation-issue-82
2026-09-08T07:55:07.0502357Z  * [new branch]      phase-1/p1-o04-deterministic-policy -> origin/phase-1/p1-o04-deterministic-policy
2026-09-08T07:55:07.0503008Z  * [new branch]      phase-1/p1-o04-review-remediation-issue-82 -> origin/phase-1/p1-o04-review-remediation-issue-82
2026-09-08T07:55:07.0503714Z  * [new branch]      phase-1/p1-o05-node-sqlite-qualification -> origin/phase-1/p1-o05-node-sqlite-qualification
2026-09-08T07:55:07.0504488Z  * [new branch]      phase-1/p1-o05-node-sqlite-qualification-resume-issue-60 -> origin/phase-1/p1-o05-node-sqlite-qualification-resume-issue-60
2026-09-08T07:55:07.0505307Z  * [new branch]      phase-1/p1-o05-review-remediation-issue-82 -> origin/phase-1/p1-o05-review-remediation-issue-82
2026-09-08T07:55:07.0506201Z  * [new branch]      phase-1/p1-o06-authenticated-loopback-control-api-issue-64 -> origin/phase-1/p1-o06-authenticated-loopback-control-api-issue-64
2026-09-08T07:55:07.0506980Z  * [new branch]      phase-1/p1-o06-review-remediation-issue-82 -> origin/phase-1/p1-o06-review-remediation-issue-82
2026-09-08T07:55:07.0507766Z  * [new branch]      phase-1/p1-o06-windows-claim-liveness-issue-82 -> origin/phase-1/p1-o06-windows-claim-liveness-issue-82
2026-09-08T07:55:07.0508481Z  * [new branch]      phase-1/p1-o07-review-remediation-issue-82 -> origin/phase-1/p1-o07-review-remediation-issue-82
2026-09-08T07:55:07.0509310Z  * [new branch]      phase-1/p1-o07-windows-process-restricted-qualification-issue-71 -> origin/phase-1/p1-o07-windows-process-restricted-qualification-issue-71
2026-09-08T07:55:07.0510124Z  * [new branch]      phase-1/p1-o08-packaging -> origin/phase-1/p1-o08-packaging
2026-09-08T07:55:07.0511027Z  * [new branch]      phase-1/p1-o08-review-remediation-issue-82 -> origin/phase-1/p1-o08-review-remediation-issue-82
2026-09-08T07:55:07.0511878Z  * [new branch]      phase-1/p1-o09-integrated-gate -> origin/phase-1/p1-o09-integrated-gate
2026-09-08T07:55:07.0512515Z  * [new branch]      phase-1/p1-o09-integrated-handoff-issue-82 -> origin/phase-1/p1-o09-integrated-handoff-issue-82
2026-09-08T07:55:07.0513269Z  * [new branch]      phase-1/p1-o09-qualification-fixture-repair-issue-82 -> origin/phase-1/p1-o09-qualification-fixture-repair-issue-82
2026-09-08T07:55:07.0514007Z  * [new branch]      phase-1/p1-o09-review-plan-issue-82 -> origin/phase-1/p1-o09-review-plan-issue-82
2026-09-08T07:55:07.0514661Z  * [new branch]      remediation/m0-governance-hardening -> origin/remediation/m0-governance-hardening
2026-09-08T07:55:07.0515354Z  * [new branch]      remediation/m0-preimplementation-governance -> origin/remediation/m0-preimplementation-governance
2026-09-08T07:55:07.0516040Z  * [new branch]      remediation/p1-o06-windows-acl-native -> origin/remediation/p1-o06-windows-acl-native
2026-09-08T07:55:07.0516991Z  * [new branch]      transition/p1-o02-dynamic-contract-qualification-issue-60 -> origin/transition/p1-o02-dynamic-contract-qualification-issue-60
2026-09-08T07:55:07.0518842Z [command]"C:\Program Files\Git\bin\git.exe" rev-parse --verify --quiet 3777bda86f090ac75a3382b8b310da17737dc257^{object}
2026-09-08T07:55:07.0884478Z 3777bda86f090ac75a3382b8b310da17737dc257
2026-09-08T07:55:07.0920299Z ##[endgroup]
2026-09-08T07:55:07.0921010Z ##[group]Determining the checkout info
2026-09-08T07:55:07.0921679Z ##[endgroup]
2026-09-08T07:55:07.0929616Z [command]"C:\Program Files\Git\bin\git.exe" sparse-checkout disable
2026-09-08T07:55:07.1327574Z [command]"C:\Program Files\Git\bin\git.exe" config --local --unset-all extensions.worktreeConfig
2026-09-08T07:55:07.1573838Z ##[group]Checking out the ref
2026-09-08T07:55:07.1581833Z [command]"C:\Program Files\Git\bin\git.exe" checkout --progress --force 3777bda86f090ac75a3382b8b310da17737dc257
2026-09-08T07:55:07.3475498Z Note: switching to '3777bda86f090ac75a3382b8b310da17737dc257'.
2026-09-08T07:55:07.3476041Z 
2026-09-08T07:55:07.3476397Z You are in 'detached HEAD' state. You can look around, make experimental
2026-09-08T07:55:07.3477034Z changes and commit them, and you can discard any commits you make in this
2026-09-08T07:55:07.3477765Z state without impacting any branches by switching back to a branch.
2026-09-08T07:55:07.3478240Z 
2026-09-08T07:55:07.3478688Z If you want to create a new branch to retain commits you create, you may
2026-09-08T07:55:07.3479457Z do so (now or later) by using -c with the switch command. Example:
2026-09-08T07:55:07.3479947Z 
2026-09-08T07:55:07.3480240Z   git switch -c <new-branch-name>
2026-09-08T07:55:07.3480556Z 
2026-09-08T07:55:07.3480736Z Or undo this operation with:
2026-09-08T07:55:07.3480969Z 
2026-09-08T07:55:07.3481095Z   git switch -
2026-09-08T07:55:07.3481312Z 
2026-09-08T07:55:07.3481516Z Turn off this advice by setting config variable advice.detachedHead to false
2026-09-08T07:55:07.3482763Z 
2026-09-08T07:55:07.3483129Z HEAD is now at 3777bda docs(phase-1): normalize receipt timing and handoff formatting
2026-09-08T07:55:07.3599541Z ##[endgroup]
2026-09-08T07:55:07.3940655Z [command]"C:\Program Files\Git\bin\git.exe" log -1 --format=%H
2026-09-08T07:55:07.5193241Z 3777bda86f090ac75a3382b8b310da17737dc257
2026-09-08T07:55:07.5621367Z Node 20 is being deprecated. This workflow is running with Node 24 by default. If you need to temporarily use Node 20, you can set the ACTIONS_ALLOW_USE_UNSECURE_NODE_VERSION=true environment variable. For more information see: https://github.blog/changelog/2025-09-19-deprecation-of-node-20-on-github-actions-runners/
2026-09-08T07:55:07.5623185Z ##[group]Run actions/setup-node@49933ea5288caeca8642d1e84afbd3f7d6820020
2026-09-08T07:55:07.5623584Z with:
2026-09-08T07:55:07.5623864Z   node-version: 24.19.0
2026-09-08T07:55:07.5624143Z   check-latest: false
2026-09-08T07:55:07.5624412Z   always-auth: false
2026-09-08T07:55:07.5626579Z   token: ***
2026-09-08T07:55:07.5626810Z env:
2026-09-08T07:55:07.5627121Z   TARGET_SHA: 3777bda86f090ac75a3382b8b310da17737dc257
2026-09-08T07:55:07.5627466Z ##[endgroup]
2026-09-08T07:55:07.7141643Z Found in cache @ C:\hostedtoolcache\windows\node\24.19.0\x64
2026-09-08T07:55:07.7148375Z (node:2064) [DEP0040] DeprecationWarning: The `punycode` module is deprecated. Please use a userland alternative instead.
2026-09-08T07:55:07.7149266Z (Use `node --trace-deprecation ...` to show where the warning was created)
2026-09-08T07:55:07.7151524Z ##[group]Environment details
2026-09-08T07:55:22.9100865Z node: v24.19.0
2026-09-08T07:55:22.9101622Z npm: 11.17.0
2026-09-08T07:55:22.9102118Z yarn: 1.22.22
2026-09-08T07:55:22.9104644Z ##[endgroup]
2026-09-08T07:55:22.9393941Z ##[group]Run corepack enable
2026-09-08T07:55:22.9394447Z [36;1mcorepack enable[0m
2026-09-08T07:55:22.9394784Z [36;1mcorepack install --global pnpm@11.24.0[0m
2026-09-08T07:55:23.4795612Z shell: C:\Program Files\PowerShell\7\pwsh.EXE -command ". '{0}'"
2026-09-08T07:55:23.4796116Z env:
2026-09-08T07:55:23.4796484Z   TARGET_SHA: 3777bda86f090ac75a3382b8b310da17737dc257
2026-09-08T07:55:23.4796917Z ##[endgroup]
2026-09-08T07:55:24.3225352Z Installing pnpm@11.24.0...
2026-09-08T07:55:35.6621237Z ##[group]Run pnpm install --frozen-lockfile
2026-09-08T07:55:35.6621734Z [36;1mpnpm install --frozen-lockfile[0m
2026-09-08T07:55:35.6622046Z [36;1mpnpm run build[0m
2026-09-08T07:55:35.6622450Z [36;1mpnpm exec vitest run --config tests/qualification/packaging/vitest.config.mjs[0m
2026-09-08T07:55:35.6623005Z [36;1mnode scripts/toolchain/qualify-required-packaging.mjs[0m
2026-09-08T07:55:35.6699423Z shell: C:\Program Files\PowerShell\7\pwsh.EXE -command ". '{0}'"
2026-09-08T07:55:35.6699826Z env:
2026-09-08T07:55:35.6700121Z   TARGET_SHA: 3777bda86f090ac75a3382b8b310da17737dc257
2026-09-08T07:55:35.6700462Z ##[endgroup]
2026-09-08T07:55:37.9674287Z Scope: all 9 workspace projects
2026-09-08T07:55:38.3112169Z ? Verifying lockfile against supply-chain policies (407 entries)...
2026-09-08T07:55:38.3232869Z Lockfile is up to date, resolution step is skipped
2026-09-08T07:55:38.4202203Z Progress: resolved 1, reused 0, downloaded 0, added 0
2026-09-08T07:55:38.5836287Z Packages: +382
2026-09-08T07:55:38.5837059Z ++++++++++++++++++++++++++++++++++++++++++++++++++++++++++++++++++++++++++++++++
2026-09-08T07:55:39.2506616Z Packages are hard linked from the content-addressable store to the virtual store.
2026-09-08T07:55:39.2507496Z   Content-addressable store is at: D:\.pnpm-store\v11
2026-09-08T07:55:39.2508164Z   Virtual store is at:             node_modules/.pnpm
2026-09-08T07:55:39.4229320Z Progress: resolved 382, reused 0, downloaded 4, added 3
2026-09-08T07:55:40.4254610Z Progress: resolved 382, reused 0, downloaded 45, added 4
2026-09-08T07:55:41.4252381Z Progress: resolved 382, reused 0, downloaded 178, added 12
2026-09-08T07:55:42.4339299Z Progress: resolved 382, reused 0, downloaded 261, added 20
2026-09-08T07:55:43.4353193Z Progress: resolved 382, reused 0, downloaded 382, added 44
2026-09-08T07:55:43.6558895Z ✓ Lockfile passes supply-chain policies (407 entries in 5.3s)
2026-09-08T07:55:44.4341632Z Progress: resolved 382, reused 0, downloaded 382, added 322
2026-09-08T07:55:44.8613600Z Progress: resolved 382, reused 0, downloaded 382, added 382, done
2026-09-08T07:55:45.2843488Z .../node_modules/protobufjs postinstall$ node scripts/postinstall
2026-09-08T07:55:45.6836202Z .../node_modules/protobufjs postinstall: Done
2026-09-08T07:55:45.8310079Z [WARN] Failed to create bin at D:\a\-ai-software-engineering-os\-ai-software-engineering-os\node_modules\.bin\aseos-worker. ENOENT: no such file or directory, stat 'D:\a\-ai-software-engineering-os\-ai-software-engineering-os\apps\worker\dist\main.js.EXE'
2026-09-08T07:55:46.2946025Z 
2026-09-08T07:55:46.2946739Z dependencies:
2026-09-08T07:55:46.2947337Z + @aseos/contracts 0.1.0 <- packages\contracts
2026-09-08T07:55:46.2947876Z + @aseos/persistence 0.1.0 <- packages\persistence
2026-09-08T07:55:46.2948427Z + @aseos/platform 0.1.0 <- packages\platform
2026-09-08T07:55:46.2949093Z + @aseos/policy 0.1.0 <- packages\policy
2026-09-08T07:55:46.2949956Z + @aseos/windows-process-restricted 0.1.0 <- packages\adapters\tool\windows-process-restricted
2026-09-08T07:55:46.2950824Z + @aseos/worker 0.1.0 <- apps\worker
2026-09-08T07:55:46.2951084Z 
2026-09-08T07:55:46.2951255Z devDependencies:
2026-09-08T07:55:46.2951660Z + @eslint/js 10.0.1
2026-09-08T07:55:46.2952194Z + @opentelemetry/sdk-node 0.221.0
2026-09-08T07:55:46.2952666Z + @stryker-mutator/core 10.0.0
2026-09-08T07:55:46.2953222Z + @stryker-mutator/typescript-checker 10.0.0
2026-09-08T07:55:46.2953891Z + @stryker-mutator/vitest-runner 10.0.0
2026-09-08T07:55:46.2954353Z + @types/node 24.13.3
2026-09-08T07:55:46.2954735Z + ajv 8.20.0
2026-09-08T07:55:46.2955139Z + dependency-cruiser 18.2.0
2026-09-08T07:55:46.2955573Z + eslint 10.9.1
2026-09-08T07:55:46.2955937Z + fast-check 4.9.0
2026-09-08T07:55:46.2956392Z + prettier 3.9.6
2026-09-08T07:55:46.2956782Z + typescript 6.0.3
2026-09-08T07:55:46.2957195Z + typescript-eslint 8.68.0
2026-09-08T07:55:46.2957567Z + vitest 4.1.11
2026-09-08T07:55:46.2957783Z 
2026-09-08T07:55:46.3067753Z [WARN] Failed to create bin at D:\a\-ai-software-engineering-os\-ai-software-engineering-os\node_modules\.bin\aseos-worker. ENOENT: no such file or directory, stat 'D:\a\-ai-software-engineering-os\-ai-software-engineering-os\node_modules\@aseos\worker\dist\main.js.EXE'
2026-09-08T07:55:46.3997772Z Done in 10.3s using pnpm v11.24.0
2026-09-08T07:55:47.0176602Z $ tsc -b tsconfig.build.json --pretty false && node scripts/toolchain/copy-runtime-assets.mjs
2026-09-08T07:55:54.8086083Z 
2026-09-08T07:55:54.8090663Z [1m[30m[46m RUN [49m[39m[22m [36mv4.1.11 [39m[90mD:/a/-ai-software-engineering-os/-ai-software-engineering-os[39m
2026-09-08T07:55:54.8091221Z 
2026-09-08T07:55:55.8015072Z  [32m✓[39m tests/qualification/packaging/clean-windows-startup.test.mjs [2m([22m[2m5 tests[22m[2m | [22m[33m1 skipped[39m[2m)[22m[33m 404[2mms[22m[39m
2026-09-08T07:55:55.8016810Z    [33m[2m✓[22m[39m P1-V09 requires process exit and both discovery files to disappear [33m 398[2mms[22m[39m
2026-09-08T07:55:56.1927522Z  [32m✓[39m tests/qualification/packaging/network-guard.test.mjs [2m([22m[2m1 test[22m[2m)[22m[32m 128[2mms[22m[39m
2026-09-08T07:55:56.8465650Z  [32m✓[39m tests/qualification/packaging/manifest-verifier.test.mjs [2m([22m[2m14 tests[22m[2m)[22m[33m 1462[2mms[22m[39m
2026-09-08T07:55:56.8468508Z      [33m[2m✓[22m[39m verifies canonical identity, authority versions and every payload byte [33m 464[2mms[22m[39m
2026-09-08T07:55:59.9619112Z  [32m✓[39m tests/acceptance/release/artifact-assembly.acceptance.test.mjs [2m([22m[2m3 tests[22m[2m)[22m[33m 4567[2mms[22m[39m
2026-09-08T07:55:59.9621028Z      [33m[2m✓[22m[39m assembles the same self-contained payload in Unicode and space paths [33m 4560[2mms[22m[39m
2026-09-08T07:55:59.9653885Z 
2026-09-08T07:55:59.9659312Z [2m Test Files [22m [1m[32m4 passed[39m[22m[90m (4)[39m
2026-09-08T07:55:59.9661066Z [2m      Tests [22m [1m[32m22 passed[39m[22m[2m | [22m[33m1 skipped[39m[90m (23)[39m
2026-09-08T07:55:59.9661966Z [2m   Start at [22m 07:55:54
2026-09-08T07:55:59.9662978Z [2m   Duration [22m 5.15s[2m (transform 268ms, setup 0ms, import 416ms, tests 6.56s, environment 0ms)[22m
2026-09-08T07:55:59.9663723Z 
2026-09-08T07:56:03.2093137Z {"status":"PASS","output":"D:\\a\\_temp\\required-packaging\\artifact","frameworkVersion":"0.1.0","gitCommit":"3777bda86f090ac75a3382b8b310da17737dc257","buildId":"34200250486-1","payloadFiles":245,"payloadSizeBytes":93823289}
2026-09-08T07:56:03.6461122Z {"result":"PASS","frameworkVersion":"0.1.0","gitCommit":"3777bda86f090ac75a3382b8b310da17737dc257","buildId":"34200250486-1","manifestSha256":"7644d26cfea997a8e89bbc790100d66289163c94772516ec17d60a368fe94f0b","manifestSizeBytes":39540,"payloadFiles":245,"payloadSizeBytes":93823289}
2026-09-08T07:56:14.4457426Z ✔ P1-V09 removes development toolchain discovery from the runtime environment (0.8468ms)
2026-09-08T07:56:14.4458558Z ✔ P1-V09 refuses to report an expected code when verification failed differently (0.4801ms)
2026-09-08T07:56:14.4459357Z ✔ P1-V09 requires process exit and both discovery files to disappear (171.6176ms)
2026-09-08T07:56:14.4460156Z ✔ P1-V09 cleanup accepts only the exact packaged runtime entrypoint from audit logs (0.3342ms)
2026-09-08T07:56:14.4473431Z {"$schema":"urn:aseos:release-schema:packaging-evidence:1.0.0","schemaVersion":"1.0.0","operationId":"P1-O08","verificationStepId":"P1-V09-PACKAGING","recordedAt":"2026-09-08T07:56:14.399Z","subject":{"frameworkVersion":"0.1.0","gitCommit":"3777bda86f090ac75a3382b8b310da17737dc257","platform":"win32-x64"},"results":[{"evidenceType":"SelfContainedArtifactResult","result":"PASS","bundledRuntimeExecutable":"node/node.exe","pathWasEmpty":true,"developmentToolchainEnvironmentRemoved":true,"elevationRequested":false,"privilegedLocationUsed":false,"offlineStartup":true,"networkGuardMechanism":"NODE_OPTIONS_ESM_BUILTIN_NETWORK_GUARD_V1","negativeNonLoopbackProbeBlocked":true,"observedNonLoopbackOutboundAttempts":0,"observedLoopbackOperations":34,"runtimeGuardInstalled":true},{"evidenceType":"ReleaseManifestConsistencyResult","result":"PASS","payloadFileCount":245,"verifiedBeforeStartup":true,"verifiedAfterShutdown":true,"manifestSha256":"7644d26cfea997a8e89bbc790100d66289163c94772516ec17d60a368fe94f0b","verifiedManifestSha256Before":"7644d26cfea997a8e89bbc790100d66289163c94772516ec17d60a368fe94f0b","verifiedManifestSha256After":"7644d26cfea997a8e89bbc790100d66289163c94772516ec17d60a368fe94f0b","manifestSizeBytes":39540,"payloadSizeBytes":93823289,"tamperRejected":true,"missingPayloadRejected":true},{"evidenceType":"CleanWindowsStartupResult","result":"PASS","installRootClass":"UNICODE_AND_SPACE_TEMP_PATH","dataRootClass":"SEPARATE_UNICODE_AND_SPACE_TEMP_PATH","commands":["start","version","doctor","status","stop"],"releaseDataSeparated":true,"releasePayloadUnchanged":true,"processExited":true,"discoveryRemoved":true,"tokenRemoved":true,"commandResults":{"start":{"outcome":"STARTED","descriptor":{"schemaVersion":"1.0.0","instanceId":"01a08004-659b-7adb-b2ef-63de98b327dd","pid":8840,"startedAt":"2026-09-08T07:56:06.939Z","host":"127.0.0.1","port":57930,"apiVersions":["v1"],"frameworkVersion":"0.1.0","releaseId":"p1-v09-dee58bed-bd55-4fdd-a688-019109511bd1","tokenFileRef":"secrets/runtime/control-api.token"},"health":{"schemaVersion":"1.0.0","instanceId":"01a08004-659b-7adb-b2ef-63de98b327dd","readiness":"READY","runtimeVersion":"0.1.0","releaseId":"p1-v09-dee58bed-bd55-4fdd-a688-019109511bd1","stateVersion":0,"checkedAt":"2026-09-08T07:56:12.459Z","findings":[]}},"version":{"schemaVersion":"1.0.0","apiVersion":"v1","frameworkVersion":"0.1.0","releaseId":"p1-v09-dee58bed-bd55-4fdd-a688-019109511bd1","instanceId":"01a08004-659b-7adb-b2ef-63de98b327dd","requestId":"01a08004-7bcb-7e2a-bb96-a566261bfdbc","correlationId":"01a08004-7bcb-7e2a-bb96-a566261bfdbc"},"doctor":{"schemaVersion":"1.0.0","status":"PASS","findings":[],"requestId":"01a08004-7c74-7d20-ba95-00d4e897e99c","correlationId":"01a08004-7c74-7d20-ba95-00d4e897e99c"},"status":{"schemaVersion":"1.0.0","status":"READY","instanceId":"01a08004-659b-7adb-b2ef-63de98b327dd","uptimeMs":6009,"limits":{"authenticationRateLimit":{"capacity":20,"windowMs":60000},"idempotency":{"capacity":1024,"ttlMs":900000,"entries":0},"sse":{"connectionCapacity":8,"activeConnections":0,"retentionCapacity":512,"retainedNotifications":1,"heartbeatMs":15000}},"requestId":"01a08004-7d13-7051-991f-8f1b66ed23b4","correlationId":"01a08004-7d13-7051-991f-8f1b66ed23b4"},"stop":{"schemaVersion":"1.0.0","operationId":"01a08004-7db9-7ad8-b404-53277798967f","type":"RuntimeStop","status":"ACCEPTED","resourceUri":"/v1/operations/01a08004-7db9-7ad8-b404-53277798967f","evidenceRefs":[]},"tamper":{"expectedCode":"RELEASE_PAYLOAD_HASH_MISMATCH","rejected":true,"message":"RELEASE_PAYLOAD_HASH_MISMATCH: app/apps/cli/dist/index.d.ts: 126aac25d051402b9c7e9ae4f2d8277f901c4aee6a0f22f0d130d553fecc658d != 0a0269a1148134e468d01825d335491870893fab4e9732f1edaa400624aa2b18"},"missing":{"expectedCode":"RELEASE_PAYLOAD_MISSING","rejected":true,"message":"RELEASE_PAYLOAD_MISSING: app/apps/cli/dist/index.d.ts"}}}]}
2026-09-08T07:56:14.4519178Z ✔ P1-V09 starts the immutable artifact from Unicode and space-separated release/data roots (10556.7334ms)
2026-09-08T07:56:14.4520012Z ℹ tests 5
2026-09-08T07:56:14.4520435Z ℹ suites 0
2026-09-08T07:56:14.4520829Z ℹ pass 5
2026-09-08T07:56:14.4521185Z ℹ fail 0
2026-09-08T07:56:14.4521639Z ℹ cancelled 0
2026-09-08T07:56:14.4522075Z ℹ skipped 0
2026-09-08T07:56:14.4522548Z ℹ todo 0
2026-09-08T07:56:14.4522941Z ℹ duration_ms 10734.9283
2026-09-08T07:56:14.5082311Z ##[group]Run actions/upload-artifact@043fb46d1a93c77aae656e7c1c64a875d1fc6a0a
2026-09-08T07:56:14.5082788Z with:
2026-09-08T07:56:14.5083118Z   name: required-p1-v09-packaging-evidence
2026-09-08T07:56:14.5083526Z   path: D:\a\_temp/required-packaging/p1-v09-packaging.json
2026-09-08T07:56:14.5083931Z   if-no-files-found: error
2026-09-08T07:56:14.5084208Z   retention-days: 90
2026-09-08T07:56:14.5084460Z   compression-level: 6
2026-09-08T07:56:14.5084740Z   overwrite: false
2026-09-08T07:56:14.5085005Z   include-hidden-files: false
2026-09-08T07:56:14.5085275Z   archive: true
2026-09-08T07:56:14.5085535Z env:
2026-09-08T07:56:14.5085806Z   TARGET_SHA: 3777bda86f090ac75a3382b8b310da17737dc257
2026-09-08T07:56:14.5086135Z ##[endgroup]
2026-09-08T07:56:14.6752261Z With the provided path, there will be 1 file uploaded
2026-09-08T07:56:14.6757888Z Artifact name is valid!
2026-09-08T07:56:14.6759371Z Root directory input is valid!
2026-09-08T07:56:14.9392136Z Uploading artifact: required-p1-v09-packaging-evidence.zip
2026-09-08T07:56:14.9439889Z Beginning upload of artifact content to blob storage
2026-09-08T07:56:15.1143133Z Uploaded bytes 1883
2026-09-08T07:56:15.1792959Z Finished uploading artifact content to blob storage!
2026-09-08T07:56:15.1794453Z SHA256 digest of uploaded artifact is 622a41a75e54dccd401d7a67c3d93e650ebac291746dd59ace048709560dc466
2026-09-08T07:56:15.1795974Z Finalizing artifact upload
2026-09-08T07:56:15.4862971Z Artifact required-p1-v09-packaging-evidence successfully finalized. Artifact ID 10046111213
2026-09-08T07:56:15.4864462Z Artifact required-p1-v09-packaging-evidence has been successfully uploaded! Final size is 1883 bytes. Artifact ID is 10046111213
2026-09-08T07:56:15.4870424Z Artifact download URL: https://github.com/olu37776-bit/-ai-software-engineering-os/actions/runs/34200250486/artifacts/10046111213
2026-09-08T07:56:15.5200605Z Node 20 is being deprecated. This workflow is running with Node 24 by default. If you need to temporarily use Node 20, you can set the ACTIONS_ALLOW_USE_UNSECURE_NODE_VERSION=true environment variable. For more information see: https://github.blog/changelog/2025-09-19-deprecation-of-node-20-on-github-actions-runners/
2026-09-08T07:56:15.5202344Z Post job cleanup.
2026-09-08T07:56:15.6511306Z (node:2832) [DEP0040] DeprecationWarning: The `punycode` module is deprecated. Please use a userland alternative instead.
2026-09-08T07:56:15.6512136Z (Use `node --trace-deprecation ...` to show where the warning was created)
2026-09-08T07:56:15.6811662Z Node 20 is being deprecated. This workflow is running with Node 24 by default. If you need to temporarily use Node 20, you can set the ACTIONS_ALLOW_USE_UNSECURE_NODE_VERSION=true environment variable. For more information see: https://github.blog/changelog/2025-09-19-deprecation-of-node-20-on-github-actions-runners/
2026-09-08T07:56:15.6812976Z Post job cleanup.
2026-09-08T07:56:15.8340792Z [command]"C:\Program Files\Git\bin\git.exe" version
2026-09-08T07:56:15.8598554Z git version 2.55.0.windows.5
2026-09-08T07:56:15.8656479Z Temporarily overriding HOME='D:\a\_temp\03117a9a-bf0c-4f66-9f88-8076bc86c645' before making global git config changes
2026-09-08T07:56:15.8657760Z Adding repository directory to the temporary git global config as a safe directory
2026-09-08T07:56:15.8668663Z [command]"C:\Program Files\Git\bin\git.exe" config --global --add safe.directory D:\a\-ai-software-engineering-os\-ai-software-engineering-os
2026-09-08T07:56:15.8948393Z [command]"C:\Program Files\Git\bin\git.exe" config --local --name-only --get-regexp core\.sshCommand
2026-09-08T07:56:15.9249682Z [command]"C:\Program Files\Git\bin\git.exe" submodule foreach --recursive "sh -c \"git config --local --name-only --get-regexp 'core\.sshCommand' && git config --local --unset-all 'core.sshCommand' || :\""
2026-09-08T07:56:16.4338423Z [command]"C:\Program Files\Git\bin\git.exe" config --local --name-only --get-regexp http\.https\:\/\/github\.com\/\.extraheader
2026-09-08T07:56:16.4566813Z http.https://github.com/.extraheader
2026-09-08T07:56:16.4607908Z [command]"C:\Program Files\Git\bin\git.exe" config --local --unset-all http.https://github.com/.extraheader
2026-09-08T07:56:16.4875604Z [command]"C:\Program Files\Git\bin\git.exe" submodule foreach --recursive "sh -c \"git config --local --name-only --get-regexp 'http\.https\:\/\/github\.com\/\.extraheader' && git config --local --unset-all 'http.https://github.com/.extraheader' || :\""
2026-09-08T07:56:16.9892175Z Cleaning up orphan processes
2026-09-08T07:56:17.0283431Z ##[warning]Node.js 20 is deprecated. The following actions target Node.js 20 but are being forced to run on Node.js 24: actions/checkout@11bd71901bbe5b1630ceea73d27597364c9af683, actions/setup-node@49933ea5288caeca8642d1e84afbd3f7d6820020. For more information see: https://github.blog/changelog/2025-09-19-deprecation-of-node-20-on-github-actions-runners/

