
 RUN  v4.1.11 /workspace/scratch/5fb93e787236/p1-o09-final-source

 ✓ tests/qualification/policy/p1-v05-policy.test.mjs (16 tests) 236ms
 ✓ tests/contract/phase-1-integration.test.mjs (1 test) 1537ms
   ✓ canonical JSON rejection reaches the durable journal boundary without partial writes  1534ms
 ✓ tests/qualification/policy/integrated-mutation.test.mjs (2 tests) 2666ms
   ✓ the compiled canonical Policy owner kills eight behavioral mutations while valid ALLOW survives  1681ms
   ✓ logical mutation identity survives a different checkout directory and CRLF emit bytes  982ms
 ✓ tests/contract/review-remediation.test.mjs (29 tests) 5310ms
   ✓ type consistency detects operator drift below allOf and multiple local references  4101ms
 ✓ tests/qualification/persistence/review-remediation.test.mjs (6 tests) 7992ms
   ✓ rejects events payload schema identity, hash and content before any durable write  1567ms
   ✓ rejects outbox payload schema identity, hash and content before any durable write  860ms
   ✓ caller mutation after commit starts cannot replace a validated payload  733ms
   ✓ invalid busy timeout leaves a healthy database byte-identical and immediately reopenable  2312ms
   ✓ an existing truncated database is quarantined instead of initialized as an empty authority  2002ms
   ✓ an operational open failure preserves the original path without a corruption marker  513ms
 ✓ tests/qualification/control-api/review-remediation.test.mjs (8 tests) 9082ms
   ✓ concurrent lock losers cannot remove a live owner's claim or metadata  4929ms
   ✓ separate processes elect one owner and recover a killed owner's unique claim  3247ms
   ✓ timed-out unfinished bodies close their socket and release capacity exactly once  701ms
 ✓ tests/qualification/toolchain/review-remediation.test.mjs (6 tests) 10857ms
   ✓ the actual required Gate shell rejects failed, cancelled, skipped and missing prerequisites  358ms
   ✓ the authority build restores runtime-loaded assets even with up-to-date TypeScript outputs  1908ms
   ✓ CI evidence binds the checked-out subject and rejects a mismatching requested target  5723ms
   ✓ M0 rejects an actual invalid implementation receipt instead of checking only its schema  1534ms
   ✓ M0 rejects a schema-valid self-declared integrated PASS without independent evidence  1315ms

 Test Files  7 passed (7)
      Tests  68 passed (68)
   Start at  17:26:14
   Duration  11.88s (transform 5.22s, setup 0ms, import 6.74s, tests 37.68s, environment 2ms)

