
 RUN  v4.1.11 /workspace/scratch/5fb93e787236/p1-o09-subject

 ✓ tests/qualification/policy/p1-v05-policy.test.mjs (16 tests) 227ms
 ✓ tests/qualification/policy/integrated-mutation.test.mjs (1 test) 2230ms
   ✓ the compiled canonical Policy owner kills eight behavioral mutations while valid ALLOW survives  2226ms
 ✓ tests/contract/phase-1-integration.test.mjs (1 test) 1630ms
   ✓ canonical JSON rejection reaches the durable journal boundary without partial writes  1621ms
 ✓ tests/contract/review-remediation.test.mjs (29 tests) 5631ms
   ✓ type consistency detects operator drift below allOf and multiple local references  4364ms
 ✓ tests/qualification/persistence/review-remediation.test.mjs (6 tests) 8459ms
   ✓ rejects events payload schema identity, hash and content before any durable write  1746ms
   ✓ rejects outbox payload schema identity, hash and content before any durable write  879ms
   ✓ caller mutation after commit starts cannot replace a validated payload  757ms
   ✓ invalid busy timeout leaves a healthy database byte-identical and immediately reopenable  2491ms
   ✓ an existing truncated database is quarantined instead of initialized as an empty authority  2028ms
   ✓ an operational open failure preserves the original path without a corruption marker  555ms
 ✓ tests/qualification/control-api/review-remediation.test.mjs (8 tests) 9785ms
   ✓ concurrent lock losers cannot remove a live owner's claim or metadata  5778ms
   ✓ separate processes elect one owner and recover a killed owner's unique claim  3090ms
   ✓ timed-out unfinished bodies close their socket and release capacity exactly once  699ms
 ✓ tests/qualification/toolchain/review-remediation.test.mjs (6 tests) 11718ms
   ✓ the actual required Gate shell rejects failed, cancelled, skipped and missing prerequisites  388ms
   ✓ the authority build restores runtime-loaded assets even with up-to-date TypeScript outputs  2060ms
   ✓ CI evidence binds the checked-out subject and rejects a mismatching requested target  5827ms
   ✓ M0 rejects an actual invalid implementation receipt instead of checking only its schema  1518ms
   ✓ M0 rejects a schema-valid self-declared integrated PASS without independent evidence  1907ms

 Test Files  7 passed (7)
      Tests  67 passed (67)
   Start at  17:10:07
   Duration  12.73s (transform 5.16s, setup 0ms, import 6.08s, tests 39.68s, environment 1ms)

