2026-09-08T06:53:50.2846335Z Current runner version: '2.337.0'
2026-09-08T06:53:50.3035593Z ##[group]Runner Image Provisioner
2026-09-08T06:53:50.3036420Z Hosted Compute Agent
2026-09-08T06:53:50.3037056Z Version: 20260819.586
2026-09-08T06:53:50.3037661Z Commit: 3cc4a88dfa507ef76119ad1bb3eccc6378bb2b76
2026-09-08T06:53:50.3038360Z Build Date: 2026-08-18T23:20:18Z
2026-09-08T06:53:50.3039084Z Worker ID: {8954bc89-8f2f-4066-b76f-dc8408961703}
2026-09-08T06:53:50.3039779Z Azure Region: eastus2
2026-09-08T06:53:50.3040322Z ##[endgroup]
2026-09-08T06:53:50.3041730Z ##[group]Operating System
2026-09-08T06:53:50.3042354Z Microsoft Windows Server 2025
2026-09-08T06:53:50.3042961Z 10.0.26100
2026-09-08T06:53:50.3043529Z Datacenter
2026-09-08T06:53:50.3044056Z ##[endgroup]
2026-09-08T06:53:50.3044633Z ##[group]Runner Image
2026-09-08T06:53:50.3045206Z Image: windows-2025-vs2026
2026-09-08T06:53:50.3045800Z Version: 20260824.214.3
2026-09-08T06:53:50.3047303Z Included Software: https://github.com/actions/runner-images/blob/win25-vs2026/20260824.214/images/windows/Windows2025-VS2026-Readme.md
2026-09-08T06:53:50.3048932Z Image Release: https://github.com/actions/runner-images/releases/tag/win25-vs2026%2F20260824.214
2026-09-08T06:53:50.3049904Z ##[endgroup]
2026-09-08T06:53:50.3051012Z ##[group]GITHUB_TOKEN Permissions
2026-09-08T06:53:50.3052874Z Contents: read
2026-09-08T06:53:50.3053896Z Metadata: read
2026-09-08T06:53:50.3054464Z ##[endgroup]
2026-09-08T06:53:50.3056648Z Secret source: Actions
2026-09-08T06:53:50.3057693Z Prepare workflow directory
2026-09-08T06:53:50.4047919Z Prepare all required actions
2026-09-08T06:53:50.4102192Z Getting action download info
2026-09-08T06:53:50.5730308Z Download action repository 'actions/checkout@3d3c42e5aac5ba805825da76410c181273ba90b1' (SHA:3d3c42e5aac5ba805825da76410c181273ba90b1)
2026-09-08T06:53:50.7328949Z Download action repository 'actions/setup-node@820762786026740c76f36085b0efc47a31fe5020' (SHA:820762786026740c76f36085b0efc47a31fe5020)
2026-09-08T06:53:50.9521688Z Download action repository 'actions/download-artifact@3e5f45b2cfb9172054b4087a40e8e0b5a5461e7c' (SHA:3e5f45b2cfb9172054b4087a40e8e0b5a5461e7c)
2026-09-08T06:53:51.2980314Z Download action repository 'actions/upload-artifact@043fb46d1a93c77aae656e7c1c64a875d1fc6a0a' (SHA:043fb46d1a93c77aae656e7c1c64a875d1fc6a0a)
2026-09-08T06:53:51.8262876Z Complete job name: P1-V09 clean Windows startup
2026-09-08T06:53:52.3360230Z ##[group]Run actions/checkout@3d3c42e5aac5ba805825da76410c181273ba90b1
2026-09-08T06:53:52.3361845Z with:
2026-09-08T06:53:52.3362363Z   ref: db310b1d33324e72ba7767eb66760e4e54c8e1bd
2026-09-08T06:53:52.3363144Z   repository: olu37776-bit/-ai-software-engineering-os
2026-09-08T06:53:52.3368287Z   token: ***
2026-09-08T06:53:52.3368757Z   ssh-strict: true
2026-09-08T06:53:52.3369225Z   ssh-user: git
2026-09-08T06:53:52.3369694Z   persist-credentials: true
2026-09-08T06:53:52.3370236Z   clean: true
2026-09-08T06:53:52.3370709Z   sparse-checkout-cone-mode: true
2026-09-08T06:53:52.3371284Z   fetch-depth: 1
2026-09-08T06:53:52.3371788Z   fetch-tags: false
2026-09-08T06:53:52.3372273Z   show-progress: true
2026-09-08T06:53:52.3372754Z   lfs: false
2026-09-08T06:53:52.3373184Z   submodules: false
2026-09-08T06:53:52.3373689Z   set-safe-directory: true
2026-09-08T06:53:52.3374236Z   allow-unsafe-pr-checkout: false
2026-09-08T06:53:52.3375041Z env:
2026-09-08T06:53:52.3375510Z   NODE_VERSION: 24.19.0
2026-09-08T06:53:52.3376002Z   PNPM_VERSION: 11.24.0
2026-09-08T06:53:52.3376733Z   QUALIFICATION_VERSION: 0.1.0
2026-09-08T06:53:52.3377463Z   QUALIFICATION_SUBJECT: db310b1d33324e72ba7767eb66760e4e54c8e1bd
2026-09-08T06:53:52.3378237Z ##[endgroup]
2026-09-08T06:53:52.7957368Z Syncing repository: olu37776-bit/-ai-software-engineering-os
2026-09-08T06:53:52.7960291Z ##[group]Getting Git version info
2026-09-08T06:53:52.7961870Z Working directory is 'D:\a\-ai-software-engineering-os\-ai-software-engineering-os'
2026-09-08T06:53:52.8871439Z [command]"C:\Program Files\Git\bin\git.exe" version
2026-09-08T06:53:53.8430619Z git version 2.55.0.windows.5
2026-09-08T06:53:53.8478655Z ##[endgroup]
2026-09-08T06:53:53.8512016Z Temporarily overriding HOME='D:\a\_temp\685a6b1d-6b76-4eb4-a446-635b8be6e090' before making global git config changes
2026-09-08T06:53:53.8512882Z Adding repository directory to the temporary git global config as a safe directory
2026-09-08T06:53:53.8513887Z [command]"C:\Program Files\Git\bin\git.exe" config --global --add safe.directory D:\a\-ai-software-engineering-os\-ai-software-engineering-os
2026-09-08T06:53:53.9089518Z Deleting the contents of 'D:\a\-ai-software-engineering-os\-ai-software-engineering-os'
2026-09-08T06:53:53.9094887Z ##[group]Determining repository object format
2026-09-08T06:53:53.9096966Z ##[endgroup]
2026-09-08T06:53:53.9097889Z ##[group]Initializing the repository
2026-09-08T06:53:53.9108290Z [command]"C:\Program Files\Git\bin\git.exe" init D:\a\-ai-software-engineering-os\-ai-software-engineering-os
2026-09-08T06:53:54.0011617Z Initialized empty Git repository in D:/a/-ai-software-engineering-os/-ai-software-engineering-os/.git/
2026-09-08T06:53:54.0059513Z [command]"C:\Program Files\Git\bin\git.exe" remote add origin https://github.com/olu37776-bit/-ai-software-engineering-os
2026-09-08T06:53:54.0679697Z ##[endgroup]
2026-09-08T06:53:54.0680555Z ##[group]Disabling automatic garbage collection
2026-09-08T06:53:54.0690313Z [command]"C:\Program Files\Git\bin\git.exe" config --local gc.auto 0
2026-09-08T06:53:54.0995827Z ##[endgroup]
2026-09-08T06:53:54.0996661Z ##[group]Setting up auth
2026-09-08T06:53:54.0997325Z Removing SSH command configuration
2026-09-08T06:53:54.1008879Z [command]"C:\Program Files\Git\bin\git.exe" config --local --name-only --get-regexp core\.sshCommand
2026-09-08T06:53:54.1309299Z [command]"C:\Program Files\Git\bin\git.exe" submodule foreach --recursive "sh -c \"git config --local --name-only --get-regexp 'core\.sshCommand' && git config --local --unset-all 'core.sshCommand' || :\""
2026-09-08T06:53:55.4975118Z Removing HTTP extra header
2026-09-08T06:53:55.4989270Z [command]"C:\Program Files\Git\bin\git.exe" config --local --name-only --get-regexp http\.https\:\/\/github\.com\/\.extraheader
2026-09-08T06:53:55.5351345Z [command]"C:\Program Files\Git\bin\git.exe" submodule foreach --recursive "sh -c \"git config --local --name-only --get-regexp 'http\.https\:\/\/github\.com\/\.extraheader' && git config --local --unset-all 'http.https://github.com/.extraheader' || :\""
2026-09-08T06:53:56.0792333Z Removing includeIf entries pointing to credentials config files
2026-09-08T06:53:56.0804419Z [command]"C:\Program Files\Git\bin\git.exe" config --local --name-only --get-regexp ^includeIf\.gitdir:
2026-09-08T06:53:56.1123016Z [command]"C:\Program Files\Git\bin\git.exe" submodule foreach --recursive "git config --local --show-origin --name-only --get-regexp remote.origin.url"
2026-09-08T06:53:56.6394482Z [command]"C:\Program Files\Git\bin\git.exe" config --file D:\a\_temp\git-credentials-9a6bd33a-9156-42e8-b352-7b37dd5815f7.config http.https://github.com/.extraheader "AUTHORIZATION: basic ***"
2026-09-08T06:53:56.6717154Z [command]"C:\Program Files\Git\bin\git.exe" config --local includeIf.gitdir:D:/a/-ai-software-engineering-os/-ai-software-engineering-os/.git.path D:\a\_temp\git-credentials-9a6bd33a-9156-42e8-b352-7b37dd5815f7.config
2026-09-08T06:53:56.7023616Z [command]"C:\Program Files\Git\bin\git.exe" config --local includeIf.gitdir:D:/a/-ai-software-engineering-os/-ai-software-engineering-os/.git/worktrees/*.path D:\a\_temp\git-credentials-9a6bd33a-9156-42e8-b352-7b37dd5815f7.config
2026-09-08T06:53:56.7380527Z [command]"C:\Program Files\Git\bin\git.exe" config --local includeIf.gitdir:/github/workspace/.git.path /github/runner_temp/git-credentials-9a6bd33a-9156-42e8-b352-7b37dd5815f7.config
2026-09-08T06:53:56.7679059Z [command]"C:\Program Files\Git\bin\git.exe" config --local includeIf.gitdir:/github/workspace/.git/worktrees/*.path /github/runner_temp/git-credentials-9a6bd33a-9156-42e8-b352-7b37dd5815f7.config
2026-09-08T06:53:56.7968407Z ##[endgroup]
2026-09-08T06:53:56.7968779Z ##[group]Fetching the repository
2026-09-08T06:53:56.7980133Z [command]"C:\Program Files\Git\bin\git.exe" -c protocol.version=2 fetch --no-tags --prune --no-recurse-submodules --depth=1 origin db310b1d33324e72ba7767eb66760e4e54c8e1bd
2026-09-08T06:53:57.8141468Z From https://github.com/olu37776-bit/-ai-software-engineering-os
2026-09-08T06:53:57.8142747Z  * branch            db310b1d33324e72ba7767eb66760e4e54c8e1bd -> FETCH_HEAD
2026-09-08T06:53:57.8197327Z [command]"C:\Program Files\Git\bin\git.exe" rev-parse --verify --quiet db310b1d33324e72ba7767eb66760e4e54c8e1bd^{object}
2026-09-08T06:53:57.8576497Z db310b1d33324e72ba7767eb66760e4e54c8e1bd
2026-09-08T06:53:57.8613705Z ##[endgroup]
2026-09-08T06:53:57.8614084Z ##[group]Determining the checkout info
2026-09-08T06:53:57.8614738Z ##[endgroup]
2026-09-08T06:53:57.8623006Z [command]"C:\Program Files\Git\bin\git.exe" sparse-checkout disable
2026-09-08T06:53:57.9062309Z [command]"C:\Program Files\Git\bin\git.exe" config --local --unset-all extensions.worktreeConfig
2026-09-08T06:53:57.9356026Z ##[group]Checking out the ref
2026-09-08T06:53:57.9366939Z [command]"C:\Program Files\Git\bin\git.exe" checkout --progress --force db310b1d33324e72ba7767eb66760e4e54c8e1bd
2026-09-08T06:53:58.1761646Z Note: switching to 'db310b1d33324e72ba7767eb66760e4e54c8e1bd'.
2026-09-08T06:53:58.1762078Z 
2026-09-08T06:53:58.1762378Z You are in 'detached HEAD' state. You can look around, make experimental
2026-09-08T06:53:58.1763107Z changes and commit them, and you can discard any commits you make in this
2026-09-08T06:53:58.1763773Z state without impacting any branches by switching back to a branch.
2026-09-08T06:53:58.1764199Z 
2026-09-08T06:53:58.1764470Z If you want to create a new branch to retain commits you create, you may
2026-09-08T06:53:58.1765131Z do so (now or later) by using -c with the switch command. Example:
2026-09-08T06:53:58.1765483Z 
2026-09-08T06:53:58.1765652Z   git switch -c <new-branch-name>
2026-09-08T06:53:58.1766084Z 
2026-09-08T06:53:58.1766183Z Or undo this operation with:
2026-09-08T06:53:58.1766333Z 
2026-09-08T06:53:58.1766433Z   git switch -
2026-09-08T06:53:58.1766544Z 
2026-09-08T06:53:58.1766758Z Turn off this advice by setting config variable advice.detachedHead to false
2026-09-08T06:53:58.1767065Z 
2026-09-08T06:53:58.1924716Z HEAD is now at db310b1 Merge independently qualified P1-O08 Issue 82 remediation
2026-09-08T06:53:58.1975187Z ##[endgroup]
2026-09-08T06:53:58.2442085Z [command]"C:\Program Files\Git\bin\git.exe" log -1 --format=%H
2026-09-08T06:53:58.2657998Z db310b1d33324e72ba7767eb66760e4e54c8e1bd
2026-09-08T06:53:58.5278203Z ##[group]Run actions/setup-node@820762786026740c76f36085b0efc47a31fe5020
2026-09-08T06:53:58.5278639Z with:
2026-09-08T06:53:58.5278842Z   node-version: 24.19.0
2026-09-08T06:53:58.5279057Z   check-latest: false
2026-09-08T06:53:58.5281739Z   token: ***
2026-09-08T06:53:58.5281950Z   package-manager-cache: true
2026-09-08T06:53:58.5282188Z env:
2026-09-08T06:53:58.5282360Z   NODE_VERSION: 24.19.0
2026-09-08T06:53:58.5282565Z   PNPM_VERSION: 11.24.0
2026-09-08T06:53:58.5282776Z   QUALIFICATION_VERSION: 0.1.0
2026-09-08T06:53:58.5283091Z   QUALIFICATION_SUBJECT: db310b1d33324e72ba7767eb66760e4e54c8e1bd
2026-09-08T06:53:58.5283432Z ##[endgroup]
2026-09-08T06:53:58.7232617Z Found in cache @ C:\hostedtoolcache\windows\node\24.19.0\x64
2026-09-08T06:53:58.7239372Z ##[group]Environment details
2026-09-08T06:54:04.0854212Z node: v24.19.0
2026-09-08T06:54:04.0855064Z npm: 11.17.0
2026-09-08T06:54:04.0855342Z yarn: 1.22.22
2026-09-08T06:54:04.0855959Z ##[endgroup]
2026-09-08T06:54:04.2928058Z ##[group]Run actions/download-artifact@3e5f45b2cfb9172054b4087a40e8e0b5a5461e7c
2026-09-08T06:54:04.2928534Z with:
2026-09-08T06:54:04.2928745Z   name: aseos-windows-x64-qualification
2026-09-08T06:54:04.2929020Z   path: dist/aseos-windows-x64
2026-09-08T06:54:04.2929247Z   digest-mismatch: error
2026-09-08T06:54:04.2950327Z   merge-multiple: false
2026-09-08T06:54:04.2950609Z   repository: olu37776-bit/-ai-software-engineering-os
2026-09-08T06:54:04.2950901Z   run-id: 34196662898
2026-09-08T06:54:04.2951102Z   skip-decompress: false
2026-09-08T06:54:04.2951304Z env:
2026-09-08T06:54:04.2951476Z   NODE_VERSION: 24.19.0
2026-09-08T06:54:04.2951672Z   PNPM_VERSION: 11.24.0
2026-09-08T06:54:04.2951881Z   QUALIFICATION_VERSION: 0.1.0
2026-09-08T06:54:04.2952180Z   QUALIFICATION_SUBJECT: db310b1d33324e72ba7767eb66760e4e54c8e1bd
2026-09-08T06:54:04.2952491Z ##[endgroup]
2026-09-08T06:54:04.5050177Z Downloading single artifact
2026-09-08T06:54:04.6063998Z Preparing to download the following artifacts:
2026-09-08T06:54:04.6065009Z - aseos-windows-x64-qualification (ID: 10044161568, Size: 35984823, Expected Digest: sha256:3fd80ee883a3979b659ba5aad55ff034669fea0d8e6722216421a23a4cc63dc7)
2026-09-08T06:54:04.7795136Z Redirecting to blob download url: https://productionresultssa0.blob.core.windows.net/actions-results/aeaddbce-d5c5-4013-8782-a9a7af4e63c0/workflow-job-run-629b8c41-64d6-53a1-a5da-2db65a394516/artifacts/c9e62c106b5b80920953866b4668c38f60bf59770b441605a96987613f7fa82a.zip
2026-09-08T06:54:04.7796691Z Starting download of artifact to: D:\a\-ai-software-engineering-os\-ai-software-engineering-os\dist\aseos-windows-x64
2026-09-08T06:54:04.8888257Z (node:8920) [DEP0005] DeprecationWarning: Buffer() is deprecated due to security and usability issues. Please use the Buffer.alloc(), Buffer.allocUnsafe(), or Buffer.from() methods instead.
2026-09-08T06:54:04.8889927Z (Use `node --trace-deprecation ...` to show where the warning was created)
2026-09-08T06:54:06.8633962Z SHA256 digest of downloaded artifact is 3fd80ee883a3979b659ba5aad55ff034669fea0d8e6722216421a23a4cc63dc7
2026-09-08T06:54:06.8635081Z Artifact download completed successfully.
2026-09-08T06:54:06.8635766Z Total of 1 artifact(s) downloaded
2026-09-08T06:54:06.8644630Z Download artifact has finished successfully
2026-09-08T06:54:07.0633162Z ##[group]Run Write-Output "qualification-artifact-digest=3fd80ee883a3979b659ba5aad55ff034669fea0d8e6722216421a23a4cc63dc7"
2026-09-08T06:54:07.0634187Z [36;1mWrite-Output "qualification-artifact-digest=3fd80ee883a3979b659ba5aad55ff034669fea0d8e6722216421a23a4cc63dc7"[0m
2026-09-08T06:54:07.2780806Z shell: C:\Program Files\PowerShell\7\pwsh.EXE -command ". '{0}'"
2026-09-08T06:54:07.2781201Z env:
2026-09-08T06:54:07.2781395Z   NODE_VERSION: 24.19.0
2026-09-08T06:54:07.2781612Z   PNPM_VERSION: 11.24.0
2026-09-08T06:54:07.2781819Z   QUALIFICATION_VERSION: 0.1.0
2026-09-08T06:54:07.2782143Z   QUALIFICATION_SUBJECT: db310b1d33324e72ba7767eb66760e4e54c8e1bd
2026-09-08T06:54:07.2782476Z ##[endgroup]
2026-09-08T06:54:07.7402316Z qualification-artifact-digest=3fd80ee883a3979b659ba5aad55ff034669fea0d8e6722216421a23a4cc63dc7
2026-09-08T06:54:08.5994691Z ##[group]Run node tests/qualification/packaging/clean-windows-startup.test.mjs
2026-09-08T06:54:08.5995380Z [36;1mnode tests/qualification/packaging/clean-windows-startup.test.mjs[0m
2026-09-08T06:54:08.6091026Z shell: C:\Program Files\PowerShell\7\pwsh.EXE -command ". '{0}'"
2026-09-08T06:54:08.6091383Z env:
2026-09-08T06:54:08.6091563Z   NODE_VERSION: 24.19.0
2026-09-08T06:54:08.6091767Z   PNPM_VERSION: 11.24.0
2026-09-08T06:54:08.6091983Z   QUALIFICATION_VERSION: 0.1.0
2026-09-08T06:54:08.6092307Z   QUALIFICATION_SUBJECT: db310b1d33324e72ba7767eb66760e4e54c8e1bd
2026-09-08T06:54:08.6092904Z   ASEOS_QUALIFICATION_ARTIFACT: D:\a\-ai-software-engineering-os\-ai-software-engineering-os\dist\aseos-windows-x64
2026-09-08T06:54:08.6093701Z   ASEOS_QUALIFICATION_EVIDENCE: D:\a\-ai-software-engineering-os\-ai-software-engineering-os\dist\evidence\p1-v09-packaging.json
2026-09-08T06:54:08.6094273Z   ASEOS_QUALIFICATION_EXPECTED_VERSION: 0.1.0
2026-09-08T06:54:08.6094727Z   ASEOS_QUALIFICATION_EXPECTED_GIT_COMMIT: db310b1d33324e72ba7767eb66760e4e54c8e1bd
2026-09-08T06:54:08.6095371Z   ASEOS_QUALIFICATION_TOOLCHAIN: D:\a\-ai-software-engineering-os\-ai-software-engineering-os\toolchain\toolchain.json
2026-09-08T06:54:08.6096092Z ##[endgroup]
2026-09-08T06:54:09.0511752Z ✔ P1-V09 removes development toolchain discovery from the runtime environment (5.2051ms)
2026-09-08T06:54:09.2279049Z ✔ P1-V09 refuses to report an expected code when verification failed differently (1.0441ms)
2026-09-08T06:54:09.2280002Z ✔ P1-V09 requires process exit and both discovery files to disappear (178.7364ms)
2026-09-08T06:54:09.2290120Z ✔ P1-V09 cleanup accepts only the exact packaged runtime entrypoint from audit logs (0.389ms)
2026-09-08T06:54:15.3059041Z {"$schema":"urn:aseos:release-schema:packaging-evidence:1.0.0","schemaVersion":"1.0.0","operationId":"P1-O08","verificationStepId":"P1-V09-PACKAGING","recordedAt":"2026-09-08T06:54:15.258Z","subject":{"frameworkVersion":"0.1.0","gitCommit":"db310b1d33324e72ba7767eb66760e4e54c8e1bd","platform":"win32-x64"},"results":[{"evidenceType":"SelfContainedArtifactResult","result":"PASS","bundledRuntimeExecutable":"node/node.exe","pathWasEmpty":true,"developmentToolchainEnvironmentRemoved":true,"elevationRequested":false,"privilegedLocationUsed":false,"offlineStartup":true,"networkGuardMechanism":"NODE_OPTIONS_ESM_BUILTIN_NETWORK_GUARD_V1","negativeNonLoopbackProbeBlocked":true,"observedNonLoopbackOutboundAttempts":0,"observedLoopbackOperations":34,"runtimeGuardInstalled":true},{"evidenceType":"ReleaseManifestConsistencyResult","result":"PASS","payloadFileCount":245,"verifiedBeforeStartup":true,"verifiedAfterShutdown":true,"manifestSha256":"ca0432eae19f8a5e86d632cfbeddf38fe43fd29d93ac92d36af8cf949aad127b","verifiedManifestSha256Before":"ca0432eae19f8a5e86d632cfbeddf38fe43fd29d93ac92d36af8cf949aad127b","verifiedManifestSha256After":"ca0432eae19f8a5e86d632cfbeddf38fe43fd29d93ac92d36af8cf949aad127b","manifestSizeBytes":39539,"payloadSizeBytes":93822859,"tamperRejected":true,"missingPayloadRejected":true},{"evidenceType":"CleanWindowsStartupResult","result":"PASS","installRootClass":"UNICODE_AND_SPACE_TEMP_PATH","dataRootClass":"SEPARATE_UNICODE_AND_SPACE_TEMP_PATH","commands":["start","version","doctor","status","stop"],"releaseDataSeparated":true,"releasePayloadUnchanged":true,"processExited":true,"discoveryRemoved":true,"tokenRemoved":true,"commandResults":{"start":{"outcome":"STARTED","descriptor":{"schemaVersion":"1.0.0","instanceId":"01a07fcb-b254-7850-a722-7518e08ed237","pid":6392,"startedAt":"2026-09-08T06:54:11.029Z","host":"127.0.0.1","port":50020,"apiVersions":["v1"],"frameworkVersion":"0.1.0","releaseId":"p1-v09-6866b0f2-f2cb-43ae-85aa-dc21f6d835a6","tokenFileRef":"secrets/runtime/control-api.token"},"health":{"schemaVersion":"1.0.0","instanceId":"01a07fcb-b254-7850-a722-7518e08ed237","readiness":"READY","runtimeVersion":"0.1.0","releaseId":"p1-v09-6866b0f2-f2cb-43ae-85aa-dc21f6d835a6","stateVersion":0,"checkedAt":"2026-09-08T06:54:13.196Z","findings":[]}},"version":{"schemaVersion":"1.0.0","apiVersion":"v1","frameworkVersion":"0.1.0","releaseId":"p1-v09-6866b0f2-f2cb-43ae-85aa-dc21f6d835a6","instanceId":"01a07fcb-b254-7850-a722-7518e08ed237","requestId":"01a07fcb-bb8a-7c21-8221-665694b60e32","correlationId":"01a07fcb-bb8a-7c21-8221-665694b60e32"},"doctor":{"schemaVersion":"1.0.0","status":"PASS","findings":[],"requestId":"01a07fcb-bc44-71d9-8235-2fe828ad562a","correlationId":"01a07fcb-bc44-71d9-8235-2fe828ad562a"},"status":{"schemaVersion":"1.0.0","status":"READY","instanceId":"01a07fcb-b254-7850-a722-7518e08ed237","uptimeMs":2740,"limits":{"authenticationRateLimit":{"capacity":20,"windowMs":60000},"idempotency":{"capacity":1024,"ttlMs":900000,"entries":0},"sse":{"connectionCapacity":8,"activeConnections":0,"retentionCapacity":512,"retainedNotifications":1,"heartbeatMs":15000}},"requestId":"01a07fcb-bd09-70e6-88f4-710c615be888","correlationId":"01a07fcb-bd09-70e6-88f4-710c615be888"},"stop":{"schemaVersion":"1.0.0","operationId":"01a07fcb-bdc7-72e9-b943-6481a8c0f597","type":"RuntimeStop","status":"ACCEPTED","resourceUri":"/v1/operations/01a07fcb-bdc7-72e9-b943-6481a8c0f597","evidenceRefs":[]},"tamper":{"expectedCode":"RELEASE_PAYLOAD_HASH_MISMATCH","rejected":true,"message":"RELEASE_PAYLOAD_HASH_MISMATCH: app/apps/cli/dist/index.d.ts: 126aac25d051402b9c7e9ae4f2d8277f901c4aee6a0f22f0d130d553fecc658d != 0a0269a1148134e468d01825d335491870893fab4e9732f1edaa400624aa2b18"},"missing":{"expectedCode":"RELEASE_PAYLOAD_MISSING","rejected":true,"message":"RELEASE_PAYLOAD_MISSING: app/apps/cli/dist/index.d.ts"}}}]}
2026-09-08T06:54:15.3074010Z ✔ P1-V09 starts the immutable artifact from Unicode and space-separated release/data roots (6074.7743ms)
2026-09-08T06:54:15.3074544Z ℹ tests 5
2026-09-08T06:54:15.3074751Z ℹ suites 0
2026-09-08T06:54:15.3075170Z ℹ pass 5
2026-09-08T06:54:15.3075462Z ℹ fail 0
2026-09-08T06:54:15.3075734Z ℹ cancelled 0
2026-09-08T06:54:15.3076009Z ℹ skipped 0
2026-09-08T06:54:15.3076288Z ℹ todo 0
2026-09-08T06:54:15.3076628Z ℹ duration_ms 6269.1033
2026-09-08T06:54:15.4536077Z ##[group]Run actions/upload-artifact@043fb46d1a93c77aae656e7c1c64a875d1fc6a0a
2026-09-08T06:54:15.4536540Z with:
2026-09-08T06:54:15.4536755Z   name: p1-v09-packaging-evidence
2026-09-08T06:54:15.4537060Z   path: dist/evidence/p1-v09-packaging.json
2026-09-08T06:54:15.4537344Z   if-no-files-found: error
2026-09-08T06:54:15.4537566Z   retention-days: 14
2026-09-08T06:54:15.4537783Z   compression-level: 6
2026-09-08T06:54:15.4537981Z   overwrite: false
2026-09-08T06:54:15.4538180Z   include-hidden-files: false
2026-09-08T06:54:15.4538400Z   archive: true
2026-09-08T06:54:15.4538574Z env:
2026-09-08T06:54:15.4538749Z   NODE_VERSION: 24.19.0
2026-09-08T06:54:15.4538951Z   PNPM_VERSION: 11.24.0
2026-09-08T06:54:15.4539154Z   QUALIFICATION_VERSION: 0.1.0
2026-09-08T06:54:15.4539466Z   QUALIFICATION_SUBJECT: db310b1d33324e72ba7767eb66760e4e54c8e1bd
2026-09-08T06:54:15.4539799Z ##[endgroup]
2026-09-08T06:54:15.6322693Z With the provided path, there will be 1 file uploaded
2026-09-08T06:54:15.6327926Z Artifact name is valid!
2026-09-08T06:54:15.6329304Z Root directory input is valid!
2026-09-08T06:54:15.8397298Z Uploading artifact: p1-v09-packaging-evidence.zip
2026-09-08T06:54:15.8444592Z Beginning upload of artifact content to blob storage
2026-09-08T06:54:15.9230830Z Uploaded bytes 1882
2026-09-08T06:54:15.9416218Z Finished uploading artifact content to blob storage!
2026-09-08T06:54:15.9417431Z SHA256 digest of uploaded artifact is 5cbc9b989736f3fb5e593a2c0e80f8489cf641f2097e1c27d021122450074bad
2026-09-08T06:54:15.9418292Z Finalizing artifact upload
2026-09-08T06:54:16.1579394Z Artifact p1-v09-packaging-evidence successfully finalized. Artifact ID 10044177096
2026-09-08T06:54:16.1581218Z Artifact p1-v09-packaging-evidence has been successfully uploaded! Final size is 1882 bytes. Artifact ID is 10044177096
2026-09-08T06:54:16.1589550Z Artifact download URL: https://github.com/olu37776-bit/-ai-software-engineering-os/actions/runs/34196662898/artifacts/10044177096
2026-09-08T06:54:16.1930024Z Post job cleanup.
2026-09-08T06:54:16.3647691Z Post job cleanup.
2026-09-08T06:54:16.5647882Z [command]"C:\Program Files\Git\bin\git.exe" version
2026-09-08T06:54:16.5918843Z git version 2.55.0.windows.5
2026-09-08T06:54:16.5980472Z Temporarily overriding HOME='D:\a\_temp\4b2cb171-65a3-4abc-90c4-720f271c1d21' before making global git config changes
2026-09-08T06:54:16.5981744Z Adding repository directory to the temporary git global config as a safe directory
2026-09-08T06:54:16.5991830Z [command]"C:\Program Files\Git\bin\git.exe" config --global --add safe.directory D:\a\-ai-software-engineering-os\-ai-software-engineering-os
2026-09-08T06:54:16.6281126Z Removing SSH command configuration
2026-09-08T06:54:16.6291408Z [command]"C:\Program Files\Git\bin\git.exe" config --local --name-only --get-regexp core\.sshCommand
2026-09-08T06:54:16.6601883Z [command]"C:\Program Files\Git\bin\git.exe" submodule foreach --recursive "sh -c \"git config --local --name-only --get-regexp 'core\.sshCommand' && git config --local --unset-all 'core.sshCommand' || :\""
2026-09-08T06:54:17.1826444Z Removing HTTP extra header
2026-09-08T06:54:17.1837759Z [command]"C:\Program Files\Git\bin\git.exe" config --local --name-only --get-regexp http\.https\:\/\/github\.com\/\.extraheader
2026-09-08T06:54:17.2144705Z [command]"C:\Program Files\Git\bin\git.exe" submodule foreach --recursive "sh -c \"git config --local --name-only --get-regexp 'http\.https\:\/\/github\.com\/\.extraheader' && git config --local --unset-all 'http.https://github.com/.extraheader' || :\""
2026-09-08T06:54:17.7653574Z Removing includeIf entries pointing to credentials config files
2026-09-08T06:54:17.7665001Z [command]"C:\Program Files\Git\bin\git.exe" config --local --name-only --get-regexp ^includeIf\.gitdir:
2026-09-08T06:54:17.7919703Z includeif.gitdir:D:/a/-ai-software-engineering-os/-ai-software-engineering-os/.git.path
2026-09-08T06:54:17.7920640Z includeif.gitdir:D:/a/-ai-software-engineering-os/-ai-software-engineering-os/.git/worktrees/*.path
2026-09-08T06:54:17.7921235Z includeif.gitdir:/github/workspace/.git.path
2026-09-08T06:54:17.7921667Z includeif.gitdir:/github/workspace/.git/worktrees/*.path
2026-09-08T06:54:17.7960324Z [command]"C:\Program Files\Git\bin\git.exe" config --local --get-all includeif.gitdir:D:/a/-ai-software-engineering-os/-ai-software-engineering-os/.git.path
2026-09-08T06:54:17.8212355Z D:\a\_temp\git-credentials-9a6bd33a-9156-42e8-b352-7b37dd5815f7.config
2026-09-08T06:54:17.8256377Z [command]"C:\Program Files\Git\bin\git.exe" config --local --unset includeif.gitdir:D:/a/-ai-software-engineering-os/-ai-software-engineering-os/.git.path D\:\\a\\_temp\\git\-credentials\-9a6bd33a\-9156\-42e8\-b352\-7b37dd5815f7\.config
2026-09-08T06:54:17.8608961Z [command]"C:\Program Files\Git\bin\git.exe" config --local --get-all includeif.gitdir:D:/a/-ai-software-engineering-os/-ai-software-engineering-os/.git/worktrees/*.path
2026-09-08T06:54:17.8865769Z D:\a\_temp\git-credentials-9a6bd33a-9156-42e8-b352-7b37dd5815f7.config
2026-09-08T06:54:17.8910288Z [command]"C:\Program Files\Git\bin\git.exe" config --local --unset includeif.gitdir:D:/a/-ai-software-engineering-os/-ai-software-engineering-os/.git/worktrees/*.path D\:\\a\\_temp\\git\-credentials\-9a6bd33a\-9156\-42e8\-b352\-7b37dd5815f7\.config
2026-09-08T06:54:17.9207851Z [command]"C:\Program Files\Git\bin\git.exe" config --local --get-all includeif.gitdir:/github/workspace/.git.path
2026-09-08T06:54:17.9456953Z /github/runner_temp/git-credentials-9a6bd33a-9156-42e8-b352-7b37dd5815f7.config
2026-09-08T06:54:17.9496510Z [command]"C:\Program Files\Git\bin\git.exe" config --local --unset includeif.gitdir:/github/workspace/.git.path \/github\/runner_temp\/git\-credentials\-9a6bd33a\-9156\-42e8\-b352\-7b37dd5815f7\.config
2026-09-08T06:54:17.9793421Z [command]"C:\Program Files\Git\bin\git.exe" config --local --get-all includeif.gitdir:/github/workspace/.git/worktrees/*.path
2026-09-08T06:54:18.0043835Z /github/runner_temp/git-credentials-9a6bd33a-9156-42e8-b352-7b37dd5815f7.config
2026-09-08T06:54:18.0087775Z [command]"C:\Program Files\Git\bin\git.exe" config --local --unset includeif.gitdir:/github/workspace/.git/worktrees/*.path \/github\/runner_temp\/git\-credentials\-9a6bd33a\-9156\-42e8\-b352\-7b37dd5815f7\.config
2026-09-08T06:54:18.0376784Z [command]"C:\Program Files\Git\bin\git.exe" submodule foreach --recursive "git config --local --show-origin --name-only --get-regexp remote.origin.url"
2026-09-08T06:54:18.5896008Z Removing credentials config 'D:\a\_temp\git-credentials-9a6bd33a-9156-42e8-b352-7b37dd5815f7.config'
2026-09-08T06:54:18.6110433Z Cleaning up orphan processes
